Archive member included to satisfy reference by file (symbol)

/opt/gcc_MINIRISC/bin/../lib/gcc/riscv32-MINIRISC-elf/12.2.0/libgcc.a(_clzsi2.o)
                              build/FreeRTOS/tasks.o (__clzsi2)
/opt/gcc_MINIRISC/bin/../lib/gcc/riscv32-MINIRISC-elf/12.2.0/libgcc.a(_udivdi3.o)
                              build/xprintf/xprintf.o (__udivdi3)
/opt/gcc_MINIRISC/bin/../lib/gcc/riscv32-MINIRISC-elf/12.2.0/libgcc.a(_umoddi3.o)
                              build/xprintf/xprintf.o (__umoddi3)
/opt/gcc_MINIRISC/bin/../lib/gcc/riscv32-MINIRISC-elf/12.2.0/libgcc.a(adddf3.o)
                              build/xprintf/xprintf.o (__adddf3)
/opt/gcc_MINIRISC/bin/../lib/gcc/riscv32-MINIRISC-elf/12.2.0/libgcc.a(divdf3.o)
                              build/xprintf/xprintf.o (__divdf3)
/opt/gcc_MINIRISC/bin/../lib/gcc/riscv32-MINIRISC-elf/12.2.0/libgcc.a(eqdf2.o)
                              build/xprintf/xprintf.o (__nedf2)
/opt/gcc_MINIRISC/bin/../lib/gcc/riscv32-MINIRISC-elf/12.2.0/libgcc.a(gedf2.o)
                              build/xprintf/xprintf.o (__gedf2)
/opt/gcc_MINIRISC/bin/../lib/gcc/riscv32-MINIRISC-elf/12.2.0/libgcc.a(ledf2.o)
                              build/xprintf/xprintf.o (__ledf2)
/opt/gcc_MINIRISC/bin/../lib/gcc/riscv32-MINIRISC-elf/12.2.0/libgcc.a(muldf3.o)
                              build/xprintf/xprintf.o (__muldf3)
/opt/gcc_MINIRISC/bin/../lib/gcc/riscv32-MINIRISC-elf/12.2.0/libgcc.a(subdf3.o)
                              build/xprintf/xprintf.o (__subdf3)
/opt/gcc_MINIRISC/bin/../lib/gcc/riscv32-MINIRISC-elf/12.2.0/libgcc.a(unorddf2.o)
                              build/xprintf/xprintf.o (__unorddf2)
/opt/gcc_MINIRISC/bin/../lib/gcc/riscv32-MINIRISC-elf/12.2.0/libgcc.a(fixdfsi.o)
                              build/xprintf/xprintf.o (__fixdfsi)
/opt/gcc_MINIRISC/bin/../lib/gcc/riscv32-MINIRISC-elf/12.2.0/libgcc.a(floatsidf.o)
                              build/xprintf/xprintf.o (__floatsidf)
/opt/gcc_MINIRISC/bin/../lib/gcc/riscv32-MINIRISC-elf/12.2.0/libgcc.a(_clz.o)
                              /opt/gcc_MINIRISC/bin/../lib/gcc/riscv32-MINIRISC-elf/12.2.0/libgcc.a(_clzsi2.o) (__clz_tab)
/opt/gcc_MINIRISC/bin/../lib/gcc/riscv32-MINIRISC-elf/12.2.0/../../../../riscv32-MINIRISC-elf/lib/libc.a(libc_a-atexit.o)
                              /opt/gcc_MINIRISC/bin/../lib/gcc/riscv32-MINIRISC-elf/12.2.0/../../../../riscv32-MINIRISC-elf/lib/crt0.o (atexit)
/opt/gcc_MINIRISC/bin/../lib/gcc/riscv32-MINIRISC-elf/12.2.0/../../../../riscv32-MINIRISC-elf/lib/libc.a(libc_a-exit.o)
                              /opt/gcc_MINIRISC/bin/../lib/gcc/riscv32-MINIRISC-elf/12.2.0/../../../../riscv32-MINIRISC-elf/lib/crt0.o (exit)
/opt/gcc_MINIRISC/bin/../lib/gcc/riscv32-MINIRISC-elf/12.2.0/../../../../riscv32-MINIRISC-elf/lib/libc.a(libc_a-malloc.o)
                              build/FreeRTOS/portable/MemMang/heap_3_nosuspend.o (malloc)
/opt/gcc_MINIRISC/bin/../lib/gcc/riscv32-MINIRISC-elf/12.2.0/../../../../riscv32-MINIRISC-elf/lib/libc.a(libc_a-mallocr.o)
                              /opt/gcc_MINIRISC/bin/../lib/gcc/riscv32-MINIRISC-elf/12.2.0/../../../../riscv32-MINIRISC-elf/lib/libc.a(libc_a-malloc.o) (_malloc_r)
/opt/gcc_MINIRISC/bin/../lib/gcc/riscv32-MINIRISC-elf/12.2.0/../../../../riscv32-MINIRISC-elf/lib/libc.a(libc_a-rand.o)
                              build/dinoGame.o (srand)
/opt/gcc_MINIRISC/bin/../lib/gcc/riscv32-MINIRISC-elf/12.2.0/../../../../riscv32-MINIRISC-elf/lib/libc.a(libc_a-findfp.o)
                              build/FreeRTOS/tasks.o (__sf)
/opt/gcc_MINIRISC/bin/../lib/gcc/riscv32-MINIRISC-elf/12.2.0/../../../../riscv32-MINIRISC-elf/lib/libc.a(libc_a-fwalk.o)
                              /opt/gcc_MINIRISC/bin/../lib/gcc/riscv32-MINIRISC-elf/12.2.0/../../../../riscv32-MINIRISC-elf/lib/libc.a(libc_a-findfp.o) (_fwalk_sglue)
/opt/gcc_MINIRISC/bin/../lib/gcc/riscv32-MINIRISC-elf/12.2.0/../../../../riscv32-MINIRISC-elf/lib/libc.a(libc_a-sprintf.o)
                              build/FreeRTOS/tasks.o (sprintf)
/opt/gcc_MINIRISC/bin/../lib/gcc/riscv32-MINIRISC-elf/12.2.0/../../../../riscv32-MINIRISC-elf/lib/libc.a(libc_a-stdio.o)
                              /opt/gcc_MINIRISC/bin/../lib/gcc/riscv32-MINIRISC-elf/12.2.0/../../../../riscv32-MINIRISC-elf/lib/libc.a(libc_a-findfp.o) (__sread)
/opt/gcc_MINIRISC/bin/../lib/gcc/riscv32-MINIRISC-elf/12.2.0/../../../../riscv32-MINIRISC-elf/lib/libc.a(libc_a-time.o)
                              build/dinoGame.o (time)
/opt/gcc_MINIRISC/bin/../lib/gcc/riscv32-MINIRISC-elf/12.2.0/../../../../riscv32-MINIRISC-elf/lib/libc.a(libc_a-closer.o)
                              /opt/gcc_MINIRISC/bin/../lib/gcc/riscv32-MINIRISC-elf/12.2.0/../../../../riscv32-MINIRISC-elf/lib/libc.a(libc_a-stdio.o) (_close_r)
/opt/gcc_MINIRISC/bin/../lib/gcc/riscv32-MINIRISC-elf/12.2.0/../../../../riscv32-MINIRISC-elf/lib/libc.a(libc_a-reent.o)
                              build/FreeRTOS/tasks.o (_reclaim_reent)
[...]
Memory Configuration

Name             Origin             Length             Attributes
RAM              0x0000000080000000 0x0000000002000000 xrw
ERAM             0x0000000020000000 0x0000000002000000 xrw
*default*        0x0000000000000000 0xffffffffffffffff

Linker script and memory map

LOAD /opt/gcc_MINIRISC/bin/../lib/gcc/riscv32-MINIRISC-elf/12.2.0/../../../../riscv32-MINIRISC-elf/lib/crt0.o
LOAD /opt/gcc_MINIRISC/bin/../lib/gcc/riscv32-MINIRISC-elf/12.2.0/crtbegin.o
LOAD build/minirisc/minirisc.o
LOAD build/xprintf/xprintf.o
LOAD build/FreeRTOS/tasks.o
LOAD build/FreeRTOS/timers.o
LOAD build/FreeRTOS/list.o
LOAD build/FreeRTOS/queue.o
LOAD build/FreeRTOS/croutine.o
LOAD build/FreeRTOS/stream_buffer.o
LOAD build/FreeRTOS/event_groups.o
LOAD build/FreeRTOS/portable/MemMang/heap_3_nosuspend.o
LOAD build/FreeRTOS/portable/GCC/Mini-RISC/port.o
LOAD build/support/syscalls.o
LOAD build/support/freertos_support.o
LOAD build/support/uart.o
LOAD build/Cactus1.o
LOAD build/dinoGame.o
LOAD build/dinoSpriteCrouched1.o
LOAD build/dinoSpriteCrouched2.o
LOAD build/dinoSpriteDead.o
LOAD build/dinoSpriteMoving1.o
LOAD build/dinoSpriteMoving2.o
LOAD build/dinoSpriteStatic.o
LOAD build/font.o
LOAD build/Ptero1.o
LOAD build/Ptero2.o
LOAD build/sprite.o
LOAD build/minirisc/minirisc_init.o
LOAD build/FreeRTOS/portable/GCC/Mini-RISC/portASM.o
                [!provide]                        PROVIDE (__executable_start = SEGMENT_START ("text-segment", 0x10000))
                0x0000000000010074                . = (SEGMENT_START ("text-segment", 0x10000) + SIZEOF_HEADERS)

.interp
 *(.interp)

.note.gnu.build-id
 *(.note.gnu.build-id)

.hash
 *(.hash)

.gnu.hash
 *(.gnu.hash)

.dynsym
 *(.dynsym)

.dynstr
 *(.dynstr)

.gnu.version
 *(.gnu.version)

.gnu.version_d
 *(.gnu.version_d)

.gnu.version_r
 *(.gnu.version_r)

.rela.dyn       0x0000000080000000        0x0
 *(.rela.init)
 *(.rela.text .rela.text.* .rela.gnu.linkonce.t.*)
 .rela.text     0x0000000080000000        0x0 /opt/gcc_MINIRISC/bin/../lib/gcc/riscv32-MINIRISC-elf/12.2.0/../../../../riscv32-MINIRISC-elf/lib/crt0.o
 .rela.text.__libc_init_array
                0x0000000080000000        0x0 /opt/gcc_MINIRISC/bin/../lib/gcc/riscv32-MINIRISC-elf/12.2.0/../../../../riscv32-MINIRISC-elf/lib/crt0.o
 .rela.text.__libc_fini_array
                0x0000000080000000        0x0 /opt/gcc_MINIRISC/bin/../lib/gcc/riscv32-MINIRISC-elf/12.2.0/../../../../riscv32-MINIRISC-elf/lib/crt0.o
 .rela.text.startup.register_fini
                0x0000000080000000        0x0 /opt/gcc_MINIRISC/bin/../lib/gcc/riscv32-MINIRISC-elf/12.2.0/../../../../riscv32-MINIRISC-elf/lib/crt0.o
 *(.rela.fini)
 *(.rela.rodata .rela.rodata.* .rela.gnu.linkonce.r.*)
 *(.rela.data .rela.data.* .rela.gnu.linkonce.d.*)
 *(.rela.tdata .rela.tdata.* .rela.gnu.linkonce.td.*)
 *(.rela.tbss .rela.tbss.* .rela.gnu.linkonce.tb.*)
 *(.rela.ctors)
 *(.rela.dtors)
 *(.rela.got)
 *(.rela.sdata .rela.sdata.* .rela.gnu.linkonce.s.*)
 *(.rela.sbss .rela.sbss.* .rela.gnu.linkonce.sb.*)
 *(.rela.sdata2 .rela.sdata2.* .rela.gnu.linkonce.s2.*)
 *(.rela.sbss2 .rela.sbss2.* .rela.gnu.linkonce.sb2.*)
 *(.rela.bss .rela.bss.* .rela.gnu.linkonce.b.*)
 *(.rela.ifunc)
 .rela.srodata  0x0000000080000000        0x0 /opt/gcc_MINIRISC/bin/../lib/gcc/riscv32-MINIRISC-elf/12.2.0/../../../../riscv32-MINIRISC-elf/lib/crt0.o
 .rela.minirisc_init
                0x0000000080000000        0x0 /opt/gcc_MINIRISC/bin/../lib/gcc/riscv32-MINIRISC-elf/12.2.0/../../../../riscv32-MINIRISC-elf/lib/crt0.o

.rela.plt       0x0000000000010074        0x0
 *(.rela.plt)
                [!provide]                        PROVIDE (__rela_iplt_start = .)
 *(.rela.iplt)
                [!provide]                        PROVIDE (__rela_iplt_end = .)

.eram
 *(.eram)
 *(.eram.*)
                0x0000000081fffff0                PROVIDE (__stack_top = ((ORIGIN (RAM) + LENGTH (RAM)) - 0x10))
                0x0000000081fffff0                PROVIDE (__freertos_irq_stack_top = __stack_top)

.minirisc_init  0x0000000080000000       0x2c
                0x0000000080000000                . = ALIGN (0x4)
 *(.minirisc_init)
 .minirisc_init
                0x0000000080000000       0x2c build/minirisc/minirisc_init.o
                0x0000000080000000                _minirisc_init
                0x000000008000002c                . = ALIGN (0x4)

.init
 *(SORT_NONE(.init))

.plt
 *(.plt)
 *(.iplt)

.minirisc_irq_handlers
                0x0000000080000030      0xcd4
                0x0000000080000030                . = ALIGN (0x4)
 *(.minirisc_irq_handlers)
 .minirisc_irq_handlers
                0x0000000080000030      0x6f8 build/minirisc/minirisc.o
                0x0000000080000030                environment_call_exception_handler
                0x00000000800000cc                environment_break_exception_handler
                0x0000000080000168                default_exception_handler
                0x0000000080000210                instruction_address_misaligned_exception_handler
                0x00000000800002b4                instruction_access_fault_exception_handler
                0x0000000080000354                illegal_instruction_exception_handler
                0x00000000800003f8                load_address_misaligned_exception_handler
                0x000000008000049c                store_address_misaligned_exception_handler
                0x0000000080000540                load_access_fault_exception_handler
                0x00000000800005e4                store_access_fault_exception_handler
                0x0000000080000688                default_interrupt_handler
                0x0000000080000688                mouse_interrupt_handler
                0x0000000080000688                nic_rx_interrupt_handler
                0x0000000080000688                blkdev_interrupt_handler
                0x0000000080000688                audio_interrupt_handler
                0x0000000080000688                nic_tx_interrupt_handler
 .minirisc_irq_handlers
                0x0000000080000728       0xa4 build/FreeRTOS/portable/GCC/Mini-RISC/port.o
                0x0000000080000728                timer_interrupt_handler
 .minirisc_irq_handlers
                0x00000000800007cc      0x190 build/support/uart.o
                0x00000000800007cc                uart_rx_interrupt_handler
                0x00000000800008a0                uart_tx_interrupt_handler
 .minirisc_irq_handlers
                0x000000008000095c      0x1f0 build/dinoGame.o
                0x000000008000095c                keyboard_interrupt_handler
                0x0000000080000a98                video_interrupt_handler
 *fill*         0x0000000080000b4c        0x4 
 .minirisc_irq_handlers
                0x0000000080000b50       0x80 build/minirisc/minirisc_init.o
 .minirisc_irq_handlers
                0x0000000080000bd0      0x134 build/FreeRTOS/portable/GCC/Mini-RISC/portASM.o
                0x0000000080000bd0                swi_interrupt_handler
                0x0000000080000d04                . = ALIGN (0x4)

.text           0x0000000080000d04    0x25cdc
 *(.text.unlikely .text.*_unlikely .text.unlikely.*)
 *(.text.exit .text.exit.*)
 .text.exit     0x0000000080000d04       0x2c /opt/gcc_MINIRISC/bin/../lib/gcc/riscv32-MINIRISC-elf/12.2.0/../../../../riscv32-MINIRISC-elf/lib/libc.a(libc_a-exit.o)
                0x0000000080000d04                exit
 *(.text.startup .text.startup.*)
 .text.startup.register_fini
                0x0000000080000d30       0x18 /opt/gcc_MINIRISC/bin/../lib/gcc/riscv32-MINIRISC-elf/12.2.0/../../../../riscv32-MINIRISC-elf/lib/libc.a(libc_a-__call_atexit.o)
 *(.text.hot .text.hot.*)
 *(SORT_BY_NAME(.text.sorted.*))
 *(.text .stub .text.* .gnu.linkonce.t.*)
 .text          0x0000000080000d48       0x44 /opt/gcc_MINIRISC/bin/../lib/gcc/riscv32-MINIRISC-elf/12.2.0/../../../../riscv32-MINIRISC-elf/lib/crt0.o
                0x0000000080000d48                _start
 .text          0x0000000080000d8c       0x68 /opt/gcc_MINIRISC/bin/../lib/gcc/riscv32-MINIRISC-elf/12.2.0/crtbegin.o
 .text          0x0000000080000df4       0x70 build/minirisc/minirisc.o
                0x0000000080000df4                minirisc_halt
                0x0000000080000e08                minirisc_enable_global_interrupts
                0x0000000080000e10                minirisc_disable_global_interrupts
                0x0000000080000e18                minirisc_wait_for_interrupt
                0x0000000080000e20                minirisc_enable_interrupt
                0x0000000080000e28                minirisc_disable_interrupt
                0x0000000080000e30                minirisc_get_pending_interrupts
                0x0000000080000e38                minirisc_raise_software_interrupt
                0x0000000080000e44                minirisc_clear_software_interrupt
                0x0000000080000e50                minirisc_nb_instruction_retired
 .text          0x0000000080000e64      0xd30 build/xprintf/xprintf.o
                0x0000000080001430                xfputc
                0x0000000080001470                xputc
                0x0000000080001a58                xfputs
                0x0000000080001a9c                xputs
                0x0000000080001ac0                xprintf
                0x0000000080001b08                xfprintf
                0x0000000080001b40                xsprintf
 .text          0x0000000080001b94     0x31e0 build/FreeRTOS/tasks.o
                0x0000000080002288                xTaskCreateStatic
                0x0000000080002370                xTaskCreate
                0x0000000080002454                vTaskDelete
                0x0000000080002584                eTaskGetState
                0x0000000080002654                uxTaskPriorityGet
                0x0000000080002684                uxTaskPriorityGetFromISR
                0x0000000080002698                vTaskPrioritySet
                0x0000000080002850                vTaskResume
                0x0000000080002954                xTaskResumeFromISR
                0x0000000080002a64                vTaskStartScheduler
                0x0000000080002b14                vTaskEndScheduler
                0x0000000080002b34                vTaskSuspendAll
                0x0000000080002b44                xTaskGetTickCount
                0x0000000080002b4c                xTaskGetTickCountFromISR
                0x0000000080002b54                uxTaskGetNumberOfTasks
                0x0000000080002b5c                pcTaskGetName
                0x0000000080002b78                xTaskIncrementTick
                0x0000000080002d8c                xTaskResumeAll
                0x0000000080002f94                xTaskDelayUntil
                0x0000000080003060                vTaskDelay
                0x00000000800030c0                xTaskCatchUpTicks
                0x0000000080003120                vTaskSwitchContext
                0x00000000800032a0                vTaskSuspend
                0x0000000080003408                vTaskPlaceOnEventList
                0x000000008000344c                vTaskPlaceOnUnorderedEventList
                0x00000000800034e0                vTaskPlaceOnEventListRestricted
                0x000000008000355c                xTaskRemoveFromEventList
                0x00000000800036c8                vTaskRemoveFromUnorderedEventList
                0x0000000080003800                vTaskSetTimeOutState
                0x0000000080003844                vTaskInternalSetTimeOutState
                0x0000000080003858                xTaskCheckForTimeOut
                0x0000000080003920                vTaskMissedYield
                0x000000008000392c                uxTaskGetTaskNumber
                0x0000000080003940                vTaskSetTaskNumber
                0x000000008000394c                vTaskGetInfo
                0x0000000080003b24                uxTaskGetSystemState
                0x0000000080003c58                vTaskGetStackPointer
                0x0000000080003ca0                vTaskColorFreeStack
                0x0000000080003d30                uxTaskGetStackHighWaterMark
                0x0000000080003d58                xTaskGetCurrentTaskHandle
                0x0000000080003d60                xTaskGetSchedulerState
                0x0000000080003d88                xTaskPriorityInherit
                0x0000000080003ee8                xTaskPriorityDisinherit
                0x0000000080004018                vTaskPriorityDisinheritAfterTimeout
                0x0000000080004160                vTaskList
                0x000000008000428c                vTaskGetRunTimeStats
                0x0000000080004470                uxTaskResetEventItemValue
                0x0000000080004494                pvTaskIncrementMutexHeldCount
                0x00000000800044b4                ulTaskGenericNotifyTake
                0x00000000800045c8                xTaskGenericNotifyWait
                0x0000000080004724                xTaskGenericNotify
                0x0000000080004924                xTaskGenericNotifyFromISR
                0x0000000080004b4c                vTaskGenericNotifyGiveFromISR
                0x0000000080004cc8                xTaskGenericNotifyStateClear
                0x0000000080004d28                ulTaskGenericNotifyValueClear
 .text          0x0000000080004d74      0x94c build/FreeRTOS/timers.o
                0x0000000080005314                xTimerCreateTimerTask
                0x0000000080005388                xTimerCreate
                0x0000000080005414                xTimerCreateStatic
                0x0000000080005470                xTimerGenericCommand
                0x0000000080005514                xTimerGetTimerDaemonTaskHandle
                0x0000000080005528                xTimerGetPeriod
                0x000000008000553c                vTimerSetReloadMode
                0x0000000080005588                xTimerGetReloadMode
                0x00000000800055cc                uxTimerGetReloadMode
                0x00000000800055e4                xTimerGetExpiryTime
                0x00000000800055f8                pcTimerGetName
                0x000000008000560c                xTimerIsTimerActive
                0x0000000080005650                pvTimerGetTimerID
                0x0000000080005680                vTimerSetTimerID
                0x00000000800056b0                uxTimerGetTimerNumber
                0x00000000800056b8                vTimerSetTimerNumber
 .text          0x00000000800056c0       0xe8 build/FreeRTOS/list.o
                0x00000000800056c0                vListInitialise
                0x00000000800056e0                vListInitialiseItem
                0x00000000800056e8                vListInsertEnd
                0x0000000080005714                vListInsert
                0x0000000080005764                uxListRemove
 .text          0x00000000800057a8     0x1938 build/FreeRTOS/queue.o
                0x0000000080005b60                xQueueGenericReset
                0x0000000080005cac                xQueueGenericCreateStatic
                0x0000000080005d24                xQueueGenericCreate
                0x0000000080005dcc                xQueueCreateCountingSemaphoreStatic
                0x0000000080005e20                xQueueCreateCountingSemaphore
                0x0000000080005e6c                xQueueGenericSend
                0x00000000800060f0                xQueueCreateMutex
                0x0000000080006128                xQueueCreateMutexStatic
                0x0000000080006168                xQueueGiveMutexRecursive
                0x00000000800061e0                xQueueGenericSendFromISR
                0x0000000080006364                xQueueGiveFromISR
                0x00000000800064a8                xQueueReceive
                0x00000000800066a0                xQueueSemaphoreTake
                0x0000000080006920                xQueueTakeMutexRecursive
                0x000000008000699c                xQueuePeek
                0x0000000080006b8c                xQueueReceiveFromISR
                0x0000000080006c90                xQueuePeekFromISR
                0x0000000080006d0c                uxQueueMessagesWaiting
                0x0000000080006d3c                uxQueueSpacesAvailable
                0x0000000080006d74                uxQueueMessagesWaitingFromISR
                0x0000000080006d88                uxQueueGetQueueNumber
                0x0000000080006d90                vQueueSetQueueNumber
                0x0000000080006d98                ucQueueGetQueueType
                0x0000000080006da0                xQueueIsQueueEmptyFromISR
                0x0000000080006dc4                xQueueIsQueueFullFromISR
                0x0000000080006dec                vQueueAddToRegistry
                0x0000000080006e6c                pcQueueGetName
                0x0000000080006eb8                vQueueUnregisterQueue
                0x0000000080006f04                vQueueDelete
                0x0000000080006f48                vQueueWaitForMessageRestricted
                0x0000000080006fd8                xQueueCreateSet
                0x0000000080006ff8                xQueueAddToSet
                0x0000000080007040                xQueueRemoveFromSet
                0x0000000080007090                xQueueSelectFromSet
                0x00000000800070b8                xQueueSelectFromSetFromISR
 .text          0x00000000800070e0        0x0 build/FreeRTOS/croutine.o
 .text          0x00000000800070e0      0xd20 build/FreeRTOS/stream_buffer.o
                0x0000000080007448                xStreamBufferGenericCreate
                0x0000000080007520                xStreamBufferGenericCreateStatic
                0x00000000800075cc                vStreamBufferDelete
                0x000000008000760c                xStreamBufferReset
                0x00000000800076a8                xStreamBufferSetTriggerLevel
                0x00000000800076d8                xStreamBufferSpacesAvailable
                0x0000000080007714                xStreamBufferBytesAvailable
                0x0000000080007738                xStreamBufferSend
                0x0000000080007904                xStreamBufferSendFromISR
                0x00000000800079e8                xStreamBufferReceive
                0x0000000080007b60                xStreamBufferNextMessageLengthBytes
                0x0000000080007bd0                xStreamBufferReceiveFromISR
                0x0000000080007ca8                xStreamBufferIsEmpty
                0x0000000080007cd0                xStreamBufferIsFull
                0x0000000080007d24                xStreamBufferSendCompletedFromISR
                0x0000000080007d84                xStreamBufferReceiveCompletedFromISR
                0x0000000080007de4                uxStreamBufferGetStreamBufferNumber
                0x0000000080007dec                vStreamBufferSetStreamBufferNumber
                0x0000000080007df4                ucStreamBufferGetStreamBufferType
 .text          0x0000000080007e00      0x5bc build/FreeRTOS/event_groups.o
                0x0000000080007e34                xEventGroupCreateStatic
                0x0000000080007e90                xEventGroupCreate
                0x0000000080007ed0                xEventGroupWaitBits
                0x0000000080008058                xEventGroupClearBits
                0x00000000800080b0                xEventGroupGetBitsFromISR
                0x00000000800080b8                xEventGroupSetBits
                0x00000000800081b0                xEventGroupSync
                0x0000000080008300                vEventGroupDelete
                0x0000000080008370                vEventGroupSetBitsCallback
                0x0000000080008388                vEventGroupClearBitsCallback
                0x00000000800083a0                uxEventGroupGetNumber
                0x00000000800083b4                vEventGroupSetNumber
 .text          0x00000000800083bc       0xd0 build/FreeRTOS/portable/MemMang/heap_3_nosuspend.o
                0x00000000800083bc                pvPortMalloc
                0x00000000800083f0                vPortFree
                0x0000000080008410                init_malloc_mutex
                0x0000000080008434                __malloc_lock
                0x0000000080008470                __malloc_unlock
 .text          0x000000008000848c      0x100 build/FreeRTOS/portable/GCC/Mini-RISC/port.o
                0x00000000800084f8                vPortSetupTimerInterrupt
                0x0000000080008534                xPortStartScheduler
                0x000000008000856c                vPortEndScheduler
                0x0000000080008570                pxPortInitialiseStack
 .text          0x000000008000858c      0x2d0 build/support/syscalls.o
                0x000000008000858c                _exit
                0x00000000800085a0                _sbrk
                0x00000000800085fc                _write
                0x000000008000863c                _read
                0x0000000080008674                _gettimeofday
                0x0000000080008698                _open
                0x00000000800086bc                _close
                0x00000000800086f0                _isatty
                0x0000000080008724                _fstat
                0x00000000800087cc                _stat
                0x00000000800087f0                _lseek
                0x0000000080008814                _unlink
                0x0000000080008838                _link
 .text          0x000000008000885c       0xf8 build/support/freertos_support.o
                0x000000008000885c                vApplicationGetIdleTaskMemory
                0x0000000080008878                vApplicationGetTimerTaskMemory
                0x0000000080008898                configure_timer_for_run_time_stats
                0x000000008000889c                get_run_time_counter_value
                0x00000000800088ac                vApplicationStackOverflowHook
                0x00000000800088e4                vApplicationMallocFailedHook
                0x000000008000890c                vApplicationIdleHook
                0x0000000080008924                usleep
 .text          0x0000000080008954      0x224 build/support/uart.o
                0x00000000800089ec                uart_read
                0x0000000080008a80                uart_write
                0x0000000080008b1c                init_uart
 .text          0x0000000080008b78        0x0 build/Cactus1.o
 .text          0x0000000080008b78      0x840 build/dinoGame.o
                0x0000000080008b78                init_video
                0x0000000080008bcc                init_variables
                0x0000000080008cac                update_game
                0x0000000080008d50                spawn_obstacles
                0x0000000080008e50                move_obstacles
                0x0000000080008f7c                check_collision
                0x0000000080008fc4                game_over
                0x0000000080008fe8                check_collisions
                0x000000008000911c                printScreen
                0x0000000080009348                main
 .text          0x00000000800093b8        0x0 build/dinoSpriteCrouched1.o
 .text          0x00000000800093b8        0x0 build/dinoSpriteCrouched2.o
 .text          0x00000000800093b8        0x0 build/dinoSpriteDead.o
 .text          0x00000000800093b8        0x0 build/dinoSpriteMoving1.o
 .text          0x00000000800093b8        0x0 build/dinoSpriteMoving2.o
 .text          0x00000000800093b8        0x0 build/dinoSpriteStatic.o
 .text          0x00000000800093b8      0x95c build/font.o
                0x000000008000944c                font_8x16_draw_char
                0x00000000800097bc                font_8x16_draw_text
                0x0000000080009878                font_16x32_draw_char
                0x0000000080009c58                font_16x32_draw_text
 .text          0x0000000080009d14        0x0 build/Ptero1.o
 .text          0x0000000080009d14        0x0 build/Ptero2.o
 .text          0x0000000080009d14      0x534 build/sprite.o
                0x0000000080009efc                fill_rectangle
                0x0000000080009f80                draw_sprite
                0x000000008000a18c                draw_line
 .text          0x000000008000a248        0x0 build/minirisc/minirisc_init.o
 .text          0x000000008000a248       0x9c build/FreeRTOS/portable/GCC/Mini-RISC/portASM.o
                0x000000008000a248                xPortStartFirstTask
 .text          0x000000008000a2e4       0x88 /opt/gcc_MINIRISC/bin/../lib/gcc/riscv32-MINIRISC-elf/12.2.0/libgcc.a(_clzsi2.o)
                0x000000008000a2e4                __clzsi2
 .text          0x000000008000a36c      0x4b8 /opt/gcc_MINIRISC/bin/../lib/gcc/riscv32-MINIRISC-elf/12.2.0/libgcc.a(_udivdi3.o)
                0x000000008000a36c                __udivdi3
 .text          0x000000008000a824      0x478 /opt/gcc_MINIRISC/bin/../lib/gcc/riscv32-MINIRISC-elf/12.2.0/libgcc.a(_umoddi3.o)
                0x000000008000a824                __umoddi3
 .text          0x000000008000ac9c      0x8c8 /opt/gcc_MINIRISC/bin/../lib/gcc/riscv32-MINIRISC-elf/12.2.0/libgcc.a(adddf3.o)
                0x000000008000ac9c                __adddf3
 .text          0x000000008000b564      0x784 /opt/gcc_MINIRISC/bin/../lib/gcc/riscv32-MINIRISC-elf/12.2.0/libgcc.a(divdf3.o)
                0x000000008000b564                __divdf3
 .text          0x000000008000bce8       0x8c /opt/gcc_MINIRISC/bin/../lib/gcc/riscv32-MINIRISC-elf/12.2.0/libgcc.a(eqdf2.o)
                0x000000008000bce8                __eqdf2
                0x000000008000bce8                __nedf2
 .text          0x000000008000bd74      0x104 /opt/gcc_MINIRISC/bin/../lib/gcc/riscv32-MINIRISC-elf/12.2.0/libgcc.a(gedf2.o)
                0x000000008000bd74                __gtdf2
                0x000000008000bd74                __gedf2
 .text          0x000000008000be78      0x100 /opt/gcc_MINIRISC/bin/../lib/gcc/riscv32-MINIRISC-elf/12.2.0/libgcc.a(ledf2.o)
                0x000000008000be78                __ltdf2
                0x000000008000be78                __ledf2
 .text          0x000000008000bf78      0x724 /opt/gcc_MINIRISC/bin/../lib/gcc/riscv32-MINIRISC-elf/12.2.0/libgcc.a(muldf3.o)
                0x000000008000bf78                __muldf3
 .text          0x000000008000c69c      0x914 /opt/gcc_MINIRISC/bin/../lib/gcc/riscv32-MINIRISC-elf/12.2.0/libgcc.a(subdf3.o)
                0x000000008000c69c                __subdf3
 .text          0x000000008000cfb0       0x54 /opt/gcc_MINIRISC/bin/../lib/gcc/riscv32-MINIRISC-elf/12.2.0/libgcc.a(unorddf2.o)
                0x000000008000cfb0                __unorddf2
 .text          0x000000008000d004       0x84 /opt/gcc_MINIRISC/bin/../lib/gcc/riscv32-MINIRISC-elf/12.2.0/libgcc.a(fixdfsi.o)
                0x000000008000d004                __fixdfsi
 .text          0x000000008000d088       0xb8 /opt/gcc_MINIRISC/bin/../lib/gcc/riscv32-MINIRISC-elf/12.2.0/libgcc.a(floatsidf.o)
                0x000000008000d088                __floatsidf
 .text          0x000000008000d140        0x0 /opt/gcc_MINIRISC/bin/../lib/gcc/riscv32-MINIRISC-elf/12.2.0/libgcc.a(_clz.o)
 .text          0x000000008000d140        0x0 /opt/gcc_MINIRISC/bin/../lib/gcc/riscv32-MINIRISC-elf/12.2.0/../../../../riscv32-MINIRISC-elf/lib/libc.a(libc_a-atexit.o)
 .text.atexit   0x000000008000d140       0x14 /opt/gcc_MINIRISC/bin/../lib/gcc/riscv32-MINIRISC-elf/12.2.0/../../../../riscv32-MINIRISC-elf/lib/libc.a(libc_a-atexit.o)
                0x000000008000d140                atexit
 .text          0x000000008000d154        0x0 /opt/gcc_MINIRISC/bin/../lib/gcc/riscv32-MINIRISC-elf/12.2.0/../../../../riscv32-MINIRISC-elf/lib/libc.a(libc_a-exit.o)
 .text          0x000000008000d154        0x0 /opt/gcc_MINIRISC/bin/../lib/gcc/riscv32-MINIRISC-elf/12.2.0/../../../../riscv32-MINIRISC-elf/lib/libc.a(libc_a-malloc.o)
 .text.malloc   0x000000008000d154        0xc /opt/gcc_MINIRISC/bin/../lib/gcc/riscv32-MINIRISC-elf/12.2.0/../../../../riscv32-MINIRISC-elf/lib/libc.a(libc_a-malloc.o)
                0x000000008000d154                malloc
 .text.free     0x000000008000d160        0xc /opt/gcc_MINIRISC/bin/../lib/gcc/riscv32-MINIRISC-elf/12.2.0/../../../../riscv32-MINIRISC-elf/lib/libc.a(libc_a-malloc.o)
                0x000000008000d160                free
 .text          0x000000008000d16c        0x0 /opt/gcc_MINIRISC/bin/../lib/gcc/riscv32-MINIRISC-elf/12.2.0/../../../../riscv32-MINIRISC-elf/lib/libc.a(libc_a-mallocr.o)
 .text._malloc_r
                0x000000008000d16c      0x794 /opt/gcc_MINIRISC/bin/../lib/gcc/riscv32-MINIRISC-elf/12.2.0/../../../../riscv32-MINIRISC-elf/lib/libc.a(libc_a-mallocr.o)
                0x000000008000d16c                _malloc_r
 .text          0x000000008000d900        0x0 /opt/gcc_MINIRISC/bin/../lib/gcc/riscv32-MINIRISC-elf/12.2.0/../../../../riscv32-MINIRISC-elf/lib/libc.a(libc_a-rand.o)
 .text.srand    0x000000008000d900       0x10 /opt/gcc_MINIRISC/bin/../lib/gcc/riscv32-MINIRISC-elf/12.2.0/../../../../riscv32-MINIRISC-elf/lib/libc.a(libc_a-rand.o)
                0x000000008000d900                srand
 .text.rand     0x000000008000d910       0x54 /opt/gcc_MINIRISC/bin/../lib/gcc/riscv32-MINIRISC-elf/12.2.0/../../../../riscv32-MINIRISC-elf/lib/libc.a(libc_a-rand.o)
                0x000000008000d910                rand
 .text          0x000000008000d964        0x0 /opt/gcc_MINIRISC/bin/../lib/gcc/riscv32-MINIRISC-elf/12.2.0/../../../../riscv32-MINIRISC-elf/lib/libc.a(libc_a-findfp.o)
 .text.__fp_lock
                0x000000008000d964        0x8 /opt/gcc_MINIRISC/bin/../lib/gcc/riscv32-MINIRISC-elf/12.2.0/../../../../riscv32-MINIRISC-elf/lib/libc.a(libc_a-findfp.o)
 .text.stdio_exit_handler
                0x000000008000d96c       0x1c /opt/gcc_MINIRISC/bin/../lib/gcc/riscv32-MINIRISC-elf/12.2.0/../../../../riscv32-MINIRISC-elf/lib/libc.a(libc_a-findfp.o)
 .text.cleanup_stdio
                0x000000008000d988       0x70 /opt/gcc_MINIRISC/bin/../lib/gcc/riscv32-MINIRISC-elf/12.2.0/../../../../riscv32-MINIRISC-elf/lib/libc.a(libc_a-findfp.o)
 .text.__fp_unlock
                0x000000008000d9f8        0x8 /opt/gcc_MINIRISC/bin/../lib/gcc/riscv32-MINIRISC-elf/12.2.0/../../../../riscv32-MINIRISC-elf/lib/libc.a(libc_a-findfp.o)
 .text.global_stdio_init.part.0
                0x000000008000da00      0x16c /opt/gcc_MINIRISC/bin/../lib/gcc/riscv32-MINIRISC-elf/12.2.0/../../../../riscv32-MINIRISC-elf/lib/libc.a(libc_a-findfp.o)
 .text.__sfp    0x000000008000db6c      0x128 /opt/gcc_MINIRISC/bin/../lib/gcc/riscv32-MINIRISC-elf/12.2.0/../../../../riscv32-MINIRISC-elf/lib/libc.a(libc_a-findfp.o)
                0x000000008000db6c                __sfp
 .text.__sinit  0x000000008000dc94       0x24 /opt/gcc_MINIRISC/bin/../lib/gcc/riscv32-MINIRISC-elf/12.2.0/../../../../riscv32-MINIRISC-elf/lib/libc.a(libc_a-findfp.o)
                0x000000008000dc94                __sinit
 .text.__sfp_lock_acquire
                0x000000008000dcb8        0x4 /opt/gcc_MINIRISC/bin/../lib/gcc/riscv32-MINIRISC-elf/12.2.0/../../../../riscv32-MINIRISC-elf/lib/libc.a(libc_a-findfp.o)
                0x000000008000dcb8                __sfp_lock_acquire
 .text.__sfp_lock_release
                0x000000008000dcbc        0x4 /opt/gcc_MINIRISC/bin/../lib/gcc/riscv32-MINIRISC-elf/12.2.0/../../../../riscv32-MINIRISC-elf/lib/libc.a(libc_a-findfp.o)
                0x000000008000dcbc                __sfp_lock_release
 .text.__fp_lock_all
                0x000000008000dcc0       0x18 /opt/gcc_MINIRISC/bin/../lib/gcc/riscv32-MINIRISC-elf/12.2.0/../../../../riscv32-MINIRISC-elf/lib/libc.a(libc_a-findfp.o)
                0x000000008000dcc0                __fp_lock_all
 .text.__fp_unlock_all
                0x000000008000dcd8       0x18 /opt/gcc_MINIRISC/bin/../lib/gcc/riscv32-MINIRISC-elf/12.2.0/../../../../riscv32-MINIRISC-elf/lib/libc.a(libc_a-findfp.o)
                0x000000008000dcd8                __fp_unlock_all
 .text          0x000000008000dcf0        0x0 /opt/gcc_MINIRISC/bin/../lib/gcc/riscv32-MINIRISC-elf/12.2.0/../../../../riscv32-MINIRISC-elf/lib/libc.a(libc_a-fwalk.o)
 .text._fwalk_sglue
                0x000000008000dcf0       0xb4 /opt/gcc_MINIRISC/bin/../lib/gcc/riscv32-MINIRISC-elf/12.2.0/../../../../riscv32-MINIRISC-elf/lib/libc.a(libc_a-fwalk.o)
                0x000000008000dcf0                _fwalk_sglue
 .text          0x000000008000dda4        0x0 /opt/gcc_MINIRISC/bin/../lib/gcc/riscv32-MINIRISC-elf/12.2.0/../../../../riscv32-MINIRISC-elf/lib/libc.a(libc_a-sprintf.o)
 .text._sprintf_r
                0x000000008000dda4       0x6c /opt/gcc_MINIRISC/bin/../lib/gcc/riscv32-MINIRISC-elf/12.2.0/../../../../riscv32-MINIRISC-elf/lib/libc.a(libc_a-sprintf.o)
                0x000000008000dda4                _sprintf_r
 .text.sprintf  0x000000008000de10       0x78 /opt/gcc_MINIRISC/bin/../lib/gcc/riscv32-MINIRISC-elf/12.2.0/../../../../riscv32-MINIRISC-elf/lib/libc.a(libc_a-sprintf.o)
                0x000000008000de10                sprintf
 .text          0x000000008000de88        0x0 /opt/gcc_MINIRISC/bin/../lib/gcc/riscv32-MINIRISC-elf/12.2.0/../../../../riscv32-MINIRISC-elf/lib/libc.a(libc_a-stdio.o)
 .text.__sread  0x000000008000de88       0x5c /opt/gcc_MINIRISC/bin/../lib/gcc/riscv32-MINIRISC-elf/12.2.0/../../../../riscv32-MINIRISC-elf/lib/libc.a(libc_a-stdio.o)
                0x000000008000de88                __sread
 .text.__seofread
                0x000000008000dee4        0x8 /opt/gcc_MINIRISC/bin/../lib/gcc/riscv32-MINIRISC-elf/12.2.0/../../../../riscv32-MINIRISC-elf/lib/libc.a(libc_a-stdio.o)
                0x000000008000dee4                __seofread
 .text.__swrite
                0x000000008000deec       0x88 /opt/gcc_MINIRISC/bin/../lib/gcc/riscv32-MINIRISC-elf/12.2.0/../../../../riscv32-MINIRISC-elf/lib/libc.a(libc_a-stdio.o)
                0x000000008000deec                __swrite
 .text.__sseek  0x000000008000df74       0x78 /opt/gcc_MINIRISC/bin/../lib/gcc/riscv32-MINIRISC-elf/12.2.0/../../../../riscv32-MINIRISC-elf/lib/libc.a(libc_a-stdio.o)
                0x000000008000df74                __sseek
 .text.__sclose
                0x000000008000dfec        0x8 /opt/gcc_MINIRISC/bin/../lib/gcc/riscv32-MINIRISC-elf/12.2.0/../../../../riscv32-MINIRISC-elf/lib/libc.a(libc_a-stdio.o)
                0x000000008000dfec                __sclose
 .text          0x000000008000dff4        0x0 /opt/gcc_MINIRISC/bin/../lib/gcc/riscv32-MINIRISC-elf/12.2.0/../../../../riscv32-MINIRISC-elf/lib/libc.a(libc_a-time.o)
 .text.time     0x000000008000dff4       0x6c /opt/gcc_MINIRISC/bin/../lib/gcc/riscv32-MINIRISC-elf/12.2.0/../../../../riscv32-MINIRISC-elf/lib/libc.a(libc_a-time.o)
                0x000000008000dff4                time
 .text          0x000000008000e060        0x0 /opt/gcc_MINIRISC/bin/../lib/gcc/riscv32-MINIRISC-elf/12.2.0/../../../../riscv32-MINIRISC-elf/lib/libc.a(libc_a-closer.o)
 .text._close_r
                0x000000008000e060       0x50 /opt/gcc_MINIRISC/bin/../lib/gcc/riscv32-MINIRISC-elf/12.2.0/../../../../riscv32-MINIRISC-elf/lib/libc.a(libc_a-closer.o)
                0x000000008000e060                _close_r
 .text          0x000000008000e0b0        0x0 /opt/gcc_MINIRISC/bin/../lib/gcc/riscv32-MINIRISC-elf/12.2.0/../../../../riscv32-MINIRISC-elf/lib/libc.a(libc_a-reent.o)
 .text._reclaim_reent
                0x000000008000e0b0       0xd0 /opt/gcc_MINIRISC/bin/../lib/gcc/riscv32-MINIRISC-elf/12.2.0/../../../../riscv32-MINIRISC-elf/lib/libc.a(libc_a-reent.o)
                0x000000008000e0b0                _reclaim_reent
 .text          0x000000008000e180        0x0 /opt/gcc_MINIRISC/bin/../lib/gcc/riscv32-MINIRISC-elf/12.2.0/../../../../riscv32-MINIRISC-elf/lib/libc.a(libc_a-impure.o)
 .text          0x000000008000e180        0x0 /opt/gcc_MINIRISC/bin/../lib/gcc/riscv32-MINIRISC-elf/12.2.0/../../../../riscv32-MINIRISC-elf/lib/libc.a(libc_a-gettimeofdayr.o)
 .text._gettimeofday_r
                0x000000008000e180       0x58 /opt/gcc_MINIRISC/bin/../lib/gcc/riscv32-MINIRISC-elf/12.2.0/../../../../riscv32-MINIRISC-elf/lib/libc.a(libc_a-gettimeofdayr.o)
                0x000000008000e180                _gettimeofday_r
 .text          0x000000008000e1d8        0x0 /opt/gcc_MINIRISC/bin/../lib/gcc/riscv32-MINIRISC-elf/12.2.0/../../../../riscv32-MINIRISC-elf/lib/libc.a(libc_a-lseekr.o)
 .text._lseek_r
                0x000000008000e1d8       0x5c /opt/gcc_MINIRISC/bin/../lib/gcc/riscv32-MINIRISC-elf/12.2.0/../../../../riscv32-MINIRISC-elf/lib/libc.a(libc_a-lseekr.o)
                0x000000008000e1d8                _lseek_r
 .text          0x000000008000e234        0x0 /opt/gcc_MINIRISC/bin/../lib/gcc/riscv32-MINIRISC-elf/12.2.0/../../../../riscv32-MINIRISC-elf/lib/libc.a(libc_a-readr.o)
 .text._read_r  0x000000008000e234       0x5c /opt/gcc_MINIRISC/bin/../lib/gcc/riscv32-MINIRISC-elf/12.2.0/../../../../riscv32-MINIRISC-elf/lib/libc.a(libc_a-readr.o)
                0x000000008000e234                _read_r
 .text          0x000000008000e290        0x0 /opt/gcc_MINIRISC/bin/../lib/gcc/riscv32-MINIRISC-elf/12.2.0/../../../../riscv32-MINIRISC-elf/lib/libc.a(libc_a-sbrkr.o)
 .text._sbrk_r  0x000000008000e290       0x50 /opt/gcc_MINIRISC/bin/../lib/gcc/riscv32-MINIRISC-elf/12.2.0/../../../../riscv32-MINIRISC-elf/lib/libc.a(libc_a-sbrkr.o)
                0x000000008000e290                _sbrk_r
 .text          0x000000008000e2e0        0x0 /opt/gcc_MINIRISC/bin/../lib/gcc/riscv32-MINIRISC-elf/12.2.0/../../../../riscv32-MINIRISC-elf/lib/libc.a(libc_a-writer.o)
 .text._write_r
                0x000000008000e2e0       0x5c /opt/gcc_MINIRISC/bin/../lib/gcc/riscv32-MINIRISC-elf/12.2.0/../../../../riscv32-MINIRISC-elf/lib/libc.a(libc_a-writer.o)
                0x000000008000e2e0                _write_r
 .text          0x000000008000e33c        0x0 /opt/gcc_MINIRISC/bin/../lib/gcc/riscv32-MINIRISC-elf/12.2.0/../../../../riscv32-MINIRISC-elf/lib/libc.a(libc_a-errno.o)
 .text.__errno  0x000000008000e33c        0x8 /opt/gcc_MINIRISC/bin/../lib/gcc/riscv32-MINIRISC-elf/12.2.0/../../../../riscv32-MINIRISC-elf/lib/libc.a(libc_a-errno.o)
                0x000000008000e33c                __errno
 .text          0x000000008000e344        0x0 /opt/gcc_MINIRISC/bin/../lib/gcc/riscv32-MINIRISC-elf/12.2.0/../../../../riscv32-MINIRISC-elf/lib/libc.a(libc_a-init.o)
 .text.__libc_init_array
                0x000000008000e344       0x8c /opt/gcc_MINIRISC/bin/../lib/gcc/riscv32-MINIRISC-elf/12.2.0/../../../../riscv32-MINIRISC-elf/lib/libc.a(libc_a-init.o)
                0x000000008000e344                __libc_init_array
 .text          0x000000008000e3d0        0x0 /opt/gcc_MINIRISC/bin/../lib/gcc/riscv32-MINIRISC-elf/12.2.0/../../../../riscv32-MINIRISC-elf/lib/libc.a(libc_a-fini.o)
 .text.__libc_fini_array
                0x000000008000e3d0       0x5c /opt/gcc_MINIRISC/bin/../lib/gcc/riscv32-MINIRISC-elf/12.2.0/../../../../riscv32-MINIRISC-elf/lib/libc.a(libc_a-fini.o)
                0x000000008000e3d0                __libc_fini_array
 .text          0x000000008000e42c       0xdc /opt/gcc_MINIRISC/bin/../lib/gcc/riscv32-MINIRISC-elf/12.2.0/../../../../riscv32-MINIRISC-elf/lib/libc.a(libc_a-memset.o)
                0x000000008000e42c                memset
 .text          0x000000008000e508        0x0 /opt/gcc_MINIRISC/bin/../lib/gcc/riscv32-MINIRISC-elf/12.2.0/../../../../riscv32-MINIRISC-elf/lib/libc.a(libc_a-memcpy.o)
 .text.memcpy   0x000000008000e508      0x1a4 /opt/gcc_MINIRISC/bin/../lib/gcc/riscv32-MINIRISC-elf/12.2.0/../../../../riscv32-MINIRISC-elf/lib/libc.a(libc_a-memcpy.o)
                0x000000008000e508                memcpy
 .text          0x000000008000e6ac        0x0 /opt/gcc_MINIRISC/bin/../lib/gcc/riscv32-MINIRISC-elf/12.2.0/../../../../riscv32-MINIRISC-elf/lib/libc.a(libc_a-strlen.o)
 .text.strlen   0x000000008000e6ac       0x8c /opt/gcc_MINIRISC/bin/../lib/gcc/riscv32-MINIRISC-elf/12.2.0/../../../../riscv32-MINIRISC-elf/lib/libc.a(libc_a-strlen.o)
                0x000000008000e6ac                strlen
 .text          0x000000008000e738        0x0 /opt/gcc_MINIRISC/bin/../lib/gcc/riscv32-MINIRISC-elf/12.2.0/../../../../riscv32-MINIRISC-elf/lib/libc.a(libc_a-strcpy.o)
 .text.strcpy   0x000000008000e738       0xb0 /opt/gcc_MINIRISC/bin/../lib/gcc/riscv32-MINIRISC-elf/12.2.0/../../../../riscv32-MINIRISC-elf/lib/libc.a(libc_a-strcpy.o)
                0x000000008000e738                strcpy
 .text          0x000000008000e7e8        0x0 /opt/gcc_MINIRISC/bin/../lib/gcc/riscv32-MINIRISC-elf/12.2.0/../../../../riscv32-MINIRISC-elf/lib/libc.a(libc_a-__atexit.o)
 .text.__register_exitproc
                0x000000008000e7e8       0x9c /opt/gcc_MINIRISC/bin/../lib/gcc/riscv32-MINIRISC-elf/12.2.0/../../../../riscv32-MINIRISC-elf/lib/libc.a(libc_a-__atexit.o)
                0x000000008000e7e8                __register_exitproc
 .text          0x000000008000e884        0x0 /opt/gcc_MINIRISC/bin/../lib/gcc/riscv32-MINIRISC-elf/12.2.0/../../../../riscv32-MINIRISC-elf/lib/libc.a(libc_a-__call_atexit.o)
 .text.__call_exitprocs
                0x000000008000e884      0x120 /opt/gcc_MINIRISC/bin/../lib/gcc/riscv32-MINIRISC-elf/12.2.0/../../../../riscv32-MINIRISC-elf/lib/libc.a(libc_a-__call_atexit.o)
                0x000000008000e884                __call_exitprocs
 .text          0x000000008000e9a4        0x0 /opt/gcc_MINIRISC/bin/../lib/gcc/riscv32-MINIRISC-elf/12.2.0/../../../../riscv32-MINIRISC-elf/lib/libc.a(libc_a-freer.o)
 .text._malloc_trim_r
                0x000000008000e9a4      0x13c /opt/gcc_MINIRISC/bin/../lib/gcc/riscv32-MINIRISC-elf/12.2.0/../../../../riscv32-MINIRISC-elf/lib/libc.a(libc_a-freer.o)
                0x000000008000e9a4                _malloc_trim_r
 .text._free_r  0x000000008000eae0      0x304 /opt/gcc_MINIRISC/bin/../lib/gcc/riscv32-MINIRISC-elf/12.2.0/../../../../riscv32-MINIRISC-elf/lib/libc.a(libc_a-freer.o)
                0x000000008000eae0                _free_r
 .text          0x000000008000ede4        0x0 /opt/gcc_MINIRISC/bin/../lib/gcc/riscv32-MINIRISC-elf/12.2.0/../../../../riscv32-MINIRISC-elf/lib/libc.a(libc_a-svfprintf.o)
 .text.get_arg  0x000000008000ede4     0x105c /opt/gcc_MINIRISC/bin/../lib/gcc/riscv32-MINIRISC-elf/12.2.0/../../../../riscv32-MINIRISC-elf/lib/libc.a(libc_a-svfprintf.o)
 .text._svfprintf_r
                0x000000008000fe40     0x445c /opt/gcc_MINIRISC/bin/../lib/gcc/riscv32-MINIRISC-elf/12.2.0/../../../../riscv32-MINIRISC-elf/lib/libc.a(libc_a-svfprintf.o)
                0x000000008000fe40                _svfprintf_r
 .text          0x000000008001429c        0x0 /opt/gcc_MINIRISC/bin/../lib/gcc/riscv32-MINIRISC-elf/12.2.0/../../../../riscv32-MINIRISC-elf/lib/libc.a(libc_a-fclose.o)
 .text._fclose_r
                0x000000008001429c      0x108 /opt/gcc_MINIRISC/bin/../lib/gcc/riscv32-MINIRISC-elf/12.2.0/../../../../riscv32-MINIRISC-elf/lib/libc.a(libc_a-fclose.o)
                0x000000008001429c                _fclose_r
 .text.fclose   0x00000000800143a4        0xc /opt/gcc_MINIRISC/bin/../lib/gcc/riscv32-MINIRISC-elf/12.2.0/../../../../riscv32-MINIRISC-elf/lib/libc.a(libc_a-fclose.o)
                0x00000000800143a4                fclose
 .text          0x00000000800143b0        0x0 /opt/gcc_MINIRISC/bin/../lib/gcc/riscv32-MINIRISC-elf/12.2.0/../../../../riscv32-MINIRISC-elf/lib/libc.a(libc_a-fflush.o)
 .text.__sflush_r
                0x00000000800143b0      0x24c /opt/gcc_MINIRISC/bin/../lib/gcc/riscv32-MINIRISC-elf/12.2.0/../../../../riscv32-MINIRISC-elf/lib/libc.a(libc_a-fflush.o)
                0x00000000800143b0                __sflush_r
 .text._fflush_r
                0x00000000800145fc       0x5c /opt/gcc_MINIRISC/bin/../lib/gcc/riscv32-MINIRISC-elf/12.2.0/../../../../riscv32-MINIRISC-elf/lib/libc.a(libc_a-fflush.o)
                0x00000000800145fc                _fflush_r
 .text.fflush   0x0000000080014658       0x88 /opt/gcc_MINIRISC/bin/../lib/gcc/riscv32-MINIRISC-elf/12.2.0/../../../../riscv32-MINIRISC-elf/lib/libc.a(libc_a-fflush.o)
                0x0000000080014658                fflush
 .text          0x00000000800146e0        0x0 /opt/gcc_MINIRISC/bin/../lib/gcc/riscv32-MINIRISC-elf/12.2.0/../../../../riscv32-MINIRISC-elf/lib/libc.a(libc_a-memchr.o)
 .text.memchr   0x00000000800146e0       0xc4 /opt/gcc_MINIRISC/bin/../lib/gcc/riscv32-MINIRISC-elf/12.2.0/../../../../riscv32-MINIRISC-elf/lib/libc.a(libc_a-memchr.o)
                0x00000000800146e0                memchr
 .text          0x00000000800147a4        0x0 /opt/gcc_MINIRISC/bin/../lib/gcc/riscv32-MINIRISC-elf/12.2.0/../../../../riscv32-MINIRISC-elf/lib/libc.a(libc_a-strncpy.o)
 .text.strncpy  0x00000000800147a4       0xac /opt/gcc_MINIRISC/bin/../lib/gcc/riscv32-MINIRISC-elf/12.2.0/../../../../riscv32-MINIRISC-elf/lib/libc.a(libc_a-strncpy.o)
                0x00000000800147a4                strncpy
 .text          0x0000000080014850        0x0 /opt/gcc_MINIRISC/bin/../lib/gcc/riscv32-MINIRISC-elf/12.2.0/../../../../riscv32-MINIRISC-elf/lib/libc.a(libc_a-locale.o)
 .text.currentlocale
                0x0000000080014850       0xd8 /opt/gcc_MINIRISC/bin/../lib/gcc/riscv32-MINIRISC-elf/12.2.0/../../../../riscv32-MINIRISC-elf/lib/libc.a(libc_a-locale.o)
 .text.__loadlocale
                0x0000000080014928      0x764 /opt/gcc_MINIRISC/bin/../lib/gcc/riscv32-MINIRISC-elf/12.2.0/../../../../riscv32-MINIRISC-elf/lib/libc.a(libc_a-locale.o)
                0x0000000080014928                __loadlocale
 .text.__get_locale_env
                0x000000008001508c       0x90 /opt/gcc_MINIRISC/bin/../lib/gcc/riscv32-MINIRISC-elf/12.2.0/../../../../riscv32-MINIRISC-elf/lib/libc.a(libc_a-locale.o)
                0x000000008001508c                __get_locale_env
 .text._setlocale_r
                0x000000008001511c      0x3f0 /opt/gcc_MINIRISC/bin/../lib/gcc/riscv32-MINIRISC-elf/12.2.0/../../../../riscv32-MINIRISC-elf/lib/libc.a(libc_a-locale.o)
                0x000000008001511c                _setlocale_r
 .text.__locale_mb_cur_max
                0x000000008001550c        0xc /opt/gcc_MINIRISC/bin/../lib/gcc/riscv32-MINIRISC-elf/12.2.0/../../../../riscv32-MINIRISC-elf/lib/libc.a(libc_a-locale.o)
                0x000000008001550c                __locale_mb_cur_max
 .text.setlocale
                0x0000000080015518       0x10 /opt/gcc_MINIRISC/bin/../lib/gcc/riscv32-MINIRISC-elf/12.2.0/../../../../riscv32-MINIRISC-elf/lib/libc.a(libc_a-locale.o)
                0x0000000080015518                setlocale
 .text          0x0000000080015528        0x0 /opt/gcc_MINIRISC/bin/../lib/gcc/riscv32-MINIRISC-elf/12.2.0/../../../../riscv32-MINIRISC-elf/lib/libc.a(libc_a-localeconv.o)
 .text.__localeconv_l
                0x0000000080015528        0x8 /opt/gcc_MINIRISC/bin/../lib/gcc/riscv32-MINIRISC-elf/12.2.0/../../../../riscv32-MINIRISC-elf/lib/libc.a(libc_a-localeconv.o)
                0x0000000080015528                __localeconv_l
 .text._localeconv_r
                0x0000000080015530        0xc /opt/gcc_MINIRISC/bin/../lib/gcc/riscv32-MINIRISC-elf/12.2.0/../../../../riscv32-MINIRISC-elf/lib/libc.a(libc_a-localeconv.o)
                0x0000000080015530                _localeconv_r
 .text.localeconv
                0x000000008001553c        0xc /opt/gcc_MINIRISC/bin/../lib/gcc/riscv32-MINIRISC-elf/12.2.0/../../../../riscv32-MINIRISC-elf/lib/libc.a(libc_a-localeconv.o)
                0x000000008001553c                localeconv
 .text          0x0000000080015548      0x17c /opt/gcc_MINIRISC/bin/../lib/gcc/riscv32-MINIRISC-elf/12.2.0/../../../../riscv32-MINIRISC-elf/lib/libc.a(libc_a-strcmp.o)
                0x0000000080015548                strcmp
 .text          0x00000000800156c4        0x0 /opt/gcc_MINIRISC/bin/../lib/gcc/riscv32-MINIRISC-elf/12.2.0/../../../../riscv32-MINIRISC-elf/lib/libc.a(libm_a-frexpl.o)
 .text.frexpl   0x00000000800156c4      0x190 /opt/gcc_MINIRISC/bin/../lib/gcc/riscv32-MINIRISC-elf/12.2.0/../../../../riscv32-MINIRISC-elf/lib/libc.a(libm_a-frexpl.o)
                0x00000000800156c4                frexpl
 .text          0x0000000080015854        0x0 /opt/gcc_MINIRISC/bin/../lib/gcc/riscv32-MINIRISC-elf/12.2.0/../../../../riscv32-MINIRISC-elf/lib/libc.a(libc_a-getenv_r.o)
 .text._findenv_r
                0x0000000080015854      0x104 /opt/gcc_MINIRISC/bin/../lib/gcc/riscv32-MINIRISC-elf/12.2.0/../../../../riscv32-MINIRISC-elf/lib/libc.a(libc_a-getenv_r.o)
                0x0000000080015854                _findenv_r
 .text._getenv_r
                0x0000000080015958       0x1c /opt/gcc_MINIRISC/bin/../lib/gcc/riscv32-MINIRISC-elf/12.2.0/../../../../riscv32-MINIRISC-elf/lib/libc.a(libc_a-getenv_r.o)
                0x0000000080015958                _getenv_r
 .text          0x0000000080015974        0x0 /opt/gcc_MINIRISC/bin/../lib/gcc/riscv32-MINIRISC-elf/12.2.0/../../../../riscv32-MINIRISC-elf/lib/libc.a(libc_a-gdtoa-ldtoa.o)
 .text._ldtoa_r
                0x0000000080015974      0x2dc /opt/gcc_MINIRISC/bin/../lib/gcc/riscv32-MINIRISC-elf/12.2.0/../../../../riscv32-MINIRISC-elf/lib/libc.a(libc_a-gdtoa-ldtoa.o)
                0x0000000080015974                _ldtoa_r
 .text._ldcheck
                0x0000000080015c50      0x100 /opt/gcc_MINIRISC/bin/../lib/gcc/riscv32-MINIRISC-elf/12.2.0/../../../../riscv32-MINIRISC-elf/lib/libc.a(libc_a-gdtoa-ldtoa.o)
                0x0000000080015c50                _ldcheck
 .text          0x0000000080015d50        0x0 /opt/gcc_MINIRISC/bin/../lib/gcc/riscv32-MINIRISC-elf/12.2.0/../../../../riscv32-MINIRISC-elf/lib/libc.a(libc_a-gdtoa-gdtoa.o)
 .text.__gdtoa  0x0000000080015d50     0x1b50 /opt/gcc_MINIRISC/bin/../lib/gcc/riscv32-MINIRISC-elf/12.2.0/../../../../riscv32-MINIRISC-elf/lib/libc.a(libc_a-gdtoa-gdtoa.o)
                0x0000000080015d50                __gdtoa
 .text          0x00000000800178a0        0x0 /opt/gcc_MINIRISC/bin/../lib/gcc/riscv32-MINIRISC-elf/12.2.0/../../../../riscv32-MINIRISC-elf/lib/libc.a(libc_a-gdtoa-dmisc.o)
 .text.__rv_alloc_D2A
                0x00000000800178a0       0x50 /opt/gcc_MINIRISC/bin/../lib/gcc/riscv32-MINIRISC-elf/12.2.0/../../../../riscv32-MINIRISC-elf/lib/libc.a(libc_a-gdtoa-dmisc.o)
                0x00000000800178a0                __rv_alloc_D2A
 .text.__nrv_alloc_D2A
                0x00000000800178f0       0xac /opt/gcc_MINIRISC/bin/../lib/gcc/riscv32-MINIRISC-elf/12.2.0/../../../../riscv32-MINIRISC-elf/lib/libc.a(libc_a-gdtoa-dmisc.o)
                0x00000000800178f0                __nrv_alloc_D2A
 .text.__freedtoa
                0x000000008001799c       0x20 /opt/gcc_MINIRISC/bin/../lib/gcc/riscv32-MINIRISC-elf/12.2.0/../../../../riscv32-MINIRISC-elf/lib/libc.a(libc_a-gdtoa-dmisc.o)
                0x000000008001799c                __freedtoa
 .text.__quorem_D2A
                0x00000000800179bc      0x1ec /opt/gcc_MINIRISC/bin/../lib/gcc/riscv32-MINIRISC-elf/12.2.0/../../../../riscv32-MINIRISC-elf/lib/libc.a(libc_a-gdtoa-dmisc.o)
                0x00000000800179bc                __quorem_D2A
 .text          0x0000000080017ba8        0x0 /opt/gcc_MINIRISC/bin/../lib/gcc/riscv32-MINIRISC-elf/12.2.0/../../../../riscv32-MINIRISC-elf/lib/libc.a(libc_a-gdtoa-gmisc.o)
 .text.__rshift_D2A
                0x0000000080017ba8       0xe4 /opt/gcc_MINIRISC/bin/../lib/gcc/riscv32-MINIRISC-elf/12.2.0/../../../../riscv32-MINIRISC-elf/lib/libc.a(libc_a-gdtoa-gmisc.o)
                0x0000000080017ba8                __rshift_D2A
 .text.__trailz_D2A
                0x0000000080017c8c       0x64 /opt/gcc_MINIRISC/bin/../lib/gcc/riscv32-MINIRISC-elf/12.2.0/../../../../riscv32-MINIRISC-elf/lib/libc.a(libc_a-gdtoa-gmisc.o)
                0x0000000080017c8c                __trailz_D2A
 .text          0x0000000080017cf0        0x0 /opt/gcc_MINIRISC/bin/../lib/gcc/riscv32-MINIRISC-elf/12.2.0/../../../../riscv32-MINIRISC-elf/lib/libc.a(libc_a-mbtowc_r.o)
 .text._mbtowc_r
                0x0000000080017cf0        0xc /opt/gcc_MINIRISC/bin/../lib/gcc/riscv32-MINIRISC-elf/12.2.0/../../../../riscv32-MINIRISC-elf/lib/libc.a(libc_a-mbtowc_r.o)
                0x0000000080017cf0                _mbtowc_r
 .text.__ascii_mbtowc
                0x0000000080017cfc       0x68 /opt/gcc_MINIRISC/bin/../lib/gcc/riscv32-MINIRISC-elf/12.2.0/../../../../riscv32-MINIRISC-elf/lib/libc.a(libc_a-mbtowc_r.o)
                0x0000000080017cfc                __ascii_mbtowc
 .text.__utf8_mbtowc
                0x0000000080017d64      0x2f8 /opt/gcc_MINIRISC/bin/../lib/gcc/riscv32-MINIRISC-elf/12.2.0/../../../../riscv32-MINIRISC-elf/lib/libc.a(libc_a-mbtowc_r.o)
                0x0000000080017d64                __utf8_mbtowc
 .text.__sjis_mbtowc
                0x000000008001805c      0x170 /opt/gcc_MINIRISC/bin/../lib/gcc/riscv32-MINIRISC-elf/12.2.0/../../../../riscv32-MINIRISC-elf/lib/libc.a(libc_a-mbtowc_r.o)
                0x000000008001805c                __sjis_mbtowc
 .text.__eucjp_mbtowc
                0x00000000800181cc      0x20c /opt/gcc_MINIRISC/bin/../lib/gcc/riscv32-MINIRISC-elf/12.2.0/../../../../riscv32-MINIRISC-elf/lib/libc.a(libc_a-mbtowc_r.o)
                0x00000000800181cc                __eucjp_mbtowc
 .text.__jis_mbtowc
                0x00000000800183d8      0x200 /opt/gcc_MINIRISC/bin/../lib/gcc/riscv32-MINIRISC-elf/12.2.0/../../../../riscv32-MINIRISC-elf/lib/libc.a(libc_a-mbtowc_r.o)
                0x00000000800183d8                __jis_mbtowc
 .text          0x00000000800185d8        0x0 /opt/gcc_MINIRISC/bin/../lib/gcc/riscv32-MINIRISC-elf/12.2.0/../../../../riscv32-MINIRISC-elf/lib/libc.a(libc_a-mprec.o)
 .text._Balloc  0x00000000800185d8       0xa8 /opt/gcc_MINIRISC/bin/../lib/gcc/riscv32-MINIRISC-elf/12.2.0/../../../../riscv32-MINIRISC-elf/lib/libc.a(libc_a-mprec.o)
                0x00000000800185d8                _Balloc
 .text._Bfree   0x0000000080018680       0x24 /opt/gcc_MINIRISC/bin/../lib/gcc/riscv32-MINIRISC-elf/12.2.0/../../../../riscv32-MINIRISC-elf/lib/libc.a(libc_a-mprec.o)
                0x0000000080018680                _Bfree
 .text.__multadd
                0x00000000800186a4      0x14c /opt/gcc_MINIRISC/bin/../lib/gcc/riscv32-MINIRISC-elf/12.2.0/../../../../riscv32-MINIRISC-elf/lib/libc.a(libc_a-mprec.o)
                0x00000000800186a4                __multadd
 .text.__s2b    0x00000000800187f0      0x134 /opt/gcc_MINIRISC/bin/../lib/gcc/riscv32-MINIRISC-elf/12.2.0/../../../../riscv32-MINIRISC-elf/lib/libc.a(libc_a-mprec.o)
                0x00000000800187f0                __s2b
 .text.__hi0bits
                0x0000000080018924       0x78 /opt/gcc_MINIRISC/bin/../lib/gcc/riscv32-MINIRISC-elf/12.2.0/../../../../riscv32-MINIRISC-elf/lib/libc.a(libc_a-mprec.o)
                0x0000000080018924                __hi0bits
 .text.__lo0bits
                0x000000008001899c       0xe0 /opt/gcc_MINIRISC/bin/../lib/gcc/riscv32-MINIRISC-elf/12.2.0/../../../../riscv32-MINIRISC-elf/lib/libc.a(libc_a-mprec.o)
                0x000000008001899c                __lo0bits
 .text.__i2b    0x0000000080018a7c       0xb0 /opt/gcc_MINIRISC/bin/../lib/gcc/riscv32-MINIRISC-elf/12.2.0/../../../../riscv32-MINIRISC-elf/lib/libc.a(libc_a-mprec.o)
                0x0000000080018a7c                __i2b
 .text.__multiply
                0x0000000080018b2c      0x234 /opt/gcc_MINIRISC/bin/../lib/gcc/riscv32-MINIRISC-elf/12.2.0/../../../../riscv32-MINIRISC-elf/lib/libc.a(libc_a-mprec.o)
                0x0000000080018b2c                __multiply
 .text.__pow5mult
                0x0000000080018d60      0x150 /opt/gcc_MINIRISC/bin/../lib/gcc/riscv32-MINIRISC-elf/12.2.0/../../../../riscv32-MINIRISC-elf/lib/libc.a(libc_a-mprec.o)
                0x0000000080018d60                __pow5mult
 .text.__lshift
                0x0000000080018eb0      0x190 /opt/gcc_MINIRISC/bin/../lib/gcc/riscv32-MINIRISC-elf/12.2.0/../../../../riscv32-MINIRISC-elf/lib/libc.a(libc_a-mprec.o)
                0x0000000080018eb0                __lshift
 .text.__mcmp   0x0000000080019040       0x58 /opt/gcc_MINIRISC/bin/../lib/gcc/riscv32-MINIRISC-elf/12.2.0/../../../../riscv32-MINIRISC-elf/lib/libc.a(libc_a-mprec.o)
                0x0000000080019040                __mcmp
 .text.__mdiff  0x0000000080019098      0x250 /opt/gcc_MINIRISC/bin/../lib/gcc/riscv32-MINIRISC-elf/12.2.0/../../../../riscv32-MINIRISC-elf/lib/libc.a(libc_a-mprec.o)
                0x0000000080019098                __mdiff
 .text.__ulp    0x00000000800192e8       0x68 /opt/gcc_MINIRISC/bin/../lib/gcc/riscv32-MINIRISC-elf/12.2.0/../../../../riscv32-MINIRISC-elf/lib/libc.a(libc_a-mprec.o)
                0x00000000800192e8                __ulp
 .text.__b2d    0x0000000080019350      0x11c /opt/gcc_MINIRISC/bin/../lib/gcc/riscv32-MINIRISC-elf/12.2.0/../../../../riscv32-MINIRISC-elf/lib/libc.a(libc_a-mprec.o)
                0x0000000080019350                __b2d
 .text.__d2b    0x000000008001946c      0x158 /opt/gcc_MINIRISC/bin/../lib/gcc/riscv32-MINIRISC-elf/12.2.0/../../../../riscv32-MINIRISC-elf/lib/libc.a(libc_a-mprec.o)
                0x000000008001946c                __d2b
 .text.__ratio  0x00000000800195c4       0xa8 /opt/gcc_MINIRISC/bin/../lib/gcc/riscv32-MINIRISC-elf/12.2.0/../../../../riscv32-MINIRISC-elf/lib/libc.a(libc_a-mprec.o)
                0x00000000800195c4                __ratio
 .text._mprec_log10
                0x000000008001966c       0xac /opt/gcc_MINIRISC/bin/../lib/gcc/riscv32-MINIRISC-elf/12.2.0/../../../../riscv32-MINIRISC-elf/lib/libc.a(libc_a-mprec.o)
                0x000000008001966c                _mprec_log10
 .text.__copybits
                0x0000000080019718       0x68 /opt/gcc_MINIRISC/bin/../lib/gcc/riscv32-MINIRISC-elf/12.2.0/../../../../riscv32-MINIRISC-elf/lib/libc.a(libc_a-mprec.o)
                0x0000000080019718                __copybits
 .text.__any_on
                0x0000000080019780       0x64 /opt/gcc_MINIRISC/bin/../lib/gcc/riscv32-MINIRISC-elf/12.2.0/../../../../riscv32-MINIRISC-elf/lib/libc.a(libc_a-mprec.o)
                0x0000000080019780                __any_on
 .text          0x00000000800197e4        0x0 /opt/gcc_MINIRISC/bin/../lib/gcc/riscv32-MINIRISC-elf/12.2.0/../../../../riscv32-MINIRISC-elf/lib/libc.a(libc_a-strtol.o)
 .text._strtol_l.constprop.0
                0x00000000800197e4      0x1f0 /opt/gcc_MINIRISC/bin/../lib/gcc/riscv32-MINIRISC-elf/12.2.0/../../../../riscv32-MINIRISC-elf/lib/libc.a(libc_a-strtol.o)
 .text._strtol_r
                0x00000000800199d4        0x4 /opt/gcc_MINIRISC/bin/../lib/gcc/riscv32-MINIRISC-elf/12.2.0/../../../../riscv32-MINIRISC-elf/lib/libc.a(libc_a-strtol.o)
                0x00000000800199d4                _strtol_r
 .text.strtol_l
                0x00000000800199d8       0x14 /opt/gcc_MINIRISC/bin/../lib/gcc/riscv32-MINIRISC-elf/12.2.0/../../../../riscv32-MINIRISC-elf/lib/libc.a(libc_a-strtol.o)
                0x00000000800199d8                strtol_l
 .text.strtol   0x00000000800199ec       0x14 /opt/gcc_MINIRISC/bin/../lib/gcc/riscv32-MINIRISC-elf/12.2.0/../../../../riscv32-MINIRISC-elf/lib/libc.a(libc_a-strtol.o)
                0x00000000800199ec                strtol
 .text          0x0000000080019a00        0x0 /opt/gcc_MINIRISC/bin/../lib/gcc/riscv32-MINIRISC-elf/12.2.0/../../../../riscv32-MINIRISC-elf/lib/libc.a(libc_a-wctomb_r.o)
 .text._wctomb_r
                0x0000000080019a00        0xc /opt/gcc_MINIRISC/bin/../lib/gcc/riscv32-MINIRISC-elf/12.2.0/../../../../riscv32-MINIRISC-elf/lib/libc.a(libc_a-wctomb_r.o)
                0x0000000080019a00                _wctomb_r
 .text.__ascii_wctomb
                0x0000000080019a0c       0x30 /opt/gcc_MINIRISC/bin/../lib/gcc/riscv32-MINIRISC-elf/12.2.0/../../../../riscv32-MINIRISC-elf/lib/libc.a(libc_a-wctomb_r.o)
                0x0000000080019a0c                __ascii_wctomb
 .text.__utf8_wctomb
                0x0000000080019a3c       0xec /opt/gcc_MINIRISC/bin/../lib/gcc/riscv32-MINIRISC-elf/12.2.0/../../../../riscv32-MINIRISC-elf/lib/libc.a(libc_a-wctomb_r.o)
                0x0000000080019a3c                __utf8_wctomb
 .text.__sjis_wctomb
                0x0000000080019b28       0x84 /opt/gcc_MINIRISC/bin/../lib/gcc/riscv32-MINIRISC-elf/12.2.0/../../../../riscv32-MINIRISC-elf/lib/libc.a(libc_a-wctomb_r.o)
                0x0000000080019b28                __sjis_wctomb
 .text.__eucjp_wctomb
                0x0000000080019bac       0xac /opt/gcc_MINIRISC/bin/../lib/gcc/riscv32-MINIRISC-elf/12.2.0/../../../../riscv32-MINIRISC-elf/lib/libc.a(libc_a-wctomb_r.o)
                0x0000000080019bac                __eucjp_wctomb
 .text.__jis_wctomb
                0x0000000080019c58       0xc0 /opt/gcc_MINIRISC/bin/../lib/gcc/riscv32-MINIRISC-elf/12.2.0/../../../../riscv32-MINIRISC-elf/lib/libc.a(libc_a-wctomb_r.o)
                0x0000000080019c58                __jis_wctomb
 .text          0x0000000080019d18        0x0 /opt/gcc_MINIRISC/bin/../lib/gcc/riscv32-MINIRISC-elf/12.2.0/../../../../riscv32-MINIRISC-elf/lib/libc.a(libc_a-wcrtomb.o)
 .text._wcrtomb_r
                0x0000000080019d18       0x8c /opt/gcc_MINIRISC/bin/../lib/gcc/riscv32-MINIRISC-elf/12.2.0/../../../../riscv32-MINIRISC-elf/lib/libc.a(libc_a-wcrtomb.o)
                0x0000000080019d18                _wcrtomb_r
 .text.wcrtomb  0x0000000080019da4       0xa4 /opt/gcc_MINIRISC/bin/../lib/gcc/riscv32-MINIRISC-elf/12.2.0/../../../../riscv32-MINIRISC-elf/lib/libc.a(libc_a-wcrtomb.o)
                0x0000000080019da4                wcrtomb
 .text          0x0000000080019e48        0x0 /opt/gcc_MINIRISC/bin/../lib/gcc/riscv32-MINIRISC-elf/12.2.0/../../../../riscv32-MINIRISC-elf/lib/libc.a(libc_a-wcsrtombs.o)
 .text._wcsrtombs_r
                0x0000000080019e48       0x10 /opt/gcc_MINIRISC/bin/../lib/gcc/riscv32-MINIRISC-elf/12.2.0/../../../../riscv32-MINIRISC-elf/lib/libc.a(libc_a-wcsrtombs.o)
                0x0000000080019e48                _wcsrtombs_r
 .text.wcsrtombs
                0x0000000080019e58       0x1c /opt/gcc_MINIRISC/bin/../lib/gcc/riscv32-MINIRISC-elf/12.2.0/../../../../riscv32-MINIRISC-elf/lib/libc.a(libc_a-wcsrtombs.o)
                0x0000000080019e58                wcsrtombs
 .text          0x0000000080019e74        0x0 /opt/gcc_MINIRISC/bin/../lib/gcc/riscv32-MINIRISC-elf/12.2.0/../../../../riscv32-MINIRISC-elf/lib/libc.a(libc_a-ctype_.o)
 .text.__set_ctype
                0x0000000080019e74       0x10 /opt/gcc_MINIRISC/bin/../lib/gcc/riscv32-MINIRISC-elf/12.2.0/../../../../riscv32-MINIRISC-elf/lib/libc.a(libc_a-ctype_.o)
                0x0000000080019e74                __set_ctype
 .text          0x0000000080019e84        0x0 /opt/gcc_MINIRISC/bin/../lib/gcc/riscv32-MINIRISC-elf/12.2.0/../../../../riscv32-MINIRISC-elf/lib/libc.a(libc_a-svfiprintf.o)
 .text.get_arg  0x0000000080019e84     0x1050 /opt/gcc_MINIRISC/bin/../lib/gcc/riscv32-MINIRISC-elf/12.2.0/../../../../riscv32-MINIRISC-elf/lib/libc.a(libc_a-svfiprintf.o)
 .text.__ssprint_r
                0x000000008001aed4      0x1c8 /opt/gcc_MINIRISC/bin/../lib/gcc/riscv32-MINIRISC-elf/12.2.0/../../../../riscv32-MINIRISC-elf/lib/libc.a(libc_a-svfiprintf.o)
                0x000000008001aed4                __ssprint_r
 .text._svfiprintf_r
                0x000000008001b09c     0x295c /opt/gcc_MINIRISC/bin/../lib/gcc/riscv32-MINIRISC-elf/12.2.0/../../../../riscv32-MINIRISC-elf/lib/libc.a(libc_a-svfiprintf.o)
                0x000000008001b09c                _svfiprintf_r
 .text          0x000000008001d9f8        0x0 /opt/gcc_MINIRISC/bin/../lib/gcc/riscv32-MINIRISC-elf/12.2.0/../../../../riscv32-MINIRISC-elf/lib/libc.a(libc_a-strcasecmp.o)
 .text.strcasecmp
                0x000000008001d9f8       0x6c /opt/gcc_MINIRISC/bin/../lib/gcc/riscv32-MINIRISC-elf/12.2.0/../../../../riscv32-MINIRISC-elf/lib/libc.a(libc_a-strcasecmp.o)
                0x000000008001d9f8                strcasecmp
 .text          0x000000008001da64        0x0 /opt/gcc_MINIRISC/bin/../lib/gcc/riscv32-MINIRISC-elf/12.2.0/../../../../riscv32-MINIRISC-elf/lib/libc.a(libc_a-strcat.o)
 .text.strcat   0x000000008001da64       0x88 /opt/gcc_MINIRISC/bin/../lib/gcc/riscv32-MINIRISC-elf/12.2.0/../../../../riscv32-MINIRISC-elf/lib/libc.a(libc_a-strcat.o)
                0x000000008001da64                strcat
 .text          0x000000008001daec        0x0 /opt/gcc_MINIRISC/bin/../lib/gcc/riscv32-MINIRISC-elf/12.2.0/../../../../riscv32-MINIRISC-elf/lib/libc.a(libc_a-strchr.o)
 .text.strchr   0x000000008001daec      0x140 /opt/gcc_MINIRISC/bin/../lib/gcc/riscv32-MINIRISC-elf/12.2.0/../../../../riscv32-MINIRISC-elf/lib/libc.a(libc_a-strchr.o)
                0x000000008001daec                strchr
 .text          0x000000008001dc2c        0x0 /opt/gcc_MINIRISC/bin/../lib/gcc/riscv32-MINIRISC-elf/12.2.0/../../../../riscv32-MINIRISC-elf/lib/libc.a(libc_a-strlcpy.o)
 .text.strlcpy  0x000000008001dc2c       0x44 /opt/gcc_MINIRISC/bin/../lib/gcc/riscv32-MINIRISC-elf/12.2.0/../../../../riscv32-MINIRISC-elf/lib/libc.a(libc_a-strlcpy.o)
                0x000000008001dc2c                strlcpy
 .text          0x000000008001dc70        0x0 /opt/gcc_MINIRISC/bin/../lib/gcc/riscv32-MINIRISC-elf/12.2.0/../../../../riscv32-MINIRISC-elf/lib/libc.a(libc_a-strncasecmp.o)
 .text.strncasecmp
                0x000000008001dc70       0x7c /opt/gcc_MINIRISC/bin/../lib/gcc/riscv32-MINIRISC-elf/12.2.0/../../../../riscv32-MINIRISC-elf/lib/libc.a(libc_a-strncasecmp.o)
                0x000000008001dc70                strncasecmp
 .text          0x000000008001dcec        0x0 /opt/gcc_MINIRISC/bin/../lib/gcc/riscv32-MINIRISC-elf/12.2.0/../../../../riscv32-MINIRISC-elf/lib/libc.a(libc_a-strncmp.o)
 .text.strncmp  0x000000008001dcec       0xb8 /opt/gcc_MINIRISC/bin/../lib/gcc/riscv32-MINIRISC-elf/12.2.0/../../../../riscv32-MINIRISC-elf/lib/libc.a(libc_a-strncmp.o)
                0x000000008001dcec                strncmp
 .text          0x000000008001dda4        0x0 /opt/gcc_MINIRISC/bin/../lib/gcc/riscv32-MINIRISC-elf/12.2.0/../../../../riscv32-MINIRISC-elf/lib/libc.a(libc_a-memmove-stub.o)
 .text.memmove  0x000000008001dda4      0x11c /opt/gcc_MINIRISC/bin/../lib/gcc/riscv32-MINIRISC-elf/12.2.0/../../../../riscv32-MINIRISC-elf/lib/libc.a(libc_a-memmove-stub.o)
                0x000000008001dda4                memmove
 .text          0x000000008001dec0        0x0 /opt/gcc_MINIRISC/bin/../lib/gcc/riscv32-MINIRISC-elf/12.2.0/../../../../riscv32-MINIRISC-elf/lib/libc.a(libc_a-assert.o)
 .text.__assert_func
                0x000000008001dec0       0x54 /opt/gcc_MINIRISC/bin/../lib/gcc/riscv32-MINIRISC-elf/12.2.0/../../../../riscv32-MINIRISC-elf/lib/libc.a(libc_a-assert.o)
                0x000000008001dec0                __assert_func
 .text.__assert
                0x000000008001df14       0x14 /opt/gcc_MINIRISC/bin/../lib/gcc/riscv32-MINIRISC-elf/12.2.0/../../../../riscv32-MINIRISC-elf/lib/libc.a(libc_a-assert.o)
                0x000000008001df14                __assert
 .text          0x000000008001df28        0x0 /opt/gcc_MINIRISC/bin/../lib/gcc/riscv32-MINIRISC-elf/12.2.0/../../../../riscv32-MINIRISC-elf/lib/libc.a(libc_a-callocr.o)
 .text._calloc_r
                0x000000008001df28       0xe8 /opt/gcc_MINIRISC/bin/../lib/gcc/riscv32-MINIRISC-elf/12.2.0/../../../../riscv32-MINIRISC-elf/lib/libc.a(libc_a-callocr.o)
                0x000000008001df28                _calloc_r
 .text          0x000000008001e010        0x0 /opt/gcc_MINIRISC/bin/../lib/gcc/riscv32-MINIRISC-elf/12.2.0/../../../../riscv32-MINIRISC-elf/lib/libc.a(libc_a-environ.o)
 .text          0x000000008001e010        0x0 /opt/gcc_MINIRISC/bin/../lib/gcc/riscv32-MINIRISC-elf/12.2.0/../../../../riscv32-MINIRISC-elf/lib/libc.a(libc_a-envlock.o)
 .text.__env_lock
                0x000000008001e010        0x4 /opt/gcc_MINIRISC/bin/../lib/gcc/riscv32-MINIRISC-elf/12.2.0/../../../../riscv32-MINIRISC-elf/lib/libc.a(libc_a-envlock.o)
                0x000000008001e010                __env_lock
 .text.__env_unlock
                0x000000008001e014        0x4 /opt/gcc_MINIRISC/bin/../lib/gcc/riscv32-MINIRISC-elf/12.2.0/../../../../riscv32-MINIRISC-elf/lib/libc.a(libc_a-envlock.o)
                0x000000008001e014                __env_unlock
 .text          0x000000008001e018        0x0 /opt/gcc_MINIRISC/bin/../lib/gcc/riscv32-MINIRISC-elf/12.2.0/../../../../riscv32-MINIRISC-elf/lib/libc.a(libc_a-reallocr.o)
 .text._realloc_r
                0x000000008001e018      0x558 /opt/gcc_MINIRISC/bin/../lib/gcc/riscv32-MINIRISC-elf/12.2.0/../../../../riscv32-MINIRISC-elf/lib/libc.a(libc_a-reallocr.o)
                0x000000008001e018                _realloc_r
 .text          0x000000008001e570        0x0 /opt/gcc_MINIRISC/bin/../lib/gcc/riscv32-MINIRISC-elf/12.2.0/../../../../riscv32-MINIRISC-elf/lib/libc.a(libc_a-wcsnrtombs.o)
 .text._wcsnrtombs_l
                0x000000008001e570      0x1b0 /opt/gcc_MINIRISC/bin/../lib/gcc/riscv32-MINIRISC-elf/12.2.0/../../../../riscv32-MINIRISC-elf/lib/libc.a(libc_a-wcsnrtombs.o)
                0x000000008001e570                _wcsnrtombs_l
 .text._wcsnrtombs_r
                0x000000008001e720       0x10 /opt/gcc_MINIRISC/bin/../lib/gcc/riscv32-MINIRISC-elf/12.2.0/../../../../riscv32-MINIRISC-elf/lib/libc.a(libc_a-wcsnrtombs.o)
                0x000000008001e720                _wcsnrtombs_r
 .text.wcsnrtombs
                0x000000008001e730       0x24 /opt/gcc_MINIRISC/bin/../lib/gcc/riscv32-MINIRISC-elf/12.2.0/../../../../riscv32-MINIRISC-elf/lib/libc.a(libc_a-wcsnrtombs.o)
                0x000000008001e730                wcsnrtombs
 .text          0x000000008001e754        0x0 /opt/gcc_MINIRISC/bin/../lib/gcc/riscv32-MINIRISC-elf/12.2.0/../../../../riscv32-MINIRISC-elf/lib/libc.a(libc_a-fiprintf.o)
 .text._fiprintf_r
                0x000000008001e754       0x38 /opt/gcc_MINIRISC/bin/../lib/gcc/riscv32-MINIRISC-elf/12.2.0/../../../../riscv32-MINIRISC-elf/lib/libc.a(libc_a-fiprintf.o)
                0x000000008001e754                _fiprintf_r
 .text.fiprintf
                0x000000008001e78c       0x48 /opt/gcc_MINIRISC/bin/../lib/gcc/riscv32-MINIRISC-elf/12.2.0/../../../../riscv32-MINIRISC-elf/lib/libc.a(libc_a-fiprintf.o)
                0x000000008001e78c                fiprintf
 .text          0x000000008001e7d4        0x0 /opt/gcc_MINIRISC/bin/../lib/gcc/riscv32-MINIRISC-elf/12.2.0/../../../../riscv32-MINIRISC-elf/lib/libc.a(libc_a-vfiprintf.o)
 .text.get_arg  0x000000008001e7d4     0x105c /opt/gcc_MINIRISC/bin/../lib/gcc/riscv32-MINIRISC-elf/12.2.0/../../../../riscv32-MINIRISC-elf/lib/libc.a(libc_a-vfiprintf.o)
 .text.__sprint_r.part.0
                0x000000008001f830       0xf4 /opt/gcc_MINIRISC/bin/../lib/gcc/riscv32-MINIRISC-elf/12.2.0/../../../../riscv32-MINIRISC-elf/lib/libc.a(libc_a-vfiprintf.o)
 .text.__sprint_r
                0x000000008001f924       0x18 /opt/gcc_MINIRISC/bin/../lib/gcc/riscv32-MINIRISC-elf/12.2.0/../../../../riscv32-MINIRISC-elf/lib/libc.a(libc_a-vfiprintf.o)
                0x000000008001f924                __sprint_r
 .text._vfiprintf_r
                0x000000008001f93c     0x2bb0 /opt/gcc_MINIRISC/bin/../lib/gcc/riscv32-MINIRISC-elf/12.2.0/../../../../riscv32-MINIRISC-elf/lib/libc.a(libc_a-vfiprintf.o)
                0x000000008001f93c                _vfiprintf_r
 .text.vfiprintf
                0x00000000800224ec       0x14 /opt/gcc_MINIRISC/bin/../lib/gcc/riscv32-MINIRISC-elf/12.2.0/../../../../riscv32-MINIRISC-elf/lib/libc.a(libc_a-vfiprintf.o)
                0x00000000800224ec                vfiprintf
 .text.__sbprintf
                0x0000000080022500       0xcc /opt/gcc_MINIRISC/bin/../lib/gcc/riscv32-MINIRISC-elf/12.2.0/../../../../riscv32-MINIRISC-elf/lib/libc.a(libc_a-vfiprintf.o)
 .text          0x00000000800225cc        0x0 /opt/gcc_MINIRISC/bin/../lib/gcc/riscv32-MINIRISC-elf/12.2.0/../../../../riscv32-MINIRISC-elf/lib/libc.a(libc_a-fvwrite.o)
 .text.__sfvwrite_r
                0x00000000800225cc      0x49c /opt/gcc_MINIRISC/bin/../lib/gcc/riscv32-MINIRISC-elf/12.2.0/../../../../riscv32-MINIRISC-elf/lib/libc.a(libc_a-fvwrite.o)
                0x00000000800225cc                __sfvwrite_r
 .text          0x0000000080022a68        0x0 /opt/gcc_MINIRISC/bin/../lib/gcc/riscv32-MINIRISC-elf/12.2.0/../../../../riscv32-MINIRISC-elf/lib/libc.a(libc_a-wsetup.o)
 .text.__swsetup_r
                0x0000000080022a68      0x138 /opt/gcc_MINIRISC/bin/../lib/gcc/riscv32-MINIRISC-elf/12.2.0/../../../../riscv32-MINIRISC-elf/lib/libc.a(libc_a-wsetup.o)
                0x0000000080022a68                __swsetup_r
 .text          0x0000000080022ba0        0x0 /opt/gcc_MINIRISC/bin/../lib/gcc/riscv32-MINIRISC-elf/12.2.0/../../../../riscv32-MINIRISC-elf/lib/libc.a(libc_a-fputwc.o)
 .text.__fputwc
                0x0000000080022ba0      0x12c /opt/gcc_MINIRISC/bin/../lib/gcc/riscv32-MINIRISC-elf/12.2.0/../../../../riscv32-MINIRISC-elf/lib/libc.a(libc_a-fputwc.o)
                0x0000000080022ba0                __fputwc
 .text._fputwc_r
                0x0000000080022ccc       0x2c /opt/gcc_MINIRISC/bin/../lib/gcc/riscv32-MINIRISC-elf/12.2.0/../../../../riscv32-MINIRISC-elf/lib/libc.a(libc_a-fputwc.o)
                0x0000000080022ccc                _fputwc_r
 .text.fputwc   0x0000000080022cf8       0x7c /opt/gcc_MINIRISC/bin/../lib/gcc/riscv32-MINIRISC-elf/12.2.0/../../../../riscv32-MINIRISC-elf/lib/libc.a(libc_a-fputwc.o)
                0x0000000080022cf8                fputwc
 .text          0x0000000080022d74        0x0 /opt/gcc_MINIRISC/bin/../lib/gcc/riscv32-MINIRISC-elf/12.2.0/../../../../riscv32-MINIRISC-elf/lib/libc.a(libc_a-abort.o)
 .text.abort    0x0000000080022d74       0x18 /opt/gcc_MINIRISC/bin/../lib/gcc/riscv32-MINIRISC-elf/12.2.0/../../../../riscv32-MINIRISC-elf/lib/libc.a(libc_a-abort.o)
                0x0000000080022d74                abort
 .text          0x0000000080022d8c        0x0 /opt/gcc_MINIRISC/bin/../lib/gcc/riscv32-MINIRISC-elf/12.2.0/../../../../riscv32-MINIRISC-elf/lib/libc.a(libc_a-makebuf.o)
 .text.__smakebuf_r
                0x0000000080022d8c      0x184 /opt/gcc_MINIRISC/bin/../lib/gcc/riscv32-MINIRISC-elf/12.2.0/../../../../riscv32-MINIRISC-elf/lib/libc.a(libc_a-makebuf.o)
                0x0000000080022d8c                __smakebuf_r
 .text.__swhatbuf_r
                0x0000000080022f10       0xd8 /opt/gcc_MINIRISC/bin/../lib/gcc/riscv32-MINIRISC-elf/12.2.0/../../../../riscv32-MINIRISC-elf/lib/libc.a(libc_a-makebuf.o)
                0x0000000080022f10                __swhatbuf_r
 .text          0x0000000080022fe8        0x0 /opt/gcc_MINIRISC/bin/../lib/gcc/riscv32-MINIRISC-elf/12.2.0/../../../../riscv32-MINIRISC-elf/lib/libc.a(libc_a-wbuf.o)
 .text.__swbuf_r
                0x0000000080022fe8      0x174 /opt/gcc_MINIRISC/bin/../lib/gcc/riscv32-MINIRISC-elf/12.2.0/../../../../riscv32-MINIRISC-elf/lib/libc.a(libc_a-wbuf.o)
                0x0000000080022fe8                __swbuf_r
 .text.__swbuf  0x000000008002315c       0x10 /opt/gcc_MINIRISC/bin/../lib/gcc/riscv32-MINIRISC-elf/12.2.0/../../../../riscv32-MINIRISC-elf/lib/libc.a(libc_a-wbuf.o)
                0x000000008002315c                __swbuf
 .text          0x000000008002316c        0x0 /opt/gcc_MINIRISC/bin/../lib/gcc/riscv32-MINIRISC-elf/12.2.0/../../../../riscv32-MINIRISC-elf/lib/libc.a(libc_a-signal.o)
 .text._init_signal_r
                0x000000008002316c       0x5c /opt/gcc_MINIRISC/bin/../lib/gcc/riscv32-MINIRISC-elf/12.2.0/../../../../riscv32-MINIRISC-elf/lib/libc.a(libc_a-signal.o)
                0x000000008002316c                _init_signal_r
 .text._signal_r
                0x00000000800231c8       0x90 /opt/gcc_MINIRISC/bin/../lib/gcc/riscv32-MINIRISC-elf/12.2.0/../../../../riscv32-MINIRISC-elf/lib/libc.a(libc_a-signal.o)
                0x00000000800231c8                _signal_r
 .text._raise_r
                0x0000000080023258       0xc4 /opt/gcc_MINIRISC/bin/../lib/gcc/riscv32-MINIRISC-elf/12.2.0/../../../../riscv32-MINIRISC-elf/lib/libc.a(libc_a-signal.o)
                0x0000000080023258                _raise_r
 .text.__sigtramp_r
                0x000000008002331c       0xe0 /opt/gcc_MINIRISC/bin/../lib/gcc/riscv32-MINIRISC-elf/12.2.0/../../../../riscv32-MINIRISC-elf/lib/libc.a(libc_a-signal.o)
                0x000000008002331c                __sigtramp_r
 .text.raise    0x00000000800233fc       0xc0 /opt/gcc_MINIRISC/bin/../lib/gcc/riscv32-MINIRISC-elf/12.2.0/../../../../riscv32-MINIRISC-elf/lib/libc.a(libc_a-signal.o)
                0x00000000800233fc                raise
 .text.signal   0x00000000800234bc       0x94 /opt/gcc_MINIRISC/bin/../lib/gcc/riscv32-MINIRISC-elf/12.2.0/../../../../riscv32-MINIRISC-elf/lib/libc.a(libc_a-signal.o)
                0x00000000800234bc                signal
 .text._init_signal
                0x0000000080023550       0x5c /opt/gcc_MINIRISC/bin/../lib/gcc/riscv32-MINIRISC-elf/12.2.0/../../../../riscv32-MINIRISC-elf/lib/libc.a(libc_a-signal.o)
                0x0000000080023550                _init_signal
 .text.__sigtramp
                0x00000000800235ac       0xdc /opt/gcc_MINIRISC/bin/../lib/gcc/riscv32-MINIRISC-elf/12.2.0/../../../../riscv32-MINIRISC-elf/lib/libc.a(libc_a-signal.o)
                0x00000000800235ac                __sigtramp
 .text          0x0000000080023688        0x0 /opt/gcc_MINIRISC/bin/../lib/gcc/riscv32-MINIRISC-elf/12.2.0/../../../../riscv32-MINIRISC-elf/lib/libc.a(libc_a-fstatr.o)
 .text._fstat_r
                0x0000000080023688       0x58 /opt/gcc_MINIRISC/bin/../lib/gcc/riscv32-MINIRISC-elf/12.2.0/../../../../riscv32-MINIRISC-elf/lib/libc.a(libc_a-fstatr.o)
                0x0000000080023688                _fstat_r
 .text          0x00000000800236e0        0x0 /opt/gcc_MINIRISC/bin/../lib/gcc/riscv32-MINIRISC-elf/12.2.0/../../../../riscv32-MINIRISC-elf/lib/libc.a(libc_a-isattyr.o)
 .text._isatty_r
                0x00000000800236e0       0x50 /opt/gcc_MINIRISC/bin/../lib/gcc/riscv32-MINIRISC-elf/12.2.0/../../../../riscv32-MINIRISC-elf/lib/libc.a(libc_a-isattyr.o)
                0x00000000800236e0                _isatty_r
 .text          0x0000000080023730        0x0 /opt/gcc_MINIRISC/bin/../lib/gcc/riscv32-MINIRISC-elf/12.2.0/../../../../riscv32-MINIRISC-elf/lib/libc.a(libc_a-signalr.o)
 .text._kill_r  0x0000000080023730       0x58 /opt/gcc_MINIRISC/bin/../lib/gcc/riscv32-MINIRISC-elf/12.2.0/../../../../riscv32-MINIRISC-elf/lib/libc.a(libc_a-signalr.o)
                0x0000000080023730                _kill_r
 .text._getpid_r
                0x0000000080023788        0x4 /opt/gcc_MINIRISC/bin/../lib/gcc/riscv32-MINIRISC-elf/12.2.0/../../../../riscv32-MINIRISC-elf/lib/libc.a(libc_a-signalr.o)
                0x0000000080023788                _getpid_r
 .text          0x000000008002378c        0x0 /opt/gcc_MINIRISC/bin/../lib/gcc/riscv32-MINIRISC-elf/12.2.0/../../../../riscv32-MINIRISC-elf/lib/libgloss.a(riscv_libgloss_a-sys_getpid.o)
 .text._getpid  0x000000008002378c        0x8 /opt/gcc_MINIRISC/bin/../lib/gcc/riscv32-MINIRISC-elf/12.2.0/../../../../riscv32-MINIRISC-elf/lib/libgloss.a(riscv_libgloss_a-sys_getpid.o)
                0x000000008002378c                _getpid
 .text          0x0000000080023794        0x0 /opt/gcc_MINIRISC/bin/../lib/gcc/riscv32-MINIRISC-elf/12.2.0/../../../../riscv32-MINIRISC-elf/lib/libgloss.a(riscv_libgloss_a-sys_kill.o)
 .text._kill    0x0000000080023794       0x24 /opt/gcc_MINIRISC/bin/../lib/gcc/riscv32-MINIRISC-elf/12.2.0/../../../../riscv32-MINIRISC-elf/lib/libgloss.a(riscv_libgloss_a-sys_kill.o)
                0x0000000080023794                _kill
 .text          0x00000000800237b8       0xd0 /opt/gcc_MINIRISC/bin/../lib/gcc/riscv32-MINIRISC-elf/12.2.0/libgcc.a(eqtf2.o)
                0x00000000800237b8                __eqtf2
                0x00000000800237b8                __netf2
 .text          0x0000000080023888      0x158 /opt/gcc_MINIRISC/bin/../lib/gcc/riscv32-MINIRISC-elf/12.2.0/libgcc.a(getf2.o)
                0x0000000080023888                __getf2
                0x0000000080023888                __gttf2
 .text          0x00000000800239e0      0x154 /opt/gcc_MINIRISC/bin/../lib/gcc/riscv32-MINIRISC-elf/12.2.0/libgcc.a(letf2.o)
                0x00000000800239e0                __letf2
                0x00000000800239e0                __lttf2
 .text          0x0000000080023b34     0x11ac /opt/gcc_MINIRISC/bin/../lib/gcc/riscv32-MINIRISC-elf/12.2.0/libgcc.a(multf3.o)
                0x0000000080023b34                __multf3
 .text          0x0000000080024ce0     0x177c /opt/gcc_MINIRISC/bin/../lib/gcc/riscv32-MINIRISC-elf/12.2.0/libgcc.a(subtf3.o)
                0x0000000080024ce0                __subtf3
 .text          0x000000008002645c       0x94 /opt/gcc_MINIRISC/bin/../lib/gcc/riscv32-MINIRISC-elf/12.2.0/libgcc.a(unordtf2.o)
                0x000000008002645c                __unordtf2
 .text          0x00000000800264f0       0xfc /opt/gcc_MINIRISC/bin/../lib/gcc/riscv32-MINIRISC-elf/12.2.0/libgcc.a(fixtfsi.o)
                0x00000000800264f0                __fixtfsi
 .text          0x00000000800265ec      0x194 /opt/gcc_MINIRISC/bin/../lib/gcc/riscv32-MINIRISC-elf/12.2.0/libgcc.a(floatsitf.o)
                0x00000000800265ec                __floatsitf
 .text          0x0000000080026780      0x260 /opt/gcc_MINIRISC/bin/../lib/gcc/riscv32-MINIRISC-elf/12.2.0/libgcc.a(extenddftf2.o)
                0x0000000080026780                __extenddftf2
 .text          0x00000000800269e0        0x0 /opt/gcc_MINIRISC/bin/../lib/gcc/riscv32-MINIRISC-elf/12.2.0/crtend.o
 *(.gnu.warning)

.fini
 *(SORT_NONE(.fini))
                [!provide]                        PROVIDE (__etext = .)
                [!provide]                        PROVIDE (_etext = .)
                [!provide]                        PROVIDE (etext = .)

.rodata         0x00000000800269e0    0x4d8ec
 *(.rodata .rodata.* .gnu.linkonce.r.*)
 .rodata.str1.4
                0x00000000800269e0      0x289 build/minirisc/minirisc.o
 *fill*         0x0000000080026c69        0x3 
 .rodata.str1.4
                0x0000000080026c6c        0xc build/xprintf/xprintf.o
                                          0xd (size before relaxing)
 .rodata        0x0000000080026c78       0xd0 build/xprintf/xprintf.o
 .rodata.str1.4
                0x0000000080026d48       0x30 build/FreeRTOS/tasks.o
 .rodata        0x0000000080026d78       0x3c build/FreeRTOS/tasks.o
 .rodata        0x0000000080026db4       0x28 build/FreeRTOS/timers.o
 .rodata.str1.4
                0x0000000080026ddc       0x10 build/FreeRTOS/timers.o
 .rodata.str1.4
                0x0000000080026dec       0x53 build/FreeRTOS/portable/MemMang/heap_3_nosuspend.o
 *fill*         0x0000000080026e3f        0x1 
 .rodata.str1.4
                0x0000000080026e40       0x14 build/FreeRTOS/portable/GCC/Mini-RISC/port.o
 .rodata.str1.4
                0x0000000080026e54       0x4c build/support/freertos_support.o
 .rodata.str1.4
                0x0000000080026ea0       0x41 build/support/uart.o
 *fill*         0x0000000080026ee1        0x3 
 .rodata        0x0000000080026ee4     0x5d64 build/Cactus1.o
                0x0000000080026ee4                Cactus1
 .rodata.str1.4
                0x000000008002cc48       0x6f build/dinoGame.o
 *fill*         0x000000008002ccb7        0x1 
 .rodata        0x000000008002ccb8     0x8764 build/dinoSpriteCrouched1.o
                0x000000008002ccb8                dinoSpriteCrouched1
 .rodata        0x000000008003541c     0x8764 build/dinoSpriteCrouched2.o
                0x000000008003541c                dinoSpriteCrouched2
 .rodata        0x000000008003db80     0x930c build/dinoSpriteDead.o
                0x000000008003db80                dinoSpriteDead
 .rodata        0x0000000080046e8c     0x930c build/dinoSpriteMoving1.o
                0x0000000080046e8c                dinoSpriteMoving1
 .rodata        0x0000000080050198     0x930c build/dinoSpriteMoving2.o
                0x0000000080050198                dinoSpriteMoving2
 .rodata        0x00000000800594a4     0x930c build/dinoSpriteStatic.o
                0x00000000800594a4                dinoSpriteStatic
 .rodata        0x00000000800627b0     0x1db0 build/font.o
                0x0000000080062da0                terminusbold32x16
 .rodata        0x0000000080064560     0x721c build/Ptero1.o
                0x0000000080064560                Ptero1
 .rodata        0x000000008006b77c     0x721c build/Ptero2.o
                0x000000008006b77c                Ptero2
 .rodata        0x0000000080072998       0x40 /opt/gcc_MINIRISC/bin/../lib/gcc/riscv32-MINIRISC-elf/12.2.0/libgcc.a(divdf3.o)
 .rodata        0x00000000800729d8      0x100 /opt/gcc_MINIRISC/bin/../lib/gcc/riscv32-MINIRISC-elf/12.2.0/libgcc.a(_clz.o)
                0x00000000800729d8                __clz_tab
 .rodata.get_arg
                0x0000000080072ad8      0x2c4 /opt/gcc_MINIRISC/bin/../lib/gcc/riscv32-MINIRISC-elf/12.2.0/../../../../riscv32-MINIRISC-elf/lib/libc.a(libc_a-svfprintf.o)
 .rodata._svfprintf_r.str1.4
                0x0000000080072d9c       0x3e /opt/gcc_MINIRISC/bin/../lib/gcc/riscv32-MINIRISC-elf/12.2.0/../../../../riscv32-MINIRISC-elf/lib/libc.a(libc_a-svfprintf.o)
                                         0x42 (size before relaxing)
 *fill*         0x0000000080072dda        0x2 
 .rodata._svfprintf_r
                0x0000000080072ddc      0x204 /opt/gcc_MINIRISC/bin/../lib/gcc/riscv32-MINIRISC-elf/12.2.0/../../../../riscv32-MINIRISC-elf/lib/libc.a(libc_a-svfprintf.o)
 .rodata.zeroes.0
                0x0000000080072fe0       0x10 /opt/gcc_MINIRISC/bin/../lib/gcc/riscv32-MINIRISC-elf/12.2.0/../../../../riscv32-MINIRISC-elf/lib/libc.a(libc_a-svfprintf.o)
 .rodata.blanks.1
                0x0000000080072ff0       0x10 /opt/gcc_MINIRISC/bin/../lib/gcc/riscv32-MINIRISC-elf/12.2.0/../../../../riscv32-MINIRISC-elf/lib/libc.a(libc_a-svfprintf.o)
 .rodata.cst16  0x0000000080073000       0x30 /opt/gcc_MINIRISC/bin/../lib/gcc/riscv32-MINIRISC-elf/12.2.0/../../../../riscv32-MINIRISC-elf/lib/libc.a(libc_a-svfprintf.o)
 .rodata.currentlocale.str1.4
                0x0000000080073030        0x2 /opt/gcc_MINIRISC/bin/../lib/gcc/riscv32-MINIRISC-elf/12.2.0/../../../../riscv32-MINIRISC-elf/lib/libc.a(libc_a-locale.o)
 *fill*         0x0000000080073032        0x2 
 .rodata.__loadlocale.str1.4
                0x0000000080073034       0xd6 /opt/gcc_MINIRISC/bin/../lib/gcc/riscv32-MINIRISC-elf/12.2.0/../../../../riscv32-MINIRISC-elf/lib/libc.a(libc_a-locale.o)
 *fill*         0x000000008007310a        0x2 
 .rodata.__loadlocale
                0x000000008007310c       0xd4 /opt/gcc_MINIRISC/bin/../lib/gcc/riscv32-MINIRISC-elf/12.2.0/../../../../riscv32-MINIRISC-elf/lib/libc.a(libc_a-locale.o)
 .rodata.__get_locale_env.str1.4
                0x00000000800731e0        0xd /opt/gcc_MINIRISC/bin/../lib/gcc/riscv32-MINIRISC-elf/12.2.0/../../../../riscv32-MINIRISC-elf/lib/libc.a(libc_a-locale.o)
 *fill*         0x00000000800731ed        0x3 
 .rodata.str1.4
                0x00000000800731f0       0x48 /opt/gcc_MINIRISC/bin/../lib/gcc/riscv32-MINIRISC-elf/12.2.0/../../../../riscv32-MINIRISC-elf/lib/libc.a(libc_a-locale.o)
                                         0x4c (size before relaxing)
 .rodata.__C_locale
                0x0000000080073238      0x16c /opt/gcc_MINIRISC/bin/../lib/gcc/riscv32-MINIRISC-elf/12.2.0/../../../../riscv32-MINIRISC-elf/lib/libc.a(libc_a-locale.o)
                0x0000000080073238                __C_locale
 .rodata.categories
                0x00000000800733a4       0x1c /opt/gcc_MINIRISC/bin/../lib/gcc/riscv32-MINIRISC-elf/12.2.0/../../../../riscv32-MINIRISC-elf/lib/libc.a(libc_a-locale.o)
 .rodata.cst16  0x00000000800733c0       0x10 /opt/gcc_MINIRISC/bin/../lib/gcc/riscv32-MINIRISC-elf/12.2.0/../../../../riscv32-MINIRISC-elf/lib/libc.a(libm_a-frexpl.o)
 .rodata.cst16  0x00000000800733d0       0x20 /opt/gcc_MINIRISC/bin/../lib/gcc/riscv32-MINIRISC-elf/12.2.0/../../../../riscv32-MINIRISC-elf/lib/libc.a(libc_a-gdtoa-ldtoa.o)
 .rodata        0x00000000800733f0       0x14 /opt/gcc_MINIRISC/bin/../lib/gcc/riscv32-MINIRISC-elf/12.2.0/../../../../riscv32-MINIRISC-elf/lib/libc.a(libc_a-gdtoa-ldtoa.o)
 .rodata.__gdtoa.str1.4
                0x0000000080073404        0x9 /opt/gcc_MINIRISC/bin/../lib/gcc/riscv32-MINIRISC-elf/12.2.0/../../../../riscv32-MINIRISC-elf/lib/libc.a(libc_a-gdtoa-gdtoa.o)
                                         0x12 (size before relaxing)
 *fill*         0x000000008007340d        0x3 
 .rodata.__jis_mbtowc
                0x0000000080073410       0xd8 /opt/gcc_MINIRISC/bin/../lib/gcc/riscv32-MINIRISC-elf/12.2.0/../../../../riscv32-MINIRISC-elf/lib/libc.a(libc_a-mbtowc_r.o)
 .rodata.JIS_action_table
                0x00000000800734e8       0x48 /opt/gcc_MINIRISC/bin/../lib/gcc/riscv32-MINIRISC-elf/12.2.0/../../../../riscv32-MINIRISC-elf/lib/libc.a(libc_a-mbtowc_r.o)
 .rodata.JIS_state_table
                0x0000000080073530       0x48 /opt/gcc_MINIRISC/bin/../lib/gcc/riscv32-MINIRISC-elf/12.2.0/../../../../riscv32-MINIRISC-elf/lib/libc.a(libc_a-mbtowc_r.o)
 .rodata.__multadd.str1.4
                0x0000000080073578       0x74 /opt/gcc_MINIRISC/bin/../lib/gcc/riscv32-MINIRISC-elf/12.2.0/../../../../riscv32-MINIRISC-elf/lib/libc.a(libc_a-mprec.o)
 .rodata.p05.0  0x00000000800735ec        0xc /opt/gcc_MINIRISC/bin/../lib/gcc/riscv32-MINIRISC-elf/12.2.0/../../../../riscv32-MINIRISC-elf/lib/libc.a(libc_a-mprec.o)
 .rodata.__mprec_tinytens
                0x00000000800735f8       0x28 /opt/gcc_MINIRISC/bin/../lib/gcc/riscv32-MINIRISC-elf/12.2.0/../../../../riscv32-MINIRISC-elf/lib/libc.a(libc_a-mprec.o)
                0x00000000800735f8                __mprec_tinytens
 .rodata.__mprec_bigtens
                0x0000000080073620       0x28 /opt/gcc_MINIRISC/bin/../lib/gcc/riscv32-MINIRISC-elf/12.2.0/../../../../riscv32-MINIRISC-elf/lib/libc.a(libc_a-mprec.o)
                0x0000000080073620                __mprec_bigtens
 .rodata.__mprec_tens
                0x0000000080073648       0xc8 /opt/gcc_MINIRISC/bin/../lib/gcc/riscv32-MINIRISC-elf/12.2.0/../../../../riscv32-MINIRISC-elf/lib/libc.a(libc_a-mprec.o)
                0x0000000080073648                __mprec_tens
 .rodata._ctype_
                0x0000000080073710      0x101 /opt/gcc_MINIRISC/bin/../lib/gcc/riscv32-MINIRISC-elf/12.2.0/../../../../riscv32-MINIRISC-elf/lib/libc.a(libc_a-ctype_.o)
                0x0000000080073710                _ctype_
 *fill*         0x0000000080073811        0x3 
 .rodata.get_arg
                0x0000000080073814      0x2c4 /opt/gcc_MINIRISC/bin/../lib/gcc/riscv32-MINIRISC-elf/12.2.0/../../../../riscv32-MINIRISC-elf/lib/libc.a(libc_a-svfiprintf.o)
 .rodata._svfiprintf_r.str1.4
                0x0000000080073ad8       0x2f /opt/gcc_MINIRISC/bin/../lib/gcc/riscv32-MINIRISC-elf/12.2.0/../../../../riscv32-MINIRISC-elf/lib/libc.a(libc_a-svfiprintf.o)
 .rodata._svfiprintf_r
                0x0000000080073ad8      0x16c /opt/gcc_MINIRISC/bin/../lib/gcc/riscv32-MINIRISC-elf/12.2.0/../../../../riscv32-MINIRISC-elf/lib/libc.a(libc_a-svfiprintf.o)
 .rodata.zeroes.0
                0x0000000080073c44       0x10 /opt/gcc_MINIRISC/bin/../lib/gcc/riscv32-MINIRISC-elf/12.2.0/../../../../riscv32-MINIRISC-elf/lib/libc.a(libc_a-svfiprintf.o)
 .rodata.blanks.1
                0x0000000080073c54       0x10 /opt/gcc_MINIRISC/bin/../lib/gcc/riscv32-MINIRISC-elf/12.2.0/../../../../riscv32-MINIRISC-elf/lib/libc.a(libc_a-svfiprintf.o)
 .rodata.__action_table
                0x0000000080073c64       0x6c /opt/gcc_MINIRISC/bin/../lib/gcc/riscv32-MINIRISC-elf/12.2.0/../../../../riscv32-MINIRISC-elf/lib/libc.a(libc_a-svfiprintf.o)
                0x0000000080073c64                __action_table
 .rodata.__state_table
                0x0000000080073cd0       0x6c /opt/gcc_MINIRISC/bin/../lib/gcc/riscv32-MINIRISC-elf/12.2.0/../../../../riscv32-MINIRISC-elf/lib/libc.a(libc_a-svfiprintf.o)
                0x0000000080073cd0                __state_table
 .rodata.__chclass
                0x0000000080073d3c      0x100 /opt/gcc_MINIRISC/bin/../lib/gcc/riscv32-MINIRISC-elf/12.2.0/../../../../riscv32-MINIRISC-elf/lib/libc.a(libc_a-svfiprintf.o)
                0x0000000080073d3c                __chclass
 .rodata.__assert_func.str1.4
                0x0000000080073e3c       0x3f /opt/gcc_MINIRISC/bin/../lib/gcc/riscv32-MINIRISC-elf/12.2.0/../../../../riscv32-MINIRISC-elf/lib/libc.a(libc_a-assert.o)
                                         0x43 (size before relaxing)
 *fill*         0x0000000080073e7b        0x1 
 .rodata.get_arg
                0x0000000080073e7c      0x2c4 /opt/gcc_MINIRISC/bin/../lib/gcc/riscv32-MINIRISC-elf/12.2.0/../../../../riscv32-MINIRISC-elf/lib/libc.a(libc_a-vfiprintf.o)
 .rodata._vfiprintf_r.str1.4
                0x0000000080074140       0x2f /opt/gcc_MINIRISC/bin/../lib/gcc/riscv32-MINIRISC-elf/12.2.0/../../../../riscv32-MINIRISC-elf/lib/libc.a(libc_a-vfiprintf.o)
 .rodata._vfiprintf_r
                0x0000000080074140      0x16c /opt/gcc_MINIRISC/bin/../lib/gcc/riscv32-MINIRISC-elf/12.2.0/../../../../riscv32-MINIRISC-elf/lib/libc.a(libc_a-vfiprintf.o)
 .rodata.zeroes.0
                0x00000000800742ac       0x10 /opt/gcc_MINIRISC/bin/../lib/gcc/riscv32-MINIRISC-elf/12.2.0/../../../../riscv32-MINIRISC-elf/lib/libc.a(libc_a-vfiprintf.o)
 .rodata.blanks.1
                0x00000000800742bc       0x10 /opt/gcc_MINIRISC/bin/../lib/gcc/riscv32-MINIRISC-elf/12.2.0/../../../../riscv32-MINIRISC-elf/lib/libc.a(libc_a-vfiprintf.o)

.rodata1
 *(.rodata1)

.sdata2
 *(.sdata2 .sdata2.* .gnu.linkonce.s2.*)

.sbss2
 *(.sbss2 .sbss2.* .gnu.linkonce.sb2.*)

.eh_frame_hdr
 *(.eh_frame_hdr)
 *(.eh_frame_entry .eh_frame_entry.*)

.eh_frame
 *(.eh_frame)
 *(.eh_frame.*)

.sframe
 *(.sframe)
 *(.sframe.*)

.gcc_except_table
 *(.gcc_except_table .gcc_except_table.*)

.gnu_extab
 *(.gnu_extab*)

.exception_ranges
 *(.exception_ranges*)
                0x00000000800752cc                . = DATA_SEGMENT_ALIGN (CONSTANT (MAXPAGESIZE), CONSTANT (COMMONPAGESIZE))

.eh_frame       0x00000000800742cc       0x40
 *(.eh_frame)
 .eh_frame      0x00000000800742cc        0x0 /opt/gcc_MINIRISC/bin/../lib/gcc/riscv32-MINIRISC-elf/12.2.0/crtbegin.o
 .eh_frame      0x00000000800742cc       0x28 /opt/gcc_MINIRISC/bin/../lib/gcc/riscv32-MINIRISC-elf/12.2.0/libgcc.a(_udivdi3.o)
 .eh_frame      0x00000000800742f4       0x14 /opt/gcc_MINIRISC/bin/../lib/gcc/riscv32-MINIRISC-elf/12.2.0/libgcc.a(_umoddi3.o)
                                         0x28 (size before relaxing)
 .eh_frame      0x0000000080074308        0x4 /opt/gcc_MINIRISC/bin/../lib/gcc/riscv32-MINIRISC-elf/12.2.0/crtend.o
 *(.eh_frame.*)

.sframe
 *(.sframe)
 *(.sframe.*)

.gnu_extab
 *(.gnu_extab)
