Archive member included to satisfy reference by file (symbol)

/opt/gcc_MINIRISC/bin/../lib/gcc/riscv32-MINIRISC-elf/12.2.0/libgcc.a(_clzsi2.o)
                              build/FreeRTOS/tasks.o (__clzsi2)
/opt/gcc_MINIRISC/bin/../lib/gcc/riscv32-MINIRISC-elf/12.2.0/libgcc.a(_udivdi3.o)
                              build/xprintf/xprintf.o (__udivdi3)
/opt/gcc_MINIRISC/bin/../lib/gcc/riscv32-MINIRISC-elf/12.2.0/libgcc.a(_umoddi3.o)
                              build/xprintf/xprintf.o (__umoddi3)
/opt/gcc_MINIRISC/bin/../lib/gcc/riscv32-MINIRISC-elf/12.2.0/libgcc.a(adddf3.o)
                              build/xprintf/xprintf.o (__adddf3)
/opt/gcc_MINIRISC/bin/../lib/gcc/riscv32-MINIRISC-elf/12.2.0/libgcc.a(divdf3.o)
                              build/xprintf/xprintf.o (__divdf3)
/opt/gcc_MINIRISC/bin/../lib/gcc/riscv32-MINIRISC-elf/12.2.0/libgcc.a(eqdf2.o)
                              build/xprintf/xprintf.o (__nedf2)
/opt/gcc_MINIRISC/bin/../lib/gcc/riscv32-MINIRISC-elf/12.2.0/libgcc.a(gedf2.o)
                              build/xprintf/xprintf.o (__gedf2)
/opt/gcc_MINIRISC/bin/../lib/gcc/riscv32-MINIRISC-elf/12.2.0/libgcc.a(ledf2.o)
                              build/xprintf/xprintf.o (__ledf2)
/opt/gcc_MINIRISC/bin/../lib/gcc/riscv32-MINIRISC-elf/12.2.0/libgcc.a(muldf3.o)
                              build/xprintf/xprintf.o (__muldf3)
/opt/gcc_MINIRISC/bin/../lib/gcc/riscv32-MINIRISC-elf/12.2.0/libgcc.a(subdf3.o)
                              build/xprintf/xprintf.o (__subdf3)
/opt/gcc_MINIRISC/bin/../lib/gcc/riscv32-MINIRISC-elf/12.2.0/libgcc.a(unorddf2.o)
                              build/xprintf/xprintf.o (__unorddf2)
/opt/gcc_MINIRISC/bin/../lib/gcc/riscv32-MINIRISC-elf/12.2.0/libgcc.a(fixdfsi.o)
                              build/xprintf/xprintf.o (__fixdfsi)
/opt/gcc_MINIRISC/bin/../lib/gcc/riscv32-MINIRISC-elf/12.2.0/libgcc.a(floatsidf.o)
                              build/xprintf/xprintf.o (__floatsidf)
/opt/gcc_MINIRISC/bin/../lib/gcc/riscv32-MINIRISC-elf/12.2.0/libgcc.a(_clz.o)
                              /opt/gcc_MINIRISC/bin/../lib/gcc/riscv32-MINIRISC-elf/12.2.0/libgcc.a(_clzsi2.o) (__clz_tab)
/opt/gcc_MINIRISC/bin/../lib/gcc/riscv32-MINIRISC-elf/12.2.0/../../../../riscv32-MINIRISC-elf/lib/libc.a(libc_a-atexit.o)
                              /opt/gcc_MINIRISC/bin/../lib/gcc/riscv32-MINIRISC-elf/12.2.0/../../../../riscv32-MINIRISC-elf/lib/crt0.o (atexit)
/opt/gcc_MINIRISC/bin/../lib/gcc/riscv32-MINIRISC-elf/12.2.0/../../../../riscv32-MINIRISC-elf/lib/libc.a(libc_a-exit.o)
                              /opt/gcc_MINIRISC/bin/../lib/gcc/riscv32-MINIRISC-elf/12.2.0/../../../../riscv32-MINIRISC-elf/lib/crt0.o (exit)
/opt/gcc_MINIRISC/bin/../lib/gcc/riscv32-MINIRISC-elf/12.2.0/../../../../riscv32-MINIRISC-elf/lib/libc.a(libc_a-malloc.o)
                              build/FreeRTOS/portable/MemMang/heap_3_nosuspend.o (malloc)
/opt/gcc_MINIRISC/bin/../lib/gcc/riscv32-MINIRISC-elf/12.2.0/../../../../riscv32-MINIRISC-elf/lib/libc.a(libc_a-mallocr.o)
                              /opt/gcc_MINIRISC/bin/../lib/gcc/riscv32-MINIRISC-elf/12.2.0/../../../../riscv32-MINIRISC-elf/lib/libc.a(libc_a-malloc.o) (_malloc_r)
/opt/gcc_MINIRISC/bin/../lib/gcc/riscv32-MINIRISC-elf/12.2.0/../../../../riscv32-MINIRISC-elf/lib/libc.a(libc_a-findfp.o)
                              build/FreeRTOS/tasks.o (__sf)
/opt/gcc_MINIRISC/bin/../lib/gcc/riscv32-MINIRISC-elf/12.2.0/../../../../riscv32-MINIRISC-elf/lib/libc.a(libc_a-fwalk.o)
                              /opt/gcc_MINIRISC/bin/../lib/gcc/riscv32-MINIRISC-elf/12.2.0/../../../../riscv32-MINIRISC-elf/lib/libc.a(libc_a-findfp.o) (_fwalk_sglue)
/opt/gcc_MINIRISC/bin/../lib/gcc/riscv32-MINIRISC-elf/12.2.0/../../../../riscv32-MINIRISC-elf/lib/libc.a(libc_a-sprintf.o)
                              build/FreeRTOS/tasks.o (sprintf)
/opt/gcc_MINIRISC/bin/../lib/gcc/riscv32-MINIRISC-elf/12.2.0/../../../../riscv32-MINIRISC-elf/lib/libc.a(libc_a-stdio.o)
                              /opt/gcc_MINIRISC/bin/../lib/gcc/riscv32-MINIRISC-elf/12.2.0/../../../../riscv32-MINIRISC-elf/lib/libc.a(libc_a-findfp.o) (__sread)
/opt/gcc_MINIRISC/bin/../lib/gcc/riscv32-MINIRISC-elf/12.2.0/../../../../riscv32-MINIRISC-elf/lib/libc.a(libc_a-time.o)
                              build/dinoGame.o (time)
/opt/gcc_MINIRISC/bin/../lib/gcc/riscv32-MINIRISC-elf/12.2.0/../../../../riscv32-MINIRISC-elf/lib/libc.a(libc_a-closer.o)
                              /opt/gcc_MINIRISC/bin/../lib/gcc/riscv32-MINIRISC-elf/12.2.0/../../../../riscv32-MINIRISC-elf/lib/libc.a(libc_a-stdio.o) (_close_r)
/opt/gcc_MINIRISC/bin/../lib/gcc/riscv32-MINIRISC-elf/12.2.0/../../../../riscv32-MINIRISC-elf/lib/libc.a(libc_a-reent.o)
                              build/FreeRTOS/tasks.o (_reclaim_reent)
/opt/gcc_MINIRISC/bin/../lib/gcc/riscv32-MINIRISC-elf/12.2.0/../../../../riscv32-MINIRISC-elf/lib/libc.a(libc_a-impure.o)
                              build/FreeRTOS/tasks.o (_impure_ptr)
[...]
Memory Configuration

Name             Origin             Length             Attributes
RAM              0x0000000080000000 0x0000000002000000 xrw
ERAM             0x0000000020000000 0x0000000002000000 xrw
*default*        0x0000000000000000 0xffffffffffffffff

Linker script and memory map

LOAD /opt/gcc_MINIRISC/bin/../lib/gcc/riscv32-MINIRISC-elf/12.2.0/../../../../riscv32-MINIRISC-elf/lib/crt0.o
LOAD /opt/gcc_MINIRISC/bin/../lib/gcc/riscv32-MINIRISC-elf/12.2.0/crtbegin.o
LOAD build/minirisc/minirisc.o
LOAD build/xprintf/xprintf.o
LOAD build/FreeRTOS/tasks.o
LOAD build/FreeRTOS/timers.o
LOAD build/FreeRTOS/list.o
LOAD build/FreeRTOS/queue.o
LOAD build/FreeRTOS/croutine.o
LOAD build/FreeRTOS/stream_buffer.o
LOAD build/FreeRTOS/event_groups.o
LOAD build/FreeRTOS/portable/MemMang/heap_3_nosuspend.o
LOAD build/FreeRTOS/portable/GCC/Mini-RISC/port.o
LOAD build/support/syscalls.o
LOAD build/support/freertos_support.o
LOAD build/support/uart.o
LOAD build/Cactus1.o
LOAD build/dinoGame.o
LOAD build/dinoSpriteCrouched1.o
LOAD build/dinoSpriteCrouched2.o
LOAD build/dinoSpriteDead.o
LOAD build/dinoSpriteMoving1.o
LOAD build/dinoSpriteMoving2.o
LOAD build/dinoSpriteStatic.o
LOAD build/font.o
LOAD build/Ptero1.o
LOAD build/Ptero2.o
LOAD build/sprite.o
LOAD build/minirisc/minirisc_init.o
LOAD build/FreeRTOS/portable/GCC/Mini-RISC/portASM.o
                [!provide]                        PROVIDE (__executable_start = SEGMENT_START ("text-segment", 0x10000))
                0x0000000000010074                . = (SEGMENT_START ("text-segment", 0x10000) + SIZEOF_HEADERS)

.interp
 *(.interp)

.note.gnu.build-id
 *(.note.gnu.build-id)

.hash
 *(.hash)

.gnu.hash
 *(.gnu.hash)

.dynsym
 *(.dynsym)

.dynstr
 *(.dynstr)

.gnu.version
 *(.gnu.version)

.gnu.version_d
 *(.gnu.version_d)

.gnu.version_r
 *(.gnu.version_r)

.rela.dyn       0x0000000080000000        0x0
 *(.rela.init)
 *(.rela.text .rela.text.* .rela.gnu.linkonce.t.*)
 .rela.text     0x0000000080000000        0x0 /opt/gcc_MINIRISC/bin/../lib/gcc/riscv32-MINIRISC-elf/12.2.0/../../../../riscv32-MINIRISC-elf/lib/crt0.o
 .rela.text.__libc_init_array
                0x0000000080000000        0x0 /opt/gcc_MINIRISC/bin/../lib/gcc/riscv32-MINIRISC-elf/12.2.0/../../../../riscv32-MINIRISC-elf/lib/crt0.o
 .rela.text.__libc_fini_array
                0x0000000080000000        0x0 /opt/gcc_MINIRISC/bin/../lib/gcc/riscv32-MINIRISC-elf/12.2.0/../../../../riscv32-MINIRISC-elf/lib/crt0.o
 .rela.text.startup.register_fini
                0x0000000080000000        0x0 /opt/gcc_MINIRISC/bin/../lib/gcc/riscv32-MINIRISC-elf/12.2.0/../../../../riscv32-MINIRISC-elf/lib/crt0.o
 *(.rela.fini)
 *(.rela.rodata .rela.rodata.* .rela.gnu.linkonce.r.*)
 *(.rela.data .rela.data.* .rela.gnu.linkonce.d.*)
 *(.rela.tdata .rela.tdata.* .rela.gnu.linkonce.td.*)
 *(.rela.tbss .rela.tbss.* .rela.gnu.linkonce.tb.*)
 *(.rela.ctors)
 *(.rela.dtors)
 *(.rela.got)
 *(.rela.sdata .rela.sdata.* .rela.gnu.linkonce.s.*)
 *(.rela.sbss .rela.sbss.* .rela.gnu.linkonce.sb.*)
 *(.rela.sdata2 .rela.sdata2.* .rela.gnu.linkonce.s2.*)
 *(.rela.sbss2 .rela.sbss2.* .rela.gnu.linkonce.sb2.*)
 *(.rela.bss .rela.bss.* .rela.gnu.linkonce.b.*)
 *(.rela.ifunc)
 .rela.srodata  0x0000000080000000        0x0 /opt/gcc_MINIRISC/bin/../lib/gcc/riscv32-MINIRISC-elf/12.2.0/../../../../riscv32-MINIRISC-elf/lib/crt0.o
 .rela.minirisc_init
                0x0000000080000000        0x0 /opt/gcc_MINIRISC/bin/../lib/gcc/riscv32-MINIRISC-elf/12.2.0/../../../../riscv32-MINIRISC-elf/lib/crt0.o

.rela.plt       0x0000000000010074        0x0
 *(.rela.plt)
                [!provide]                        PROVIDE (__rela_iplt_start = .)
 *(.rela.iplt)
                [!provide]                        PROVIDE (__rela_iplt_end = .)

.eram
 *(.eram)
 *(.eram.*)
                0x0000000081fffff0                PROVIDE (__stack_top = ((ORIGIN (RAM) + LENGTH (RAM)) - 0x10))
                0x0000000081fffff0                PROVIDE (__freertos_irq_stack_top = __stack_top)

.minirisc_init  0x0000000080000000       0x2c
                0x0000000080000000                . = ALIGN (0x4)
 *(.minirisc_init)
 .minirisc_init
                0x0000000080000000       0x2c build/minirisc/minirisc_init.o
                0x0000000080000000                _minirisc_init
                0x000000008000002c                . = ALIGN (0x4)

.init
 *(SORT_NONE(.init))

.plt
 *(.plt)
 *(.iplt)

.minirisc_irq_handlers
                0x0000000080000030      0xcd4
                0x0000000080000030                . = ALIGN (0x4)
 *(.minirisc_irq_handlers)
 .minirisc_irq_handlers
                0x0000000080000030      0x6f8 build/minirisc/minirisc.o
                0x0000000080000030                environment_call_exception_handler
                0x00000000800000cc                environment_break_exception_handler
                0x0000000080000168                default_exception_handler
                0x0000000080000210                instruction_address_misaligned_exception_handler
                0x00000000800002b4                instruction_access_fault_exception_handler
                0x0000000080000354                illegal_instruction_exception_handler
                0x00000000800003f8                load_address_misaligned_exception_handler
                0x000000008000049c                store_address_misaligned_exception_handler
                0x0000000080000540                load_access_fault_exception_handler
                0x00000000800005e4                store_access_fault_exception_handler
                0x0000000080000688                default_interrupt_handler
                0x0000000080000688                mouse_interrupt_handler
                0x0000000080000688                nic_rx_interrupt_handler
                0x0000000080000688                blkdev_interrupt_handler
                0x0000000080000688                audio_interrupt_handler
                0x0000000080000688                nic_tx_interrupt_handler
 .minirisc_irq_handlers
                0x0000000080000728       0xa4 build/FreeRTOS/portable/GCC/Mini-RISC/port.o
                0x0000000080000728                timer_interrupt_handler
 .minirisc_irq_handlers
                0x00000000800007cc      0x190 build/support/uart.o
                0x00000000800007cc                uart_rx_interrupt_handler
                0x00000000800008a0                uart_tx_interrupt_handler
 .minirisc_irq_handlers
                0x000000008000095c      0x1f0 build/dinoGame.o
                0x000000008000095c                keyboard_interrupt_handler
                0x0000000080000a98                video_interrupt_handler
 *fill*         0x0000000080000b4c        0x4 
 .minirisc_irq_handlers
                0x0000000080000b50       0x80 build/minirisc/minirisc_init.o
 .minirisc_irq_handlers
                0x0000000080000bd0      0x134 build/FreeRTOS/portable/GCC/Mini-RISC/portASM.o
                0x0000000080000bd0                swi_interrupt_handler
                0x0000000080000d04                . = ALIGN (0x4)

.text           0x0000000080000d04    0x25d08
 *(.text.unlikely .text.*_unlikely .text.unlikely.*)
 *(.text.exit .text.exit.*)
 .text.exit     0x0000000080000d04       0x2c /opt/gcc_MINIRISC/bin/../lib/gcc/riscv32-MINIRISC-elf/12.2.0/../../../../riscv32-MINIRISC-elf/lib/libc.a(libc_a-exit.o)
                0x0000000080000d04                exit
 *(.text.startup .text.startup.*)
 .text.startup.register_fini
                0x0000000080000d30       0x18 /opt/gcc_MINIRISC/bin/../lib/gcc/riscv32-MINIRISC-elf/12.2.0/../../../../riscv32-MINIRISC-elf/lib/libc.a(libc_a-__call_atexit.o)
 *(.text.hot .text.hot.*)
 *(SORT_BY_NAME(.text.sorted.*))
 *(.text .stub .text.* .gnu.linkonce.t.*)
 .text          0x0000000080000d48       0x44 /opt/gcc_MINIRISC/bin/../lib/gcc/riscv32-MINIRISC-elf/12.2.0/../../../../riscv32-MINIRISC-elf/lib/crt0.o
                0x0000000080000d48                _start
 .text          0x0000000080000d8c       0x68 /opt/gcc_MINIRISC/bin/../lib/gcc/riscv32-MINIRISC-elf/12.2.0/crtbegin.o
 .text          0x0000000080000df4       0x70 build/minirisc/minirisc.o
                0x0000000080000df4                minirisc_halt
                0x0000000080000e08                minirisc_enable_global_interrupts
                0x0000000080000e10                minirisc_disable_global_interrupts
                0x0000000080000e18                minirisc_wait_for_interrupt
                0x0000000080000e20                minirisc_enable_interrupt
                0x0000000080000e28                minirisc_disable_interrupt
                0x0000000080000e30                minirisc_get_pending_interrupts
                0x0000000080000e38                minirisc_raise_software_interrupt
                0x0000000080000e44                minirisc_clear_software_interrupt
                0x0000000080000e50                minirisc_nb_instruction_retired
 .text          0x0000000080000e64      0xd30 build/xprintf/xprintf.o
                0x0000000080001430                xfputc
                0x0000000080001470                xputc
                0x0000000080001a58                xfputs
                0x0000000080001a9c                xputs
                0x0000000080001ac0                xprintf
                0x0000000080001b08                xfprintf
                0x0000000080001b40                xsprintf
 .text          0x0000000080001b94     0x31e0 build/FreeRTOS/tasks.o
                0x0000000080002288                xTaskCreateStatic
                0x0000000080002370                xTaskCreate
                0x0000000080002454                vTaskDelete
                0x0000000080002584                eTaskGetState
                0x0000000080002654                uxTaskPriorityGet
                0x0000000080002684                uxTaskPriorityGetFromISR
                0x0000000080002698                vTaskPrioritySet
                0x0000000080002850                vTaskResume
                0x0000000080002954                xTaskResumeFromISR
                0x0000000080002a64                vTaskStartScheduler
                0x0000000080002b14                vTaskEndScheduler
                0x0000000080002b34                vTaskSuspendAll
                0x0000000080002b44                xTaskGetTickCount
                0x0000000080002b4c                xTaskGetTickCountFromISR
                0x0000000080002b54                uxTaskGetNumberOfTasks
                0x0000000080002b5c                pcTaskGetName
                0x0000000080002b78                xTaskIncrementTick
                0x0000000080002d8c                xTaskResumeAll
                0x0000000080002f94                xTaskDelayUntil
                0x0000000080003060                vTaskDelay
                0x00000000800030c0                xTaskCatchUpTicks
                0x0000000080003120                vTaskSwitchContext
                0x00000000800032a0                vTaskSuspend
                0x0000000080003408                vTaskPlaceOnEventList
                0x000000008000344c                vTaskPlaceOnUnorderedEventList
                0x00000000800034e0                vTaskPlaceOnEventListRestricted
                0x000000008000355c                xTaskRemoveFromEventList
                0x00000000800036c8                vTaskRemoveFromUnorderedEventList
                0x0000000080003800                vTaskSetTimeOutState
                0x0000000080003844                vTaskInternalSetTimeOutState
                0x0000000080003858                xTaskCheckForTimeOut
                0x0000000080003920                vTaskMissedYield
                0x000000008000392c                uxTaskGetTaskNumber
                0x0000000080003940                vTaskSetTaskNumber
                0x000000008000394c                vTaskGetInfo
                0x0000000080003b24                uxTaskGetSystemState
                0x0000000080003c58                vTaskGetStackPointer
                0x0000000080003ca0                vTaskColorFreeStack
                0x0000000080003d30                uxTaskGetStackHighWaterMark
                0x0000000080003d58                xTaskGetCurrentTaskHandle
                0x0000000080003d60                xTaskGetSchedulerState
                0x0000000080003d88                xTaskPriorityInherit
                0x0000000080003ee8                xTaskPriorityDisinherit
                0x0000000080004018                vTaskPriorityDisinheritAfterTimeout
                0x0000000080004160                vTaskList
                0x000000008000428c                vTaskGetRunTimeStats
                0x0000000080004470                uxTaskResetEventItemValue
                0x0000000080004494                pvTaskIncrementMutexHeldCount
                0x00000000800044b4                ulTaskGenericNotifyTake
                0x00000000800045c8                xTaskGenericNotifyWait
                0x0000000080004724                xTaskGenericNotify
                0x0000000080004924                xTaskGenericNotifyFromISR
                0x0000000080004b4c                vTaskGenericNotifyGiveFromISR
                0x0000000080004cc8                xTaskGenericNotifyStateClear
                0x0000000080004d28                ulTaskGenericNotifyValueClear
 .text          0x0000000080004d74      0x94c build/FreeRTOS/timers.o
                0x0000000080005314                xTimerCreateTimerTask
                0x0000000080005388                xTimerCreate
                0x0000000080005414                xTimerCreateStatic
                0x0000000080005470                xTimerGenericCommand
                0x0000000080005514                xTimerGetTimerDaemonTaskHandle
                0x0000000080005528                xTimerGetPeriod
                0x000000008000553c                vTimerSetReloadMode
                0x0000000080005588                xTimerGetReloadMode
                0x00000000800055cc                uxTimerGetReloadMode
                0x00000000800055e4                xTimerGetExpiryTime
                0x00000000800055f8                pcTimerGetName
                0x000000008000560c                xTimerIsTimerActive
                0x0000000080005650                pvTimerGetTimerID
                0x0000000080005680                vTimerSetTimerID
                0x00000000800056b0                uxTimerGetTimerNumber
                0x00000000800056b8                vTimerSetTimerNumber
 .text          0x00000000800056c0       0xe8 build/FreeRTOS/list.o
                0x00000000800056c0                vListInitialise
                0x00000000800056e0                vListInitialiseItem
                0x00000000800056e8                vListInsertEnd
                0x0000000080005714                vListInsert
                0x0000000080005764                uxListRemove
 .text          0x00000000800057a8     0x1938 build/FreeRTOS/queue.o
                0x0000000080005b60                xQueueGenericReset
                0x0000000080005cac                xQueueGenericCreateStatic
                0x0000000080005d24                xQueueGenericCreate
                0x0000000080005dcc                xQueueCreateCountingSemaphoreStatic
                0x0000000080005e20                xQueueCreateCountingSemaphore
                0x0000000080005e6c                xQueueGenericSend
                0x00000000800060f0                xQueueCreateMutex
                0x0000000080006128                xQueueCreateMutexStatic
                0x0000000080006168                xQueueGiveMutexRecursive
                0x00000000800061e0                xQueueGenericSendFromISR
                0x0000000080006364                xQueueGiveFromISR
                0x00000000800064a8                xQueueReceive
                0x00000000800066a0                xQueueSemaphoreTake
                0x0000000080006920                xQueueTakeMutexRecursive
                0x000000008000699c                xQueuePeek
                0x0000000080006b8c                xQueueReceiveFromISR
                0x0000000080006c90                xQueuePeekFromISR
                0x0000000080006d0c                uxQueueMessagesWaiting
                0x0000000080006d3c                uxQueueSpacesAvailable
                0x0000000080006d74                uxQueueMessagesWaitingFromISR
                0x0000000080006d88                uxQueueGetQueueNumber
                0x0000000080006d90                vQueueSetQueueNumber
                0x0000000080006d98                ucQueueGetQueueType
                0x0000000080006da0                xQueueIsQueueEmptyFromISR
                0x0000000080006dc4                xQueueIsQueueFullFromISR
                0x0000000080006dec                vQueueAddToRegistry
                0x0000000080006e6c                pcQueueGetName
                0x0000000080006eb8                vQueueUnregisterQueue
                0x0000000080006f04                vQueueDelete
                0x0000000080006f48                vQueueWaitForMessageRestricted
                0x0000000080006fd8                xQueueCreateSet
                0x0000000080006ff8                xQueueAddToSet
                0x0000000080007040                xQueueRemoveFromSet
                0x0000000080007090                xQueueSelectFromSet
                0x00000000800070b8                xQueueSelectFromSetFromISR
 .text          0x00000000800070e0        0x0 build/FreeRTOS/croutine.o
 .text          0x00000000800070e0      0xd20 build/FreeRTOS/stream_buffer.o
                0x0000000080007448                xStreamBufferGenericCreate
                0x0000000080007520                xStreamBufferGenericCreateStatic
                0x00000000800075cc                vStreamBufferDelete
                0x000000008000760c                xStreamBufferReset
                0x00000000800076a8                xStreamBufferSetTriggerLevel
                0x00000000800076d8                xStreamBufferSpacesAvailable
                0x0000000080007714                xStreamBufferBytesAvailable
                0x0000000080007738                xStreamBufferSend
                0x0000000080007904                xStreamBufferSendFromISR
                0x00000000800079e8                xStreamBufferReceive
                0x0000000080007b60                xStreamBufferNextMessageLengthBytes
                0x0000000080007bd0                xStreamBufferReceiveFromISR
                0x0000000080007ca8                xStreamBufferIsEmpty
                0x0000000080007cd0                xStreamBufferIsFull
                0x0000000080007d24                xStreamBufferSendCompletedFromISR
                0x0000000080007d84                xStreamBufferReceiveCompletedFromISR
                0x0000000080007de4                uxStreamBufferGetStreamBufferNumber
                0x0000000080007dec                vStreamBufferSetStreamBufferNumber
                0x0000000080007df4                ucStreamBufferGetStreamBufferType
 .text          0x0000000080007e00      0x5bc build/FreeRTOS/event_groups.o
                0x0000000080007e34                xEventGroupCreateStatic
                0x0000000080007e90                xEventGroupCreate
                0x0000000080007ed0                xEventGroupWaitBits
                0x0000000080008058                xEventGroupClearBits
                0x00000000800080b0                xEventGroupGetBitsFromISR
                0x00000000800080b8                xEventGroupSetBits
                0x00000000800081b0                xEventGroupSync
                0x0000000080008300                vEventGroupDelete
                0x0000000080008370                vEventGroupSetBitsCallback
                0x0000000080008388                vEventGroupClearBitsCallback
                0x00000000800083a0                uxEventGroupGetNumber
                0x00000000800083b4                vEventGroupSetNumber
 .text          0x00000000800083bc       0xd0 build/FreeRTOS/portable/MemMang/heap_3_nosuspend.o
                0x00000000800083bc                pvPortMalloc
                0x00000000800083f0                vPortFree
                0x0000000080008410                init_malloc_mutex
                0x0000000080008434                __malloc_lock
                0x0000000080008470                __malloc_unlock
 .text          0x000000008000848c      0x100 build/FreeRTOS/portable/GCC/Mini-RISC/port.o
                0x00000000800084f8                vPortSetupTimerInterrupt
                0x0000000080008534                xPortStartScheduler
                0x000000008000856c                vPortEndScheduler
                0x0000000080008570                pxPortInitialiseStack
 .text          0x000000008000858c      0x2d0 build/support/syscalls.o
                0x000000008000858c                _exit
                0x00000000800085a0                _sbrk
                0x00000000800085fc                _write
                0x000000008000863c                _read
                0x0000000080008674                _gettimeofday
                0x0000000080008698                _open
                0x00000000800086bc                _close
                0x00000000800086f0                _isatty
                0x0000000080008724                _fstat
                0x00000000800087cc                _stat
                0x00000000800087f0                _lseek
                0x0000000080008814                _unlink
                0x0000000080008838                _link
 .text          0x000000008000885c       0xf8 build/support/freertos_support.o
                0x000000008000885c                vApplicationGetIdleTaskMemory
                0x0000000080008878                vApplicationGetTimerTaskMemory
                0x0000000080008898                configure_timer_for_run_time_stats
                0x000000008000889c                get_run_time_counter_value
                0x00000000800088ac                vApplicationStackOverflowHook
                0x00000000800088e4                vApplicationMallocFailedHook
                0x000000008000890c                vApplicationIdleHook
                0x0000000080008924                usleep
 .text          0x0000000080008954      0x224 build/support/uart.o
                0x00000000800089ec                uart_read
                0x0000000080008a80                uart_write
                0x0000000080008b1c                init_uart
 .text          0x0000000080008b78        0x0 build/Cactus1.o
 .text          0x0000000080008b78      0x8c8 build/dinoGame.o
                0x0000000080008b78                lcg_rand
                0x0000000080008b9c                init_video
                0x0000000080008bf0                init_variables
                0x0000000080008cf0                update_game
                0x0000000080008d94                spawn_obstacles
                0x0000000080008e94                move_obstacles
                0x0000000080008fbc                check_collision
                0x0000000080009004                game_over
                0x0000000080009044                check_collisions
                0x0000000080009184                printScreen
                0x00000000800093bc                main
 .text          0x0000000080009440        0x0 build/dinoSpriteCrouched1.o
 .text          0x0000000080009440        0x0 build/dinoSpriteCrouched2.o
 .text          0x0000000080009440        0x0 build/dinoSpriteDead.o
 .text          0x0000000080009440        0x0 build/dinoSpriteMoving1.o
 .text          0x0000000080009440        0x0 build/dinoSpriteMoving2.o
 .text          0x0000000080009440        0x0 build/dinoSpriteStatic.o
 .text          0x0000000080009440      0x95c build/font.o
                0x00000000800094d4                font_8x16_draw_char
                0x0000000080009844                font_8x16_draw_text
                0x0000000080009900                font_16x32_draw_char
                0x0000000080009ce0                font_16x32_draw_text
 .text          0x0000000080009d9c        0x0 build/Ptero1.o
 .text          0x0000000080009d9c        0x0 build/Ptero2.o
 .text          0x0000000080009d9c      0x534 build/sprite.o
                0x0000000080009f84                fill_rectangle
                0x000000008000a008                draw_sprite
                0x000000008000a214                draw_line
 .text          0x000000008000a2d0        0x0 build/minirisc/minirisc_init.o
 .text          0x000000008000a2d0       0x9c build/FreeRTOS/portable/GCC/Mini-RISC/portASM.o
                0x000000008000a2d0                xPortStartFirstTask
 .text          0x000000008000a36c       0x88 /opt/gcc_MINIRISC/bin/../lib/gcc/riscv32-MINIRISC-elf/12.2.0/libgcc.a(_clzsi2.o)
                0x000000008000a36c                __clzsi2
 .text          0x000000008000a3f4      0x4b8 /opt/gcc_MINIRISC/bin/../lib/gcc/riscv32-MINIRISC-elf/12.2.0/libgcc.a(_udivdi3.o)
                0x000000008000a3f4                __udivdi3
 .text          0x000000008000a8ac      0x478 /opt/gcc_MINIRISC/bin/../lib/gcc/riscv32-MINIRISC-elf/12.2.0/libgcc.a(_umoddi3.o)
                0x000000008000a8ac                __umoddi3
 .text          0x000000008000ad24      0x8c8 /opt/gcc_MINIRISC/bin/../lib/gcc/riscv32-MINIRISC-elf/12.2.0/libgcc.a(adddf3.o)
                0x000000008000ad24                __adddf3
 .text          0x000000008000b5ec      0x784 /opt/gcc_MINIRISC/bin/../lib/gcc/riscv32-MINIRISC-elf/12.2.0/libgcc.a(divdf3.o)
                0x000000008000b5ec                __divdf3
 .text          0x000000008000bd70       0x8c /opt/gcc_MINIRISC/bin/../lib/gcc/riscv32-MINIRISC-elf/12.2.0/libgcc.a(eqdf2.o)
                0x000000008000bd70                __eqdf2
                0x000000008000bd70                __nedf2
 .text          0x000000008000bdfc      0x104 /opt/gcc_MINIRISC/bin/../lib/gcc/riscv32-MINIRISC-elf/12.2.0/libgcc.a(gedf2.o)
                0x000000008000bdfc                __gtdf2
                0x000000008000bdfc                __gedf2
 .text          0x000000008000bf00      0x100 /opt/gcc_MINIRISC/bin/../lib/gcc/riscv32-MINIRISC-elf/12.2.0/libgcc.a(ledf2.o)
                0x000000008000bf00                __ltdf2
                0x000000008000bf00                __ledf2
 .text          0x000000008000c000      0x724 /opt/gcc_MINIRISC/bin/../lib/gcc/riscv32-MINIRISC-elf/12.2.0/libgcc.a(muldf3.o)
                0x000000008000c000                __muldf3
 .text          0x000000008000c724      0x914 /opt/gcc_MINIRISC/bin/../lib/gcc/riscv32-MINIRISC-elf/12.2.0/libgcc.a(subdf3.o)
                0x000000008000c724                __subdf3
 .text          0x000000008000d038       0x54 /opt/gcc_MINIRISC/bin/../lib/gcc/riscv32-MINIRISC-elf/12.2.0/libgcc.a(unorddf2.o)
                0x000000008000d038                __unorddf2
 .text          0x000000008000d08c       0x84 /opt/gcc_MINIRISC/bin/../lib/gcc/riscv32-MINIRISC-elf/12.2.0/libgcc.a(fixdfsi.o)
                0x000000008000d08c                __fixdfsi
 .text          0x000000008000d110       0xb8 /opt/gcc_MINIRISC/bin/../lib/gcc/riscv32-MINIRISC-elf/12.2.0/libgcc.a(floatsidf.o)
                0x000000008000d110                __floatsidf
 .text          0x000000008000d1c8        0x0 /opt/gcc_MINIRISC/bin/../lib/gcc/riscv32-MINIRISC-elf/12.2.0/libgcc.a(_clz.o)
 .text          0x000000008000d1c8        0x0 /opt/gcc_MINIRISC/bin/../lib/gcc/riscv32-MINIRISC-elf/12.2.0/../../../../riscv32-MINIRISC-elf/lib/libc.a(libc_a-atexit.o)
 .text.atexit   0x000000008000d1c8       0x14 /opt/gcc_MINIRISC/bin/../lib/gcc/riscv32-MINIRISC-elf/12.2.0/../../../../riscv32-MINIRISC-elf/lib/libc.a(libc_a-atexit.o)
                0x000000008000d1c8                atexit
 .text          0x000000008000d1dc        0x0 /opt/gcc_MINIRISC/bin/../lib/gcc/riscv32-MINIRISC-elf/12.2.0/../../../../riscv32-MINIRISC-elf/lib/libc.a(libc_a-exit.o)
 .text          0x000000008000d1dc        0x0 /opt/gcc_MINIRISC/bin/../lib/gcc/riscv32-MINIRISC-elf/12.2.0/../../../../riscv32-MINIRISC-elf/lib/libc.a(libc_a-malloc.o)
 .text.malloc   0x000000008000d1dc        0xc /opt/gcc_MINIRISC/bin/../lib/gcc/riscv32-MINIRISC-elf/12.2.0/../../../../riscv32-MINIRISC-elf/lib/libc.a(libc_a-malloc.o)
                0x000000008000d1dc                malloc
 .text.free     0x000000008000d1e8        0xc /opt/gcc_MINIRISC/bin/../lib/gcc/riscv32-MINIRISC-elf/12.2.0/../../../../riscv32-MINIRISC-elf/lib/libc.a(libc_a-malloc.o)
                0x000000008000d1e8                free
 .text          0x000000008000d1f4        0x0 /opt/gcc_MINIRISC/bin/../lib/gcc/riscv32-MINIRISC-elf/12.2.0/../../../../riscv32-MINIRISC-elf/lib/libc.a(libc_a-mallocr.o)
 .text._malloc_r
                0x000000008000d1f4      0x794 /opt/gcc_MINIRISC/bin/../lib/gcc/riscv32-MINIRISC-elf/12.2.0/../../../../riscv32-MINIRISC-elf/lib/libc.a(libc_a-mallocr.o)
                0x000000008000d1f4                _malloc_r
 .text          0x000000008000d988        0x0 /opt/gcc_MINIRISC/bin/../lib/gcc/riscv32-MINIRISC-elf/12.2.0/../../../../riscv32-MINIRISC-elf/lib/libc.a(libc_a-findfp.o)
 .text.__fp_lock
                0x000000008000d988        0x8 /opt/gcc_MINIRISC/bin/../lib/gcc/riscv32-MINIRISC-elf/12.2.0/../../../../riscv32-MINIRISC-elf/lib/libc.a(libc_a-findfp.o)
 .text.stdio_exit_handler
                0x000000008000d990       0x1c /opt/gcc_MINIRISC/bin/../lib/gcc/riscv32-MINIRISC-elf/12.2.0/../../../../riscv32-MINIRISC-elf/lib/libc.a(libc_a-findfp.o)
 .text.cleanup_stdio
                0x000000008000d9ac       0x70 /opt/gcc_MINIRISC/bin/../lib/gcc/riscv32-MINIRISC-elf/12.2.0/../../../../riscv32-MINIRISC-elf/lib/libc.a(libc_a-findfp.o)
 .text.__fp_unlock
                0x000000008000da1c        0x8 /opt/gcc_MINIRISC/bin/../lib/gcc/riscv32-MINIRISC-elf/12.2.0/../../../../riscv32-MINIRISC-elf/lib/libc.a(libc_a-findfp.o)
 .text.global_stdio_init.part.0
                0x000000008000da24      0x16c /opt/gcc_MINIRISC/bin/../lib/gcc/riscv32-MINIRISC-elf/12.2.0/../../../../riscv32-MINIRISC-elf/lib/libc.a(libc_a-findfp.o)
 .text.__sfp    0x000000008000db90      0x128 /opt/gcc_MINIRISC/bin/../lib/gcc/riscv32-MINIRISC-elf/12.2.0/../../../../riscv32-MINIRISC-elf/lib/libc.a(libc_a-findfp.o)
                0x000000008000db90                __sfp
 .text.__sinit  0x000000008000dcb8       0x24 /opt/gcc_MINIRISC/bin/../lib/gcc/riscv32-MINIRISC-elf/12.2.0/../../../../riscv32-MINIRISC-elf/lib/libc.a(libc_a-findfp.o)
                0x000000008000dcb8                __sinit
 .text.__sfp_lock_acquire
                0x000000008000dcdc        0x4 /opt/gcc_MINIRISC/bin/../lib/gcc/riscv32-MINIRISC-elf/12.2.0/../../../../riscv32-MINIRISC-elf/lib/libc.a(libc_a-findfp.o)
                0x000000008000dcdc                __sfp_lock_acquire
 .text.__sfp_lock_release
                0x000000008000dce0        0x4 /opt/gcc_MINIRISC/bin/../lib/gcc/riscv32-MINIRISC-elf/12.2.0/../../../../riscv32-MINIRISC-elf/lib/libc.a(libc_a-findfp.o)
                0x000000008000dce0                __sfp_lock_release
 .text.__fp_lock_all
                0x000000008000dce4       0x18 /opt/gcc_MINIRISC/bin/../lib/gcc/riscv32-MINIRISC-elf/12.2.0/../../../../riscv32-MINIRISC-elf/lib/libc.a(libc_a-findfp.o)
                0x000000008000dce4                __fp_lock_all
 .text.__fp_unlock_all
                0x000000008000dcfc       0x18 /opt/gcc_MINIRISC/bin/../lib/gcc/riscv32-MINIRISC-elf/12.2.0/../../../../riscv32-MINIRISC-elf/lib/libc.a(libc_a-findfp.o)
                0x000000008000dcfc                __fp_unlock_all
 .text          0x000000008000dd14        0x0 /opt/gcc_MINIRISC/bin/../lib/gcc/riscv32-MINIRISC-elf/12.2.0/../../../../riscv32-MINIRISC-elf/lib/libc.a(libc_a-fwalk.o)
 .text._fwalk_sglue
                0x000000008000dd14       0xb4 /opt/gcc_MINIRISC/bin/../lib/gcc/riscv32-MINIRISC-elf/12.2.0/../../../../riscv32-MINIRISC-elf/lib/libc.a(libc_a-fwalk.o)
                0x000000008000dd14                _fwalk_sglue
 .text          0x000000008000ddc8        0x0 /opt/gcc_MINIRISC/bin/../lib/gcc/riscv32-MINIRISC-elf/12.2.0/../../../../riscv32-MINIRISC-elf/lib/libc.a(libc_a-sprintf.o)
 .text._sprintf_r
                0x000000008000ddc8       0x6c /opt/gcc_MINIRISC/bin/../lib/gcc/riscv32-MINIRISC-elf/12.2.0/../../../../riscv32-MINIRISC-elf/lib/libc.a(libc_a-sprintf.o)
                0x000000008000ddc8                _sprintf_r
 .text.sprintf  0x000000008000de34       0x78 /opt/gcc_MINIRISC/bin/../lib/gcc/riscv32-MINIRISC-elf/12.2.0/../../../../riscv32-MINIRISC-elf/lib/libc.a(libc_a-sprintf.o)
                0x000000008000de34                sprintf
 .text          0x000000008000deac        0x0 /opt/gcc_MINIRISC/bin/../lib/gcc/riscv32-MINIRISC-elf/12.2.0/../../../../riscv32-MINIRISC-elf/lib/libc.a(libc_a-stdio.o)
 .text.__sread  0x000000008000deac       0x5c /opt/gcc_MINIRISC/bin/../lib/gcc/riscv32-MINIRISC-elf/12.2.0/../../../../riscv32-MINIRISC-elf/lib/libc.a(libc_a-stdio.o)
                0x000000008000deac                __sread
 .text.__seofread
                0x000000008000df08        0x8 /opt/gcc_MINIRISC/bin/../lib/gcc/riscv32-MINIRISC-elf/12.2.0/../../../../riscv32-MINIRISC-elf/lib/libc.a(libc_a-stdio.o)
                0x000000008000df08                __seofread
 .text.__swrite
                0x000000008000df10       0x88 /opt/gcc_MINIRISC/bin/../lib/gcc/riscv32-MINIRISC-elf/12.2.0/../../../../riscv32-MINIRISC-elf/lib/libc.a(libc_a-stdio.o)
                0x000000008000df10                __swrite
 .text.__sseek  0x000000008000df98       0x78 /opt/gcc_MINIRISC/bin/../lib/gcc/riscv32-MINIRISC-elf/12.2.0/../../../../riscv32-MINIRISC-elf/lib/libc.a(libc_a-stdio.o)
                0x000000008000df98                __sseek
 .text.__sclose
                0x000000008000e010        0x8 /opt/gcc_MINIRISC/bin/../lib/gcc/riscv32-MINIRISC-elf/12.2.0/../../../../riscv32-MINIRISC-elf/lib/libc.a(libc_a-stdio.o)
                0x000000008000e010                __sclose
 .text          0x000000008000e018        0x0 /opt/gcc_MINIRISC/bin/../lib/gcc/riscv32-MINIRISC-elf/12.2.0/../../../../riscv32-MINIRISC-elf/lib/libc.a(libc_a-time.o)
 .text.time     0x000000008000e018       0x6c /opt/gcc_MINIRISC/bin/../lib/gcc/riscv32-MINIRISC-elf/12.2.0/../../../../riscv32-MINIRISC-elf/lib/libc.a(libc_a-time.o)
                0x000000008000e018                time
 .text          0x000000008000e084        0x0 /opt/gcc_MINIRISC/bin/../lib/gcc/riscv32-MINIRISC-elf/12.2.0/../../../../riscv32-MINIRISC-elf/lib/libc.a(libc_a-closer.o)
 .text._close_r
                0x000000008000e084       0x50 /opt/gcc_MINIRISC/bin/../lib/gcc/riscv32-MINIRISC-elf/12.2.0/../../../../riscv32-MINIRISC-elf/lib/libc.a(libc_a-closer.o)
                0x000000008000e084                _close_r
 .text          0x000000008000e0d4        0x0 /opt/gcc_MINIRISC/bin/../lib/gcc/riscv32-MINIRISC-elf/12.2.0/../../../../riscv32-MINIRISC-elf/lib/libc.a(libc_a-reent.o)
 .text._reclaim_reent
                0x000000008000e0d4       0xd0 /opt/gcc_MINIRISC/bin/../lib/gcc/riscv32-MINIRISC-elf/12.2.0/../../../../riscv32-MINIRISC-elf/lib/libc.a(libc_a-reent.o)
                0x000000008000e0d4                _reclaim_reent
 .text          0x000000008000e1a4        0x0 /opt/gcc_MINIRISC/bin/../lib/gcc/riscv32-MINIRISC-elf/12.2.0/../../../../riscv32-MINIRISC-elf/lib/libc.a(libc_a-impure.o)
 .text          0x000000008000e1a4        0x0 /opt/gcc_MINIRISC/bin/../lib/gcc/riscv32-MINIRISC-elf/12.2.0/../../../../riscv32-MINIRISC-elf/lib/libc.a(libc_a-gettimeofdayr.o)
 .text._gettimeofday_r
                0x000000008000e1a4       0x58 /opt/gcc_MINIRISC/bin/../lib/gcc/riscv32-MINIRISC-elf/12.2.0/../../../../riscv32-MINIRISC-elf/lib/libc.a(libc_a-gettimeofdayr.o)
                0x000000008000e1a4                _gettimeofday_r
 .text          0x000000008000e1fc        0x0 /opt/gcc_MINIRISC/bin/../lib/gcc/riscv32-MINIRISC-elf/12.2.0/../../../../riscv32-MINIRISC-elf/lib/libc.a(libc_a-lseekr.o)
 .text._lseek_r
                0x000000008000e1fc       0x5c /opt/gcc_MINIRISC/bin/../lib/gcc/riscv32-MINIRISC-elf/12.2.0/../../../../riscv32-MINIRISC-elf/lib/libc.a(libc_a-lseekr.o)
                0x000000008000e1fc                _lseek_r
 .text          0x000000008000e258        0x0 /opt/gcc_MINIRISC/bin/../lib/gcc/riscv32-MINIRISC-elf/12.2.0/../../../../riscv32-MINIRISC-elf/lib/libc.a(libc_a-readr.o)
 .text._read_r  0x000000008000e258       0x5c /opt/gcc_MINIRISC/bin/../lib/gcc/riscv32-MINIRISC-elf/12.2.0/../../../../riscv32-MINIRISC-elf/lib/libc.a(libc_a-readr.o)
                0x000000008000e258                _read_r
 .text          0x000000008000e2b4        0x0 /opt/gcc_MINIRISC/bin/../lib/gcc/riscv32-MINIRISC-elf/12.2.0/../../../../riscv32-MINIRISC-elf/lib/libc.a(libc_a-sbrkr.o)
 .text._sbrk_r  0x000000008000e2b4       0x50 /opt/gcc_MINIRISC/bin/../lib/gcc/riscv32-MINIRISC-elf/12.2.0/../../../../riscv32-MINIRISC-elf/lib/libc.a(libc_a-sbrkr.o)
                0x000000008000e2b4                _sbrk_r
 .text          0x000000008000e304        0x0 /opt/gcc_MINIRISC/bin/../lib/gcc/riscv32-MINIRISC-elf/12.2.0/../../../../riscv32-MINIRISC-elf/lib/libc.a(libc_a-writer.o)
 .text._write_r
                0x000000008000e304       0x5c /opt/gcc_MINIRISC/bin/../lib/gcc/riscv32-MINIRISC-elf/12.2.0/../../../../riscv32-MINIRISC-elf/lib/libc.a(libc_a-writer.o)
                0x000000008000e304                _write_r
 .text          0x000000008000e360        0x0 /opt/gcc_MINIRISC/bin/../lib/gcc/riscv32-MINIRISC-elf/12.2.0/../../../../riscv32-MINIRISC-elf/lib/libc.a(libc_a-errno.o)
 .text.__errno  0x000000008000e360        0x8 /opt/gcc_MINIRISC/bin/../lib/gcc/riscv32-MINIRISC-elf/12.2.0/../../../../riscv32-MINIRISC-elf/lib/libc.a(libc_a-errno.o)
                0x000000008000e360                __errno
 .text          0x000000008000e368        0x0 /opt/gcc_MINIRISC/bin/../lib/gcc/riscv32-MINIRISC-elf/12.2.0/../../../../riscv32-MINIRISC-elf/lib/libc.a(libc_a-init.o)
 .text.__libc_init_array
                0x000000008000e368       0x8c /opt/gcc_MINIRISC/bin/../lib/gcc/riscv32-MINIRISC-elf/12.2.0/../../../../riscv32-MINIRISC-elf/lib/libc.a(libc_a-init.o)
                0x000000008000e368                __libc_init_array
 .text          0x000000008000e3f4        0x0 /opt/gcc_MINIRISC/bin/../lib/gcc/riscv32-MINIRISC-elf/12.2.0/../../../../riscv32-MINIRISC-elf/lib/libc.a(libc_a-fini.o)
 .text.__libc_fini_array
                0x000000008000e3f4       0x5c /opt/gcc_MINIRISC/bin/../lib/gcc/riscv32-MINIRISC-elf/12.2.0/../../../../riscv32-MINIRISC-elf/lib/libc.a(libc_a-fini.o)
                0x000000008000e3f4                __libc_fini_array
 .text          0x000000008000e450        0x0 /opt/gcc_MINIRISC/bin/../lib/gcc/riscv32-MINIRISC-elf/12.2.0/../../../../riscv32-MINIRISC-elf/lib/libc.a(libc_a-sysgetpid.o)
 .text.getpid   0x000000008000e450        0x8 /opt/gcc_MINIRISC/bin/../lib/gcc/riscv32-MINIRISC-elf/12.2.0/../../../../riscv32-MINIRISC-elf/lib/libc.a(libc_a-sysgetpid.o)
                0x000000008000e450                getpid
 .text          0x000000008000e458       0xdc /opt/gcc_MINIRISC/bin/../lib/gcc/riscv32-MINIRISC-elf/12.2.0/../../../../riscv32-MINIRISC-elf/lib/libc.a(libc_a-memset.o)
                0x000000008000e458                memset
 .text          0x000000008000e534        0x0 /opt/gcc_MINIRISC/bin/../lib/gcc/riscv32-MINIRISC-elf/12.2.0/../../../../riscv32-MINIRISC-elf/lib/libc.a(libc_a-memcpy.o)
 .text.memcpy   0x000000008000e534      0x1a4 /opt/gcc_MINIRISC/bin/../lib/gcc/riscv32-MINIRISC-elf/12.2.0/../../../../riscv32-MINIRISC-elf/lib/libc.a(libc_a-memcpy.o)
                0x000000008000e534                memcpy
 .text          0x000000008000e6d8        0x0 /opt/gcc_MINIRISC/bin/../lib/gcc/riscv32-MINIRISC-elf/12.2.0/../../../../riscv32-MINIRISC-elf/lib/libc.a(libc_a-strlen.o)
 .text.strlen   0x000000008000e6d8       0x8c /opt/gcc_MINIRISC/bin/../lib/gcc/riscv32-MINIRISC-elf/12.2.0/../../../../riscv32-MINIRISC-elf/lib/libc.a(libc_a-strlen.o)
                0x000000008000e6d8                strlen
 .text          0x000000008000e764        0x0 /opt/gcc_MINIRISC/bin/../lib/gcc/riscv32-MINIRISC-elf/12.2.0/../../../../riscv32-MINIRISC-elf/lib/libc.a(libc_a-strcpy.o)
 .text.strcpy   0x000000008000e764       0xb0 /opt/gcc_MINIRISC/bin/../lib/gcc/riscv32-MINIRISC-elf/12.2.0/../../../../riscv32-MINIRISC-elf/lib/libc.a(libc_a-strcpy.o)
                0x000000008000e764                strcpy
 .text          0x000000008000e814        0x0 /opt/gcc_MINIRISC/bin/../lib/gcc/riscv32-MINIRISC-elf/12.2.0/../../../../riscv32-MINIRISC-elf/lib/libc.a(libc_a-__atexit.o)
 .text.__register_exitproc
                0x000000008000e814       0x9c /opt/gcc_MINIRISC/bin/../lib/gcc/riscv32-MINIRISC-elf/12.2.0/../../../../riscv32-MINIRISC-elf/lib/libc.a(libc_a-__atexit.o)
                0x000000008000e814                __register_exitproc
 .text          0x000000008000e8b0        0x0 /opt/gcc_MINIRISC/bin/../lib/gcc/riscv32-MINIRISC-elf/12.2.0/../../../../riscv32-MINIRISC-elf/lib/libc.a(libc_a-__call_atexit.o)
 .text.__call_exitprocs
                0x000000008000e8b0      0x120 /opt/gcc_MINIRISC/bin/../lib/gcc/riscv32-MINIRISC-elf/12.2.0/../../../../riscv32-MINIRISC-elf/lib/libc.a(libc_a-__call_atexit.o)
                0x000000008000e8b0                __call_exitprocs
 .text          0x000000008000e9d0        0x0 /opt/gcc_MINIRISC/bin/../lib/gcc/riscv32-MINIRISC-elf/12.2.0/../../../../riscv32-MINIRISC-elf/lib/libc.a(libc_a-freer.o)
 .text._malloc_trim_r
                0x000000008000e9d0      0x13c /opt/gcc_MINIRISC/bin/../lib/gcc/riscv32-MINIRISC-elf/12.2.0/../../../../riscv32-MINIRISC-elf/lib/libc.a(libc_a-freer.o)
                0x000000008000e9d0                _malloc_trim_r
 .text._free_r  0x000000008000eb0c      0x304 /opt/gcc_MINIRISC/bin/../lib/gcc/riscv32-MINIRISC-elf/12.2.0/../../../../riscv32-MINIRISC-elf/lib/libc.a(libc_a-freer.o)
                0x000000008000eb0c                _free_r
 .text          0x000000008000ee10        0x0 /opt/gcc_MINIRISC/bin/../lib/gcc/riscv32-MINIRISC-elf/12.2.0/../../../../riscv32-MINIRISC-elf/lib/libc.a(libc_a-svfprintf.o)
 .text.get_arg  0x000000008000ee10     0x105c /opt/gcc_MINIRISC/bin/../lib/gcc/riscv32-MINIRISC-elf/12.2.0/../../../../riscv32-MINIRISC-elf/lib/libc.a(libc_a-svfprintf.o)
 .text._svfprintf_r
                0x000000008000fe6c     0x445c /opt/gcc_MINIRISC/bin/../lib/gcc/riscv32-MINIRISC-elf/12.2.0/../../../../riscv32-MINIRISC-elf/lib/libc.a(libc_a-svfprintf.o)
                0x000000008000fe6c                _svfprintf_r
 .text          0x00000000800142c8        0x0 /opt/gcc_MINIRISC/bin/../lib/gcc/riscv32-MINIRISC-elf/12.2.0/../../../../riscv32-MINIRISC-elf/lib/libc.a(libc_a-fclose.o)
 .text._fclose_r
                0x00000000800142c8      0x108 /opt/gcc_MINIRISC/bin/../lib/gcc/riscv32-MINIRISC-elf/12.2.0/../../../../riscv32-MINIRISC-elf/lib/libc.a(libc_a-fclose.o)
                0x00000000800142c8                _fclose_r
 .text.fclose   0x00000000800143d0        0xc /opt/gcc_MINIRISC/bin/../lib/gcc/riscv32-MINIRISC-elf/12.2.0/../../../../riscv32-MINIRISC-elf/lib/libc.a(libc_a-fclose.o)
                0x00000000800143d0                fclose
 .text          0x00000000800143dc        0x0 /opt/gcc_MINIRISC/bin/../lib/gcc/riscv32-MINIRISC-elf/12.2.0/../../../../riscv32-MINIRISC-elf/lib/libc.a(libc_a-fflush.o)
 .text.__sflush_r
                0x00000000800143dc      0x24c /opt/gcc_MINIRISC/bin/../lib/gcc/riscv32-MINIRISC-elf/12.2.0/../../../../riscv32-MINIRISC-elf/lib/libc.a(libc_a-fflush.o)
                0x00000000800143dc                __sflush_r
 .text._fflush_r
                0x0000000080014628       0x5c /opt/gcc_MINIRISC/bin/../lib/gcc/riscv32-MINIRISC-elf/12.2.0/../../../../riscv32-MINIRISC-elf/lib/libc.a(libc_a-fflush.o)
                0x0000000080014628                _fflush_r
 .text.fflush   0x0000000080014684       0x88 /opt/gcc_MINIRISC/bin/../lib/gcc/riscv32-MINIRISC-elf/12.2.0/../../../../riscv32-MINIRISC-elf/lib/libc.a(libc_a-fflush.o)
                0x0000000080014684                fflush
 .text          0x000000008001470c        0x0 /opt/gcc_MINIRISC/bin/../lib/gcc/riscv32-MINIRISC-elf/12.2.0/../../../../riscv32-MINIRISC-elf/lib/libc.a(libc_a-memchr.o)
 .text.memchr   0x000000008001470c       0xc4 /opt/gcc_MINIRISC/bin/../lib/gcc/riscv32-MINIRISC-elf/12.2.0/../../../../riscv32-MINIRISC-elf/lib/libc.a(libc_a-memchr.o)
                0x000000008001470c                memchr
 .text          0x00000000800147d0        0x0 /opt/gcc_MINIRISC/bin/../lib/gcc/riscv32-MINIRISC-elf/12.2.0/../../../../riscv32-MINIRISC-elf/lib/libc.a(libc_a-strncpy.o)
 .text.strncpy  0x00000000800147d0       0xac /opt/gcc_MINIRISC/bin/../lib/gcc/riscv32-MINIRISC-elf/12.2.0/../../../../riscv32-MINIRISC-elf/lib/libc.a(libc_a-strncpy.o)
                0x00000000800147d0                strncpy
 .text          0x000000008001487c        0x0 /opt/gcc_MINIRISC/bin/../lib/gcc/riscv32-MINIRISC-elf/12.2.0/../../../../riscv32-MINIRISC-elf/lib/libc.a(libc_a-locale.o)
 .text.currentlocale
                0x000000008001487c       0xd8 /opt/gcc_MINIRISC/bin/../lib/gcc/riscv32-MINIRISC-elf/12.2.0/../../../../riscv32-MINIRISC-elf/lib/libc.a(libc_a-locale.o)
 .text.__loadlocale
                0x0000000080014954      0x764 /opt/gcc_MINIRISC/bin/../lib/gcc/riscv32-MINIRISC-elf/12.2.0/../../../../riscv32-MINIRISC-elf/lib/libc.a(libc_a-locale.o)
                0x0000000080014954                __loadlocale
 .text.__get_locale_env
                0x00000000800150b8       0x90 /opt/gcc_MINIRISC/bin/../lib/gcc/riscv32-MINIRISC-elf/12.2.0/../../../../riscv32-MINIRISC-elf/lib/libc.a(libc_a-locale.o)
                0x00000000800150b8                __get_locale_env
 .text._setlocale_r
                0x0000000080015148      0x3f0 /opt/gcc_MINIRISC/bin/../lib/gcc/riscv32-MINIRISC-elf/12.2.0/../../../../riscv32-MINIRISC-elf/lib/libc.a(libc_a-locale.o)
                0x0000000080015148                _setlocale_r
 .text.__locale_mb_cur_max
                0x0000000080015538        0xc /opt/gcc_MINIRISC/bin/../lib/gcc/riscv32-MINIRISC-elf/12.2.0/../../../../riscv32-MINIRISC-elf/lib/libc.a(libc_a-locale.o)
                0x0000000080015538                __locale_mb_cur_max
 .text.setlocale
                0x0000000080015544       0x10 /opt/gcc_MINIRISC/bin/../lib/gcc/riscv32-MINIRISC-elf/12.2.0/../../../../riscv32-MINIRISC-elf/lib/libc.a(libc_a-locale.o)
                0x0000000080015544                setlocale
 .text          0x0000000080015554        0x0 /opt/gcc_MINIRISC/bin/../lib/gcc/riscv32-MINIRISC-elf/12.2.0/../../../../riscv32-MINIRISC-elf/lib/libc.a(libc_a-localeconv.o)
 .text.__localeconv_l
                0x0000000080015554        0x8 /opt/gcc_MINIRISC/bin/../lib/gcc/riscv32-MINIRISC-elf/12.2.0/../../../../riscv32-MINIRISC-elf/lib/libc.a(libc_a-localeconv.o)
                0x0000000080015554                __localeconv_l
 .text._localeconv_r
                0x000000008001555c        0xc /opt/gcc_MINIRISC/bin/../lib/gcc/riscv32-MINIRISC-elf/12.2.0/../../../../riscv32-MINIRISC-elf/lib/libc.a(libc_a-localeconv.o)
                0x000000008001555c                _localeconv_r
 .text.localeconv
                0x0000000080015568        0xc /opt/gcc_MINIRISC/bin/../lib/gcc/riscv32-MINIRISC-elf/12.2.0/../../../../riscv32-MINIRISC-elf/lib/libc.a(libc_a-localeconv.o)
                0x0000000080015568                localeconv
 .text          0x0000000080015574        0x0 /opt/gcc_MINIRISC/bin/../lib/gcc/riscv32-MINIRISC-elf/12.2.0/../../../../riscv32-MINIRISC-elf/lib/libc.a(libc_a-signalr.o)
 .text._kill_r  0x0000000080015574       0x58 /opt/gcc_MINIRISC/bin/../lib/gcc/riscv32-MINIRISC-elf/12.2.0/../../../../riscv32-MINIRISC-elf/lib/libc.a(libc_a-signalr.o)
                0x0000000080015574                _kill_r
 .text._getpid_r
                0x00000000800155cc        0x4 /opt/gcc_MINIRISC/bin/../lib/gcc/riscv32-MINIRISC-elf/12.2.0/../../../../riscv32-MINIRISC-elf/lib/libc.a(libc_a-signalr.o)
                0x00000000800155cc                _getpid_r
 .text          0x00000000800155d0      0x17c /opt/gcc_MINIRISC/bin/../lib/gcc/riscv32-MINIRISC-elf/12.2.0/../../../../riscv32-MINIRISC-elf/lib/libc.a(libc_a-strcmp.o)
                0x00000000800155d0                strcmp
 .text          0x000000008001574c        0x0 /opt/gcc_MINIRISC/bin/../lib/gcc/riscv32-MINIRISC-elf/12.2.0/../../../../riscv32-MINIRISC-elf/lib/libc.a(libm_a-frexpl.o)
 .text.frexpl   0x000000008001574c      0x190 /opt/gcc_MINIRISC/bin/../lib/gcc/riscv32-MINIRISC-elf/12.2.0/../../../../riscv32-MINIRISC-elf/lib/libc.a(libm_a-frexpl.o)
                0x000000008001574c                frexpl
 .text          0x00000000800158dc        0x0 /opt/gcc_MINIRISC/bin/../lib/gcc/riscv32-MINIRISC-elf/12.2.0/../../../../riscv32-MINIRISC-elf/lib/libc.a(libc_a-getenv_r.o)
 .text._findenv_r
                0x00000000800158dc      0x104 /opt/gcc_MINIRISC/bin/../lib/gcc/riscv32-MINIRISC-elf/12.2.0/../../../../riscv32-MINIRISC-elf/lib/libc.a(libc_a-getenv_r.o)
                0x00000000800158dc                _findenv_r
 .text._getenv_r
                0x00000000800159e0       0x1c /opt/gcc_MINIRISC/bin/../lib/gcc/riscv32-MINIRISC-elf/12.2.0/../../../../riscv32-MINIRISC-elf/lib/libc.a(libc_a-getenv_r.o)
                0x00000000800159e0                _getenv_r
 .text          0x00000000800159fc        0x0 /opt/gcc_MINIRISC/bin/../lib/gcc/riscv32-MINIRISC-elf/12.2.0/../../../../riscv32-MINIRISC-elf/lib/libc.a(libc_a-gdtoa-ldtoa.o)
 .text._ldtoa_r
                0x00000000800159fc      0x2dc /opt/gcc_MINIRISC/bin/../lib/gcc/riscv32-MINIRISC-elf/12.2.0/../../../../riscv32-MINIRISC-elf/lib/libc.a(libc_a-gdtoa-ldtoa.o)
                0x00000000800159fc                _ldtoa_r
 .text._ldcheck
                0x0000000080015cd8      0x100 /opt/gcc_MINIRISC/bin/../lib/gcc/riscv32-MINIRISC-elf/12.2.0/../../../../riscv32-MINIRISC-elf/lib/libc.a(libc_a-gdtoa-ldtoa.o)
                0x0000000080015cd8                _ldcheck
 .text          0x0000000080015dd8        0x0 /opt/gcc_MINIRISC/bin/../lib/gcc/riscv32-MINIRISC-elf/12.2.0/../../../../riscv32-MINIRISC-elf/lib/libc.a(libc_a-gdtoa-gdtoa.o)
 .text.__gdtoa  0x0000000080015dd8     0x1b50 /opt/gcc_MINIRISC/bin/../lib/gcc/riscv32-MINIRISC-elf/12.2.0/../../../../riscv32-MINIRISC-elf/lib/libc.a(libc_a-gdtoa-gdtoa.o)
                0x0000000080015dd8                __gdtoa
 .text          0x0000000080017928        0x0 /opt/gcc_MINIRISC/bin/../lib/gcc/riscv32-MINIRISC-elf/12.2.0/../../../../riscv32-MINIRISC-elf/lib/libc.a(libc_a-gdtoa-dmisc.o)
 .text.__rv_alloc_D2A
                0x0000000080017928       0x50 /opt/gcc_MINIRISC/bin/../lib/gcc/riscv32-MINIRISC-elf/12.2.0/../../../../riscv32-MINIRISC-elf/lib/libc.a(libc_a-gdtoa-dmisc.o)
                0x0000000080017928                __rv_alloc_D2A
 .text.__nrv_alloc_D2A
                0x0000000080017978       0xac /opt/gcc_MINIRISC/bin/../lib/gcc/riscv32-MINIRISC-elf/12.2.0/../../../../riscv32-MINIRISC-elf/lib/libc.a(libc_a-gdtoa-dmisc.o)
                0x0000000080017978                __nrv_alloc_D2A
 .text.__freedtoa
                0x0000000080017a24       0x20 /opt/gcc_MINIRISC/bin/../lib/gcc/riscv32-MINIRISC-elf/12.2.0/../../../../riscv32-MINIRISC-elf/lib/libc.a(libc_a-gdtoa-dmisc.o)
                0x0000000080017a24                __freedtoa
 .text.__quorem_D2A
                0x0000000080017a44      0x1ec /opt/gcc_MINIRISC/bin/../lib/gcc/riscv32-MINIRISC-elf/12.2.0/../../../../riscv32-MINIRISC-elf/lib/libc.a(libc_a-gdtoa-dmisc.o)
                0x0000000080017a44                __quorem_D2A
 .text          0x0000000080017c30        0x0 /opt/gcc_MINIRISC/bin/../lib/gcc/riscv32-MINIRISC-elf/12.2.0/../../../../riscv32-MINIRISC-elf/lib/libc.a(libc_a-gdtoa-gmisc.o)
 .text.__rshift_D2A
                0x0000000080017c30       0xe4 /opt/gcc_MINIRISC/bin/../lib/gcc/riscv32-MINIRISC-elf/12.2.0/../../../../riscv32-MINIRISC-elf/lib/libc.a(libc_a-gdtoa-gmisc.o)
                0x0000000080017c30                __rshift_D2A
 .text.__trailz_D2A
                0x0000000080017d14       0x64 /opt/gcc_MINIRISC/bin/../lib/gcc/riscv32-MINIRISC-elf/12.2.0/../../../../riscv32-MINIRISC-elf/lib/libc.a(libc_a-gdtoa-gmisc.o)
                0x0000000080017d14                __trailz_D2A
 .text          0x0000000080017d78        0x0 /opt/gcc_MINIRISC/bin/../lib/gcc/riscv32-MINIRISC-elf/12.2.0/../../../../riscv32-MINIRISC-elf/lib/libc.a(libc_a-mbtowc_r.o)
 .text._mbtowc_r
                0x0000000080017d78        0xc /opt/gcc_MINIRISC/bin/../lib/gcc/riscv32-MINIRISC-elf/12.2.0/../../../../riscv32-MINIRISC-elf/lib/libc.a(libc_a-mbtowc_r.o)
                0x0000000080017d78                _mbtowc_r
 .text.__ascii_mbtowc
                0x0000000080017d84       0x68 /opt/gcc_MINIRISC/bin/../lib/gcc/riscv32-MINIRISC-elf/12.2.0/../../../../riscv32-MINIRISC-elf/lib/libc.a(libc_a-mbtowc_r.o)
                0x0000000080017d84                __ascii_mbtowc
 .text.__utf8_mbtowc
                0x0000000080017dec      0x2f8 /opt/gcc_MINIRISC/bin/../lib/gcc/riscv32-MINIRISC-elf/12.2.0/../../../../riscv32-MINIRISC-elf/lib/libc.a(libc_a-mbtowc_r.o)
                0x0000000080017dec                __utf8_mbtowc
 .text.__sjis_mbtowc
                0x00000000800180e4      0x170 /opt/gcc_MINIRISC/bin/../lib/gcc/riscv32-MINIRISC-elf/12.2.0/../../../../riscv32-MINIRISC-elf/lib/libc.a(libc_a-mbtowc_r.o)
                0x00000000800180e4                __sjis_mbtowc
 .text.__eucjp_mbtowc
                0x0000000080018254      0x20c /opt/gcc_MINIRISC/bin/../lib/gcc/riscv32-MINIRISC-elf/12.2.0/../../../../riscv32-MINIRISC-elf/lib/libc.a(libc_a-mbtowc_r.o)
                0x0000000080018254                __eucjp_mbtowc
 .text.__jis_mbtowc
                0x0000000080018460      0x200 /opt/gcc_MINIRISC/bin/../lib/gcc/riscv32-MINIRISC-elf/12.2.0/../../../../riscv32-MINIRISC-elf/lib/libc.a(libc_a-mbtowc_r.o)
                0x0000000080018460                __jis_mbtowc
 .text          0x0000000080018660        0x0 /opt/gcc_MINIRISC/bin/../lib/gcc/riscv32-MINIRISC-elf/12.2.0/../../../../riscv32-MINIRISC-elf/lib/libc.a(libc_a-mprec.o)
 .text._Balloc  0x0000000080018660       0xa8 /opt/gcc_MINIRISC/bin/../lib/gcc/riscv32-MINIRISC-elf/12.2.0/../../../../riscv32-MINIRISC-elf/lib/libc.a(libc_a-mprec.o)
                0x0000000080018660                _Balloc
 .text._Bfree   0x0000000080018708       0x24 /opt/gcc_MINIRISC/bin/../lib/gcc/riscv32-MINIRISC-elf/12.2.0/../../../../riscv32-MINIRISC-elf/lib/libc.a(libc_a-mprec.o)
                0x0000000080018708                _Bfree
 .text.__multadd
                0x000000008001872c      0x14c /opt/gcc_MINIRISC/bin/../lib/gcc/riscv32-MINIRISC-elf/12.2.0/../../../../riscv32-MINIRISC-elf/lib/libc.a(libc_a-mprec.o)
                0x000000008001872c                __multadd
 .text.__s2b    0x0000000080018878      0x134 /opt/gcc_MINIRISC/bin/../lib/gcc/riscv32-MINIRISC-elf/12.2.0/../../../../riscv32-MINIRISC-elf/lib/libc.a(libc_a-mprec.o)
                0x0000000080018878                __s2b
 .text.__hi0bits
                0x00000000800189ac       0x78 /opt/gcc_MINIRISC/bin/../lib/gcc/riscv32-MINIRISC-elf/12.2.0/../../../../riscv32-MINIRISC-elf/lib/libc.a(libc_a-mprec.o)
                0x00000000800189ac                __hi0bits
 .text.__lo0bits
                0x0000000080018a24       0xe0 /opt/gcc_MINIRISC/bin/../lib/gcc/riscv32-MINIRISC-elf/12.2.0/../../../../riscv32-MINIRISC-elf/lib/libc.a(libc_a-mprec.o)
                0x0000000080018a24                __lo0bits
 .text.__i2b    0x0000000080018b04       0xb0 /opt/gcc_MINIRISC/bin/../lib/gcc/riscv32-MINIRISC-elf/12.2.0/../../../../riscv32-MINIRISC-elf/lib/libc.a(libc_a-mprec.o)
                0x0000000080018b04                __i2b
 .text.__multiply
                0x0000000080018bb4      0x234 /opt/gcc_MINIRISC/bin/../lib/gcc/riscv32-MINIRISC-elf/12.2.0/../../../../riscv32-MINIRISC-elf/lib/libc.a(libc_a-mprec.o)
                0x0000000080018bb4                __multiply
 .text.__pow5mult
                0x0000000080018de8      0x150 /opt/gcc_MINIRISC/bin/../lib/gcc/riscv32-MINIRISC-elf/12.2.0/../../../../riscv32-MINIRISC-elf/lib/libc.a(libc_a-mprec.o)
                0x0000000080018de8                __pow5mult
 .text.__lshift
                0x0000000080018f38      0x190 /opt/gcc_MINIRISC/bin/../lib/gcc/riscv32-MINIRISC-elf/12.2.0/../../../../riscv32-MINIRISC-elf/lib/libc.a(libc_a-mprec.o)
                0x0000000080018f38                __lshift
 .text.__mcmp   0x00000000800190c8       0x58 /opt/gcc_MINIRISC/bin/../lib/gcc/riscv32-MINIRISC-elf/12.2.0/../../../../riscv32-MINIRISC-elf/lib/libc.a(libc_a-mprec.o)
                0x00000000800190c8                __mcmp
 .text.__mdiff  0x0000000080019120      0x250 /opt/gcc_MINIRISC/bin/../lib/gcc/riscv32-MINIRISC-elf/12.2.0/../../../../riscv32-MINIRISC-elf/lib/libc.a(libc_a-mprec.o)
                0x0000000080019120                __mdiff
 .text.__ulp    0x0000000080019370       0x68 /opt/gcc_MINIRISC/bin/../lib/gcc/riscv32-MINIRISC-elf/12.2.0/../../../../riscv32-MINIRISC-elf/lib/libc.a(libc_a-mprec.o)
                0x0000000080019370                __ulp
 .text.__b2d    0x00000000800193d8      0x11c /opt/gcc_MINIRISC/bin/../lib/gcc/riscv32-MINIRISC-elf/12.2.0/../../../../riscv32-MINIRISC-elf/lib/libc.a(libc_a-mprec.o)
                0x00000000800193d8                __b2d
 .text.__d2b    0x00000000800194f4      0x158 /opt/gcc_MINIRISC/bin/../lib/gcc/riscv32-MINIRISC-elf/12.2.0/../../../../riscv32-MINIRISC-elf/lib/libc.a(libc_a-mprec.o)
                0x00000000800194f4                __d2b
 .text.__ratio  0x000000008001964c       0xa8 /opt/gcc_MINIRISC/bin/../lib/gcc/riscv32-MINIRISC-elf/12.2.0/../../../../riscv32-MINIRISC-elf/lib/libc.a(libc_a-mprec.o)
                0x000000008001964c                __ratio
 .text._mprec_log10
                0x00000000800196f4       0xac /opt/gcc_MINIRISC/bin/../lib/gcc/riscv32-MINIRISC-elf/12.2.0/../../../../riscv32-MINIRISC-elf/lib/libc.a(libc_a-mprec.o)
                0x00000000800196f4                _mprec_log10
 .text.__copybits
                0x00000000800197a0       0x68 /opt/gcc_MINIRISC/bin/../lib/gcc/riscv32-MINIRISC-elf/12.2.0/../../../../riscv32-MINIRISC-elf/lib/libc.a(libc_a-mprec.o)
                0x00000000800197a0                __copybits
 .text.__any_on
                0x0000000080019808       0x64 /opt/gcc_MINIRISC/bin/../lib/gcc/riscv32-MINIRISC-elf/12.2.0/../../../../riscv32-MINIRISC-elf/lib/libc.a(libc_a-mprec.o)
                0x0000000080019808                __any_on
 .text          0x000000008001986c        0x0 /opt/gcc_MINIRISC/bin/../lib/gcc/riscv32-MINIRISC-elf/12.2.0/../../../../riscv32-MINIRISC-elf/lib/libc.a(libc_a-strtol.o)
 .text._strtol_l.constprop.0
                0x000000008001986c      0x1f0 /opt/gcc_MINIRISC/bin/../lib/gcc/riscv32-MINIRISC-elf/12.2.0/../../../../riscv32-MINIRISC-elf/lib/libc.a(libc_a-strtol.o)
 .text._strtol_r
                0x0000000080019a5c        0x4 /opt/gcc_MINIRISC/bin/../lib/gcc/riscv32-MINIRISC-elf/12.2.0/../../../../riscv32-MINIRISC-elf/lib/libc.a(libc_a-strtol.o)
                0x0000000080019a5c                _strtol_r
 .text.strtol_l
                0x0000000080019a60       0x14 /opt/gcc_MINIRISC/bin/../lib/gcc/riscv32-MINIRISC-elf/12.2.0/../../../../riscv32-MINIRISC-elf/lib/libc.a(libc_a-strtol.o)
                0x0000000080019a60                strtol_l
 .text.strtol   0x0000000080019a74       0x14 /opt/gcc_MINIRISC/bin/../lib/gcc/riscv32-MINIRISC-elf/12.2.0/../../../../riscv32-MINIRISC-elf/lib/libc.a(libc_a-strtol.o)
                0x0000000080019a74                strtol
 .text          0x0000000080019a88        0x0 /opt/gcc_MINIRISC/bin/../lib/gcc/riscv32-MINIRISC-elf/12.2.0/../../../../riscv32-MINIRISC-elf/lib/libc.a(libc_a-wctomb_r.o)
 .text._wctomb_r
                0x0000000080019a88        0xc /opt/gcc_MINIRISC/bin/../lib/gcc/riscv32-MINIRISC-elf/12.2.0/../../../../riscv32-MINIRISC-elf/lib/libc.a(libc_a-wctomb_r.o)
                0x0000000080019a88                _wctomb_r
 .text.__ascii_wctomb
                0x0000000080019a94       0x30 /opt/gcc_MINIRISC/bin/../lib/gcc/riscv32-MINIRISC-elf/12.2.0/../../../../riscv32-MINIRISC-elf/lib/libc.a(libc_a-wctomb_r.o)
                0x0000000080019a94                __ascii_wctomb
 .text.__utf8_wctomb
                0x0000000080019ac4       0xec /opt/gcc_MINIRISC/bin/../lib/gcc/riscv32-MINIRISC-elf/12.2.0/../../../../riscv32-MINIRISC-elf/lib/libc.a(libc_a-wctomb_r.o)
                0x0000000080019ac4                __utf8_wctomb
 .text.__sjis_wctomb
                0x0000000080019bb0       0x84 /opt/gcc_MINIRISC/bin/../lib/gcc/riscv32-MINIRISC-elf/12.2.0/../../../../riscv32-MINIRISC-elf/lib/libc.a(libc_a-wctomb_r.o)
                0x0000000080019bb0                __sjis_wctomb
 .text.__eucjp_wctomb
                0x0000000080019c34       0xac /opt/gcc_MINIRISC/bin/../lib/gcc/riscv32-MINIRISC-elf/12.2.0/../../../../riscv32-MINIRISC-elf/lib/libc.a(libc_a-wctomb_r.o)
                0x0000000080019c34                __eucjp_wctomb
 .text.__jis_wctomb
                0x0000000080019ce0       0xc0 /opt/gcc_MINIRISC/bin/../lib/gcc/riscv32-MINIRISC-elf/12.2.0/../../../../riscv32-MINIRISC-elf/lib/libc.a(libc_a-wctomb_r.o)
                0x0000000080019ce0                __jis_wctomb
 .text          0x0000000080019da0        0x0 /opt/gcc_MINIRISC/bin/../lib/gcc/riscv32-MINIRISC-elf/12.2.0/../../../../riscv32-MINIRISC-elf/lib/libc.a(libc_a-wcrtomb.o)
 .text._wcrtomb_r
                0x0000000080019da0       0x8c /opt/gcc_MINIRISC/bin/../lib/gcc/riscv32-MINIRISC-elf/12.2.0/../../../../riscv32-MINIRISC-elf/lib/libc.a(libc_a-wcrtomb.o)
                0x0000000080019da0                _wcrtomb_r
 .text.wcrtomb  0x0000000080019e2c       0xa4 /opt/gcc_MINIRISC/bin/../lib/gcc/riscv32-MINIRISC-elf/12.2.0/../../../../riscv32-MINIRISC-elf/lib/libc.a(libc_a-wcrtomb.o)
                0x0000000080019e2c                wcrtomb
 .text          0x0000000080019ed0        0x0 /opt/gcc_MINIRISC/bin/../lib/gcc/riscv32-MINIRISC-elf/12.2.0/../../../../riscv32-MINIRISC-elf/lib/libc.a(libc_a-wcsrtombs.o)
 .text._wcsrtombs_r
                0x0000000080019ed0       0x10 /opt/gcc_MINIRISC/bin/../lib/gcc/riscv32-MINIRISC-elf/12.2.0/../../../../riscv32-MINIRISC-elf/lib/libc.a(libc_a-wcsrtombs.o)
                0x0000000080019ed0                _wcsrtombs_r
 .text.wcsrtombs
                0x0000000080019ee0       0x1c /opt/gcc_MINIRISC/bin/../lib/gcc/riscv32-MINIRISC-elf/12.2.0/../../../../riscv32-MINIRISC-elf/lib/libc.a(libc_a-wcsrtombs.o)
                0x0000000080019ee0                wcsrtombs
 .text          0x0000000080019efc        0x0 /opt/gcc_MINIRISC/bin/../lib/gcc/riscv32-MINIRISC-elf/12.2.0/../../../../riscv32-MINIRISC-elf/lib/libc.a(libc_a-ctype_.o)
 .text.__set_ctype
                0x0000000080019efc       0x10 /opt/gcc_MINIRISC/bin/../lib/gcc/riscv32-MINIRISC-elf/12.2.0/../../../../riscv32-MINIRISC-elf/lib/libc.a(libc_a-ctype_.o)
                0x0000000080019efc                __set_ctype
 .text          0x0000000080019f0c        0x0 /opt/gcc_MINIRISC/bin/../lib/gcc/riscv32-MINIRISC-elf/12.2.0/../../../../riscv32-MINIRISC-elf/lib/libc.a(libc_a-svfiprintf.o)
 .text.get_arg  0x0000000080019f0c     0x1050 /opt/gcc_MINIRISC/bin/../lib/gcc/riscv32-MINIRISC-elf/12.2.0/../../../../riscv32-MINIRISC-elf/lib/libc.a(libc_a-svfiprintf.o)
 .text.__ssprint_r
                0x000000008001af5c      0x1c8 /opt/gcc_MINIRISC/bin/../lib/gcc/riscv32-MINIRISC-elf/12.2.0/../../../../riscv32-MINIRISC-elf/lib/libc.a(libc_a-svfiprintf.o)
                0x000000008001af5c                __ssprint_r
 .text._svfiprintf_r
                0x000000008001b124     0x295c /opt/gcc_MINIRISC/bin/../lib/gcc/riscv32-MINIRISC-elf/12.2.0/../../../../riscv32-MINIRISC-elf/lib/libc.a(libc_a-svfiprintf.o)
                0x000000008001b124                _svfiprintf_r
 .text          0x000000008001da80        0x0 /opt/gcc_MINIRISC/bin/../lib/gcc/riscv32-MINIRISC-elf/12.2.0/../../../../riscv32-MINIRISC-elf/lib/libc.a(libc_a-strcasecmp.o)
 .text.strcasecmp
                0x000000008001da80       0x6c /opt/gcc_MINIRISC/bin/../lib/gcc/riscv32-MINIRISC-elf/12.2.0/../../../../riscv32-MINIRISC-elf/lib/libc.a(libc_a-strcasecmp.o)
                0x000000008001da80                strcasecmp
 .text          0x000000008001daec        0x0 /opt/gcc_MINIRISC/bin/../lib/gcc/riscv32-MINIRISC-elf/12.2.0/../../../../riscv32-MINIRISC-elf/lib/libc.a(libc_a-strcat.o)
 .text.strcat   0x000000008001daec       0x88 /opt/gcc_MINIRISC/bin/../lib/gcc/riscv32-MINIRISC-elf/12.2.0/../../../../riscv32-MINIRISC-elf/lib/libc.a(libc_a-strcat.o)
                0x000000008001daec                strcat
 .text          0x000000008001db74        0x0 /opt/gcc_MINIRISC/bin/../lib/gcc/riscv32-MINIRISC-elf/12.2.0/../../../../riscv32-MINIRISC-elf/lib/libc.a(libc_a-strchr.o)
 .text.strchr   0x000000008001db74      0x140 /opt/gcc_MINIRISC/bin/../lib/gcc/riscv32-MINIRISC-elf/12.2.0/../../../../riscv32-MINIRISC-elf/lib/libc.a(libc_a-strchr.o)
                0x000000008001db74                strchr
 .text          0x000000008001dcb4        0x0 /opt/gcc_MINIRISC/bin/../lib/gcc/riscv32-MINIRISC-elf/12.2.0/../../../../riscv32-MINIRISC-elf/lib/libc.a(libc_a-strlcpy.o)
 .text.strlcpy  0x000000008001dcb4       0x44 /opt/gcc_MINIRISC/bin/../lib/gcc/riscv32-MINIRISC-elf/12.2.0/../../../../riscv32-MINIRISC-elf/lib/libc.a(libc_a-strlcpy.o)
                0x000000008001dcb4                strlcpy
 .text          0x000000008001dcf8        0x0 /opt/gcc_MINIRISC/bin/../lib/gcc/riscv32-MINIRISC-elf/12.2.0/../../../../riscv32-MINIRISC-elf/lib/libc.a(libc_a-strncasecmp.o)
 .text.strncasecmp
                0x000000008001dcf8       0x7c /opt/gcc_MINIRISC/bin/../lib/gcc/riscv32-MINIRISC-elf/12.2.0/../../../../riscv32-MINIRISC-elf/lib/libc.a(libc_a-strncasecmp.o)
                0x000000008001dcf8                strncasecmp
 .text          0x000000008001dd74        0x0 /opt/gcc_MINIRISC/bin/../lib/gcc/riscv32-MINIRISC-elf/12.2.0/../../../../riscv32-MINIRISC-elf/lib/libc.a(libc_a-strncmp.o)
 .text.strncmp  0x000000008001dd74       0xb8 /opt/gcc_MINIRISC/bin/../lib/gcc/riscv32-MINIRISC-elf/12.2.0/../../../../riscv32-MINIRISC-elf/lib/libc.a(libc_a-strncmp.o)
                0x000000008001dd74                strncmp
 .text          0x000000008001de2c        0x0 /opt/gcc_MINIRISC/bin/../lib/gcc/riscv32-MINIRISC-elf/12.2.0/../../../../riscv32-MINIRISC-elf/lib/libc.a(libc_a-memmove-stub.o)
 .text.memmove  0x000000008001de2c      0x11c /opt/gcc_MINIRISC/bin/../lib/gcc/riscv32-MINIRISC-elf/12.2.0/../../../../riscv32-MINIRISC-elf/lib/libc.a(libc_a-memmove-stub.o)
                0x000000008001de2c                memmove
 .text          0x000000008001df48        0x0 /opt/gcc_MINIRISC/bin/../lib/gcc/riscv32-MINIRISC-elf/12.2.0/../../../../riscv32-MINIRISC-elf/lib/libc.a(libc_a-assert.o)
 .text.__assert_func
                0x000000008001df48       0x54 /opt/gcc_MINIRISC/bin/../lib/gcc/riscv32-MINIRISC-elf/12.2.0/../../../../riscv32-MINIRISC-elf/lib/libc.a(libc_a-assert.o)
                0x000000008001df48                __assert_func
 .text.__assert
                0x000000008001df9c       0x14 /opt/gcc_MINIRISC/bin/../lib/gcc/riscv32-MINIRISC-elf/12.2.0/../../../../riscv32-MINIRISC-elf/lib/libc.a(libc_a-assert.o)
                0x000000008001df9c                __assert
 .text          0x000000008001dfb0        0x0 /opt/gcc_MINIRISC/bin/../lib/gcc/riscv32-MINIRISC-elf/12.2.0/../../../../riscv32-MINIRISC-elf/lib/libc.a(libc_a-callocr.o)
 .text._calloc_r
                0x000000008001dfb0       0xe8 /opt/gcc_MINIRISC/bin/../lib/gcc/riscv32-MINIRISC-elf/12.2.0/../../../../riscv32-MINIRISC-elf/lib/libc.a(libc_a-callocr.o)
                0x000000008001dfb0                _calloc_r
 .text          0x000000008001e098        0x0 /opt/gcc_MINIRISC/bin/../lib/gcc/riscv32-MINIRISC-elf/12.2.0/../../../../riscv32-MINIRISC-elf/lib/libc.a(libc_a-environ.o)
 .text          0x000000008001e098        0x0 /opt/gcc_MINIRISC/bin/../lib/gcc/riscv32-MINIRISC-elf/12.2.0/../../../../riscv32-MINIRISC-elf/lib/libc.a(libc_a-envlock.o)
 .text.__env_lock
                0x000000008001e098        0x4 /opt/gcc_MINIRISC/bin/../lib/gcc/riscv32-MINIRISC-elf/12.2.0/../../../../riscv32-MINIRISC-elf/lib/libc.a(libc_a-envlock.o)
                0x000000008001e098                __env_lock
 .text.__env_unlock
                0x000000008001e09c        0x4 /opt/gcc_MINIRISC/bin/../lib/gcc/riscv32-MINIRISC-elf/12.2.0/../../../../riscv32-MINIRISC-elf/lib/libc.a(libc_a-envlock.o)
                0x000000008001e09c                __env_unlock
 .text          0x000000008001e0a0        0x0 /opt/gcc_MINIRISC/bin/../lib/gcc/riscv32-MINIRISC-elf/12.2.0/../../../../riscv32-MINIRISC-elf/lib/libc.a(libc_a-reallocr.o)
 .text._realloc_r
                0x000000008001e0a0      0x558 /opt/gcc_MINIRISC/bin/../lib/gcc/riscv32-MINIRISC-elf/12.2.0/../../../../riscv32-MINIRISC-elf/lib/libc.a(libc_a-reallocr.o)
                0x000000008001e0a0                _realloc_r
 .text          0x000000008001e5f8        0x0 /opt/gcc_MINIRISC/bin/../lib/gcc/riscv32-MINIRISC-elf/12.2.0/../../../../riscv32-MINIRISC-elf/lib/libc.a(libc_a-wcsnrtombs.o)
 .text._wcsnrtombs_l
                0x000000008001e5f8      0x1b0 /opt/gcc_MINIRISC/bin/../lib/gcc/riscv32-MINIRISC-elf/12.2.0/../../../../riscv32-MINIRISC-elf/lib/libc.a(libc_a-wcsnrtombs.o)
                0x000000008001e5f8                _wcsnrtombs_l
 .text._wcsnrtombs_r
                0x000000008001e7a8       0x10 /opt/gcc_MINIRISC/bin/../lib/gcc/riscv32-MINIRISC-elf/12.2.0/../../../../riscv32-MINIRISC-elf/lib/libc.a(libc_a-wcsnrtombs.o)
                0x000000008001e7a8                _wcsnrtombs_r
 .text.wcsnrtombs
                0x000000008001e7b8       0x24 /opt/gcc_MINIRISC/bin/../lib/gcc/riscv32-MINIRISC-elf/12.2.0/../../../../riscv32-MINIRISC-elf/lib/libc.a(libc_a-wcsnrtombs.o)
                0x000000008001e7b8                wcsnrtombs
 .text          0x000000008001e7dc        0x0 /opt/gcc_MINIRISC/bin/../lib/gcc/riscv32-MINIRISC-elf/12.2.0/../../../../riscv32-MINIRISC-elf/lib/libc.a(libc_a-fiprintf.o)
 .text._fiprintf_r
                0x000000008001e7dc       0x38 /opt/gcc_MINIRISC/bin/../lib/gcc/riscv32-MINIRISC-elf/12.2.0/../../../../riscv32-MINIRISC-elf/lib/libc.a(libc_a-fiprintf.o)
                0x000000008001e7dc                _fiprintf_r
 .text.fiprintf
                0x000000008001e814       0x48 /opt/gcc_MINIRISC/bin/../lib/gcc/riscv32-MINIRISC-elf/12.2.0/../../../../riscv32-MINIRISC-elf/lib/libc.a(libc_a-fiprintf.o)
                0x000000008001e814                fiprintf
 .text          0x000000008001e85c        0x0 /opt/gcc_MINIRISC/bin/../lib/gcc/riscv32-MINIRISC-elf/12.2.0/../../../../riscv32-MINIRISC-elf/lib/libc.a(libc_a-vfiprintf.o)
 .text.get_arg  0x000000008001e85c     0x105c /opt/gcc_MINIRISC/bin/../lib/gcc/riscv32-MINIRISC-elf/12.2.0/../../../../riscv32-MINIRISC-elf/lib/libc.a(libc_a-vfiprintf.o)
 .text.__sprint_r.part.0
                0x000000008001f8b8       0xf4 /opt/gcc_MINIRISC/bin/../lib/gcc/riscv32-MINIRISC-elf/12.2.0/../../../../riscv32-MINIRISC-elf/lib/libc.a(libc_a-vfiprintf.o)
 .text.__sprint_r
                0x000000008001f9ac       0x18 /opt/gcc_MINIRISC/bin/../lib/gcc/riscv32-MINIRISC-elf/12.2.0/../../../../riscv32-MINIRISC-elf/lib/libc.a(libc_a-vfiprintf.o)
                0x000000008001f9ac                __sprint_r
 .text._vfiprintf_r
                0x000000008001f9c4     0x2bb0 /opt/gcc_MINIRISC/bin/../lib/gcc/riscv32-MINIRISC-elf/12.2.0/../../../../riscv32-MINIRISC-elf/lib/libc.a(libc_a-vfiprintf.o)
                0x000000008001f9c4                _vfiprintf_r
 .text.vfiprintf
                0x0000000080022574       0x14 /opt/gcc_MINIRISC/bin/../lib/gcc/riscv32-MINIRISC-elf/12.2.0/../../../../riscv32-MINIRISC-elf/lib/libc.a(libc_a-vfiprintf.o)
                0x0000000080022574                vfiprintf
 .text.__sbprintf
                0x0000000080022588       0xcc /opt/gcc_MINIRISC/bin/../lib/gcc/riscv32-MINIRISC-elf/12.2.0/../../../../riscv32-MINIRISC-elf/lib/libc.a(libc_a-vfiprintf.o)
 .text          0x0000000080022654        0x0 /opt/gcc_MINIRISC/bin/../lib/gcc/riscv32-MINIRISC-elf/12.2.0/../../../../riscv32-MINIRISC-elf/lib/libc.a(libc_a-fvwrite.o)
 .text.__sfvwrite_r
                0x0000000080022654      0x49c /opt/gcc_MINIRISC/bin/../lib/gcc/riscv32-MINIRISC-elf/12.2.0/../../../../riscv32-MINIRISC-elf/lib/libc.a(libc_a-fvwrite.o)
                0x0000000080022654                __sfvwrite_r
 .text          0x0000000080022af0        0x0 /opt/gcc_MINIRISC/bin/../lib/gcc/riscv32-MINIRISC-elf/12.2.0/../../../../riscv32-MINIRISC-elf/lib/libc.a(libc_a-wsetup.o)
 .text.__swsetup_r
                0x0000000080022af0      0x138 /opt/gcc_MINIRISC/bin/../lib/gcc/riscv32-MINIRISC-elf/12.2.0/../../../../riscv32-MINIRISC-elf/lib/libc.a(libc_a-wsetup.o)
                0x0000000080022af0                __swsetup_r
 .text          0x0000000080022c28        0x0 /opt/gcc_MINIRISC/bin/../lib/gcc/riscv32-MINIRISC-elf/12.2.0/../../../../riscv32-MINIRISC-elf/lib/libc.a(libc_a-fputwc.o)
 .text.__fputwc
                0x0000000080022c28      0x12c /opt/gcc_MINIRISC/bin/../lib/gcc/riscv32-MINIRISC-elf/12.2.0/../../../../riscv32-MINIRISC-elf/lib/libc.a(libc_a-fputwc.o)
                0x0000000080022c28                __fputwc
 .text._fputwc_r
                0x0000000080022d54       0x2c /opt/gcc_MINIRISC/bin/../lib/gcc/riscv32-MINIRISC-elf/12.2.0/../../../../riscv32-MINIRISC-elf/lib/libc.a(libc_a-fputwc.o)
                0x0000000080022d54                _fputwc_r
 .text.fputwc   0x0000000080022d80       0x7c /opt/gcc_MINIRISC/bin/../lib/gcc/riscv32-MINIRISC-elf/12.2.0/../../../../riscv32-MINIRISC-elf/lib/libc.a(libc_a-fputwc.o)
                0x0000000080022d80                fputwc
 .text          0x0000000080022dfc        0x0 /opt/gcc_MINIRISC/bin/../lib/gcc/riscv32-MINIRISC-elf/12.2.0/../../../../riscv32-MINIRISC-elf/lib/libc.a(libc_a-abort.o)
 .text.abort    0x0000000080022dfc       0x18 /opt/gcc_MINIRISC/bin/../lib/gcc/riscv32-MINIRISC-elf/12.2.0/../../../../riscv32-MINIRISC-elf/lib/libc.a(libc_a-abort.o)
                0x0000000080022dfc                abort
 .text          0x0000000080022e14        0x0 /opt/gcc_MINIRISC/bin/../lib/gcc/riscv32-MINIRISC-elf/12.2.0/../../../../riscv32-MINIRISC-elf/lib/libc.a(libc_a-makebuf.o)
 .text.__smakebuf_r
                0x0000000080022e14      0x184 /opt/gcc_MINIRISC/bin/../lib/gcc/riscv32-MINIRISC-elf/12.2.0/../../../../riscv32-MINIRISC-elf/lib/libc.a(libc_a-makebuf.o)
                0x0000000080022e14                __smakebuf_r
 .text.__swhatbuf_r
                0x0000000080022f98       0xd8 /opt/gcc_MINIRISC/bin/../lib/gcc/riscv32-MINIRISC-elf/12.2.0/../../../../riscv32-MINIRISC-elf/lib/libc.a(libc_a-makebuf.o)
                0x0000000080022f98                __swhatbuf_r
 .text          0x0000000080023070        0x0 /opt/gcc_MINIRISC/bin/../lib/gcc/riscv32-MINIRISC-elf/12.2.0/../../../../riscv32-MINIRISC-elf/lib/libc.a(libc_a-wbuf.o)
 .text.__swbuf_r
                0x0000000080023070      0x174 /opt/gcc_MINIRISC/bin/../lib/gcc/riscv32-MINIRISC-elf/12.2.0/../../../../riscv32-MINIRISC-elf/lib/libc.a(libc_a-wbuf.o)
                0x0000000080023070                __swbuf_r
 .text.__swbuf  0x00000000800231e4       0x10 /opt/gcc_MINIRISC/bin/../lib/gcc/riscv32-MINIRISC-elf/12.2.0/../../../../riscv32-MINIRISC-elf/lib/libc.a(libc_a-wbuf.o)
                0x00000000800231e4                __swbuf
 .text          0x00000000800231f4        0x0 /opt/gcc_MINIRISC/bin/../lib/gcc/riscv32-MINIRISC-elf/12.2.0/../../../../riscv32-MINIRISC-elf/lib/libc.a(libc_a-signal.o)
 .text._init_signal_r
                0x00000000800231f4       0x5c /opt/gcc_MINIRISC/bin/../lib/gcc/riscv32-MINIRISC-elf/12.2.0/../../../../riscv32-MINIRISC-elf/lib/libc.a(libc_a-signal.o)
                0x00000000800231f4                _init_signal_r
 .text._signal_r
                0x0000000080023250       0x90 /opt/gcc_MINIRISC/bin/../lib/gcc/riscv32-MINIRISC-elf/12.2.0/../../../../riscv32-MINIRISC-elf/lib/libc.a(libc_a-signal.o)
                0x0000000080023250                _signal_r
 .text._raise_r
                0x00000000800232e0       0xc4 /opt/gcc_MINIRISC/bin/../lib/gcc/riscv32-MINIRISC-elf/12.2.0/../../../../riscv32-MINIRISC-elf/lib/libc.a(libc_a-signal.o)
                0x00000000800232e0                _raise_r
 .text.__sigtramp_r
                0x00000000800233a4       0xe0 /opt/gcc_MINIRISC/bin/../lib/gcc/riscv32-MINIRISC-elf/12.2.0/../../../../riscv32-MINIRISC-elf/lib/libc.a(libc_a-signal.o)
                0x00000000800233a4                __sigtramp_r
 .text.raise    0x0000000080023484       0xc0 /opt/gcc_MINIRISC/bin/../lib/gcc/riscv32-MINIRISC-elf/12.2.0/../../../../riscv32-MINIRISC-elf/lib/libc.a(libc_a-signal.o)
                0x0000000080023484                raise
 .text.signal   0x0000000080023544       0x94 /opt/gcc_MINIRISC/bin/../lib/gcc/riscv32-MINIRISC-elf/12.2.0/../../../../riscv32-MINIRISC-elf/lib/libc.a(libc_a-signal.o)
                0x0000000080023544                signal
 .text._init_signal
                0x00000000800235d8       0x5c /opt/gcc_MINIRISC/bin/../lib/gcc/riscv32-MINIRISC-elf/12.2.0/../../../../riscv32-MINIRISC-elf/lib/libc.a(libc_a-signal.o)
                0x00000000800235d8                _init_signal
 .text.__sigtramp
                0x0000000080023634       0xdc /opt/gcc_MINIRISC/bin/../lib/gcc/riscv32-MINIRISC-elf/12.2.0/../../../../riscv32-MINIRISC-elf/lib/libc.a(libc_a-signal.o)
                0x0000000080023634                __sigtramp
 .text          0x0000000080023710        0x0 /opt/gcc_MINIRISC/bin/../lib/gcc/riscv32-MINIRISC-elf/12.2.0/../../../../riscv32-MINIRISC-elf/lib/libc.a(libc_a-fstatr.o)
 .text._fstat_r
                0x0000000080023710       0x58 /opt/gcc_MINIRISC/bin/../lib/gcc/riscv32-MINIRISC-elf/12.2.0/../../../../riscv32-MINIRISC-elf/lib/libc.a(libc_a-fstatr.o)
                0x0000000080023710                _fstat_r
 .text          0x0000000080023768        0x0 /opt/gcc_MINIRISC/bin/../lib/gcc/riscv32-MINIRISC-elf/12.2.0/../../../../riscv32-MINIRISC-elf/lib/libc.a(libc_a-isattyr.o)
 .text._isatty_r
                0x0000000080023768       0x50 /opt/gcc_MINIRISC/bin/../lib/gcc/riscv32-MINIRISC-elf/12.2.0/../../../../riscv32-MINIRISC-elf/lib/libc.a(libc_a-isattyr.o)
                0x0000000080023768                _isatty_r
 .text          0x00000000800237b8        0x0 /opt/gcc_MINIRISC/bin/../lib/gcc/riscv32-MINIRISC-elf/12.2.0/../../../../riscv32-MINIRISC-elf/lib/libgloss.a(riscv_libgloss_a-sys_getpid.o)
 .text._getpid  0x00000000800237b8        0x8 /opt/gcc_MINIRISC/bin/../lib/gcc/riscv32-MINIRISC-elf/12.2.0/../../../../riscv32-MINIRISC-elf/lib/libgloss.a(riscv_libgloss_a-sys_getpid.o)
                0x00000000800237b8                _getpid
 .text          0x00000000800237c0        0x0 /opt/gcc_MINIRISC/bin/../lib/gcc/riscv32-MINIRISC-elf/12.2.0/../../../../riscv32-MINIRISC-elf/lib/libgloss.a(riscv_libgloss_a-sys_kill.o)
 .text._kill    0x00000000800237c0       0x24 /opt/gcc_MINIRISC/bin/../lib/gcc/riscv32-MINIRISC-elf/12.2.0/../../../../riscv32-MINIRISC-elf/lib/libgloss.a(riscv_libgloss_a-sys_kill.o)
                0x00000000800237c0                _kill
 .text          0x00000000800237e4       0xd0 /opt/gcc_MINIRISC/bin/../lib/gcc/riscv32-MINIRISC-elf/12.2.0/libgcc.a(eqtf2.o)
                0x00000000800237e4                __eqtf2
                0x00000000800237e4                __netf2
 .text          0x00000000800238b4      0x158 /opt/gcc_MINIRISC/bin/../lib/gcc/riscv32-MINIRISC-elf/12.2.0/libgcc.a(getf2.o)
                0x00000000800238b4                __getf2
                0x00000000800238b4                __gttf2
 .text          0x0000000080023a0c      0x154 /opt/gcc_MINIRISC/bin/../lib/gcc/riscv32-MINIRISC-elf/12.2.0/libgcc.a(letf2.o)
                0x0000000080023a0c                __letf2
                0x0000000080023a0c                __lttf2
 .text          0x0000000080023b60     0x11ac /opt/gcc_MINIRISC/bin/../lib/gcc/riscv32-MINIRISC-elf/12.2.0/libgcc.a(multf3.o)
                0x0000000080023b60                __multf3
 .text          0x0000000080024d0c     0x177c /opt/gcc_MINIRISC/bin/../lib/gcc/riscv32-MINIRISC-elf/12.2.0/libgcc.a(subtf3.o)
                0x0000000080024d0c                __subtf3
 .text          0x0000000080026488       0x94 /opt/gcc_MINIRISC/bin/../lib/gcc/riscv32-MINIRISC-elf/12.2.0/libgcc.a(unordtf2.o)
                0x0000000080026488                __unordtf2
 .text          0x000000008002651c       0xfc /opt/gcc_MINIRISC/bin/../lib/gcc/riscv32-MINIRISC-elf/12.2.0/libgcc.a(fixtfsi.o)
                0x000000008002651c                __fixtfsi
 .text          0x0000000080026618      0x194 /opt/gcc_MINIRISC/bin/../lib/gcc/riscv32-MINIRISC-elf/12.2.0/libgcc.a(floatsitf.o)
                0x0000000080026618                __floatsitf
 .text          0x00000000800267ac      0x260 /opt/gcc_MINIRISC/bin/../lib/gcc/riscv32-MINIRISC-elf/12.2.0/libgcc.a(extenddftf2.o)
                0x00000000800267ac                __extenddftf2
 .text          0x0000000080026a0c        0x0 /opt/gcc_MINIRISC/bin/../lib/gcc/riscv32-MINIRISC-elf/12.2.0/crtend.o
 *(.gnu.warning)

.fini
 *(SORT_NONE(.fini))
                [!provide]                        PROVIDE (__etext = .)
                [!provide]                        PROVIDE (_etext = .)
                [!provide]                        PROVIDE (etext = .)

.rodata         0x0000000080026a10    0x4d8fc
 *(.rodata .rodata.* .gnu.linkonce.r.*)
 .rodata.str1.4
                0x0000000080026a10      0x289 build/minirisc/minirisc.o
 *fill*         0x0000000080026c99        0x3 
 .rodata.str1.4
                0x0000000080026c9c        0xc build/xprintf/xprintf.o
                                          0xd (size before relaxing)
 .rodata        0x0000000080026ca8       0xd0 build/xprintf/xprintf.o
 .rodata.str1.4
                0x0000000080026d78       0x30 build/FreeRTOS/tasks.o
 .rodata        0x0000000080026da8       0x3c build/FreeRTOS/tasks.o
 .rodata        0x0000000080026de4       0x28 build/FreeRTOS/timers.o
 .rodata.str1.4
                0x0000000080026e0c       0x10 build/FreeRTOS/timers.o
 .rodata.str1.4
                0x0000000080026e1c       0x53 build/FreeRTOS/portable/MemMang/heap_3_nosuspend.o
 *fill*         0x0000000080026e6f        0x1 
 .rodata.str1.4
                0x0000000080026e70       0x14 build/FreeRTOS/portable/GCC/Mini-RISC/port.o
 .rodata.str1.4
                0x0000000080026e84       0x4c build/support/freertos_support.o
 .rodata.str1.4
                0x0000000080026ed0       0x41 build/support/uart.o
 *fill*         0x0000000080026f11        0x3 
 .rodata        0x0000000080026f14     0x5d64 build/Cactus1.o
                0x0000000080026f14                Cactus1
 .rodata.str1.4
                0x000000008002cc78       0x77 build/dinoGame.o
 *fill*         0x000000008002ccef        0x1 
 .rodata        0x000000008002ccf0     0x8764 build/dinoSpriteCrouched1.o
                0x000000008002ccf0                dinoSpriteCrouched1
 .rodata        0x0000000080035454     0x8764 build/dinoSpriteCrouched2.o
                0x0000000080035454                dinoSpriteCrouched2
 .rodata        0x000000008003dbb8     0x930c build/dinoSpriteDead.o
                0x000000008003dbb8                dinoSpriteDead
 .rodata        0x0000000080046ec4     0x930c build/dinoSpriteMoving1.o
                0x0000000080046ec4                dinoSpriteMoving1
 .rodata        0x00000000800501d0     0x930c build/dinoSpriteMoving2.o
                0x00000000800501d0                dinoSpriteMoving2
 .rodata        0x00000000800594dc     0x930c build/dinoSpriteStatic.o
                0x00000000800594dc                dinoSpriteStatic
 .rodata        0x00000000800627e8     0x1db0 build/font.o
                0x0000000080062dd8                terminusbold32x16
 .rodata        0x0000000080064598     0x721c build/Ptero1.o
                0x0000000080064598                Ptero1
 .rodata        0x000000008006b7b4     0x721c build/Ptero2.o
                0x000000008006b7b4                Ptero2
 .rodata        0x00000000800729d0       0x40 /opt/gcc_MINIRISC/bin/../lib/gcc/riscv32-MINIRISC-elf/12.2.0/libgcc.a(divdf3.o)
 .rodata        0x0000000080072a10      0x100 /opt/gcc_MINIRISC/bin/../lib/gcc/riscv32-MINIRISC-elf/12.2.0/libgcc.a(_clz.o)
                0x0000000080072a10                __clz_tab
 .rodata.get_arg
                0x0000000080072b10      0x2c4 /opt/gcc_MINIRISC/bin/../lib/gcc/riscv32-MINIRISC-elf/12.2.0/../../../../riscv32-MINIRISC-elf/lib/libc.a(libc_a-svfprintf.o)
 .rodata._svfprintf_r.str1.4
                0x0000000080072dd4       0x3e /opt/gcc_MINIRISC/bin/../lib/gcc/riscv32-MINIRISC-elf/12.2.0/../../../../riscv32-MINIRISC-elf/lib/libc.a(libc_a-svfprintf.o)
                                         0x42 (size before relaxing)
 *fill*         0x0000000080072e12        0x2 
 .rodata._svfprintf_r
                0x0000000080072e14      0x204 /opt/gcc_MINIRISC/bin/../lib/gcc/riscv32-MINIRISC-elf/12.2.0/../../../../riscv32-MINIRISC-elf/lib/libc.a(libc_a-svfprintf.o)
 .rodata.zeroes.0
                0x0000000080073018       0x10 /opt/gcc_MINIRISC/bin/../lib/gcc/riscv32-MINIRISC-elf/12.2.0/../../../../riscv32-MINIRISC-elf/lib/libc.a(libc_a-svfprintf.o)
 .rodata.blanks.1
                0x0000000080073028       0x10 /opt/gcc_MINIRISC/bin/../lib/gcc/riscv32-MINIRISC-elf/12.2.0/../../../../riscv32-MINIRISC-elf/lib/libc.a(libc_a-svfprintf.o)
 *fill*         0x0000000080073038        0x8 
 .rodata.cst16  0x0000000080073040       0x30 /opt/gcc_MINIRISC/bin/../lib/gcc/riscv32-MINIRISC-elf/12.2.0/../../../../riscv32-MINIRISC-elf/lib/libc.a(libc_a-svfprintf.o)
 .rodata.currentlocale.str1.4
                0x0000000080073070        0x2 /opt/gcc_MINIRISC/bin/../lib/gcc/riscv32-MINIRISC-elf/12.2.0/../../../../riscv32-MINIRISC-elf/lib/libc.a(libc_a-locale.o)
 *fill*         0x0000000080073072        0x2 
 .rodata.__loadlocale.str1.4
                0x0000000080073074       0xd6 /opt/gcc_MINIRISC/bin/../lib/gcc/riscv32-MINIRISC-elf/12.2.0/../../../../riscv32-MINIRISC-elf/lib/libc.a(libc_a-locale.o)
 *fill*         0x000000008007314a        0x2 
 .rodata.__loadlocale
                0x000000008007314c       0xd4 /opt/gcc_MINIRISC/bin/../lib/gcc/riscv32-MINIRISC-elf/12.2.0/../../../../riscv32-MINIRISC-elf/lib/libc.a(libc_a-locale.o)
 .rodata.__get_locale_env.str1.4
                0x0000000080073220        0xd /opt/gcc_MINIRISC/bin/../lib/gcc/riscv32-MINIRISC-elf/12.2.0/../../../../riscv32-MINIRISC-elf/lib/libc.a(libc_a-locale.o)
 *fill*         0x000000008007322d        0x3 
 .rodata.str1.4
                0x0000000080073230       0x48 /opt/gcc_MINIRISC/bin/../lib/gcc/riscv32-MINIRISC-elf/12.2.0/../../../../riscv32-MINIRISC-elf/lib/libc.a(libc_a-locale.o)
                                         0x4c (size before relaxing)
 .rodata.__C_locale
                0x0000000080073278      0x16c /opt/gcc_MINIRISC/bin/../lib/gcc/riscv32-MINIRISC-elf/12.2.0/../../../../riscv32-MINIRISC-elf/lib/libc.a(libc_a-locale.o)
                0x0000000080073278                __C_locale
 .rodata.categories
                0x00000000800733e4       0x1c /opt/gcc_MINIRISC/bin/../lib/gcc/riscv32-MINIRISC-elf/12.2.0/../../../../riscv32-MINIRISC-elf/lib/libc.a(libc_a-locale.o)
 .rodata.cst16  0x0000000080073400       0x10 /opt/gcc_MINIRISC/bin/../lib/gcc/riscv32-MINIRISC-elf/12.2.0/../../../../riscv32-MINIRISC-elf/lib/libc.a(libm_a-frexpl.o)
 .rodata.cst16  0x0000000080073410       0x20 /opt/gcc_MINIRISC/bin/../lib/gcc/riscv32-MINIRISC-elf/12.2.0/../../../../riscv32-MINIRISC-elf/lib/libc.a(libc_a-gdtoa-ldtoa.o)
 .rodata        0x0000000080073430       0x14 /opt/gcc_MINIRISC/bin/../lib/gcc/riscv32-MINIRISC-elf/12.2.0/../../../../riscv32-MINIRISC-elf/lib/libc.a(libc_a-gdtoa-ldtoa.o)
 .rodata.__gdtoa.str1.4
                0x0000000080073444        0x9 /opt/gcc_MINIRISC/bin/../lib/gcc/riscv32-MINIRISC-elf/12.2.0/../../../../riscv32-MINIRISC-elf/lib/libc.a(libc_a-gdtoa-gdtoa.o)
                                         0x12 (size before relaxing)
 *fill*         0x000000008007344d        0x3 
 .rodata.__jis_mbtowc
                0x0000000080073450       0xd8 /opt/gcc_MINIRISC/bin/../lib/gcc/riscv32-MINIRISC-elf/12.2.0/../../../../riscv32-MINIRISC-elf/lib/libc.a(libc_a-mbtowc_r.o)
 .rodata.JIS_action_table
                0x0000000080073528       0x48 /opt/gcc_MINIRISC/bin/../lib/gcc/riscv32-MINIRISC-elf/12.2.0/../../../../riscv32-MINIRISC-elf/lib/libc.a(libc_a-mbtowc_r.o)
 .rodata.JIS_state_table
                0x0000000080073570       0x48 /opt/gcc_MINIRISC/bin/../lib/gcc/riscv32-MINIRISC-elf/12.2.0/../../../../riscv32-MINIRISC-elf/lib/libc.a(libc_a-mbtowc_r.o)
 .rodata.__multadd.str1.4
                0x00000000800735b8       0x74 /opt/gcc_MINIRISC/bin/../lib/gcc/riscv32-MINIRISC-elf/12.2.0/../../../../riscv32-MINIRISC-elf/lib/libc.a(libc_a-mprec.o)
 .rodata.p05.0  0x000000008007362c        0xc /opt/gcc_MINIRISC/bin/../lib/gcc/riscv32-MINIRISC-elf/12.2.0/../../../../riscv32-MINIRISC-elf/lib/libc.a(libc_a-mprec.o)
 .rodata.__mprec_tinytens
                0x0000000080073638       0x28 /opt/gcc_MINIRISC/bin/../lib/gcc/riscv32-MINIRISC-elf/12.2.0/../../../../riscv32-MINIRISC-elf/lib/libc.a(libc_a-mprec.o)
                0x0000000080073638                __mprec_tinytens
 .rodata.__mprec_bigtens
                0x0000000080073660       0x28 /opt/gcc_MINIRISC/bin/../lib/gcc/riscv32-MINIRISC-elf/12.2.0/../../../../riscv32-MINIRISC-elf/lib/libc.a(libc_a-mprec.o)
                0x0000000080073660                __mprec_bigtens
 .rodata.__mprec_tens
                0x0000000080073688       0xc8 /opt/gcc_MINIRISC/bin/../lib/gcc/riscv32-MINIRISC-elf/12.2.0/../../../../riscv32-MINIRISC-elf/lib/libc.a(libc_a-mprec.o)
                0x0000000080073688                __mprec_tens
 .rodata._ctype_
                0x0000000080073750      0x101 /opt/gcc_MINIRISC/bin/../lib/gcc/riscv32-MINIRISC-elf/12.2.0/../../../../riscv32-MINIRISC-elf/lib/libc.a(libc_a-ctype_.o)
                0x0000000080073750                _ctype_
 *fill*         0x0000000080073851        0x3 
 .rodata.get_arg
                0x0000000080073854      0x2c4 /opt/gcc_MINIRISC/bin/../lib/gcc/riscv32-MINIRISC-elf/12.2.0/../../../../riscv32-MINIRISC-elf/lib/libc.a(libc_a-svfiprintf.o)
 .rodata._svfiprintf_r.str1.4
                0x0000000080073b18       0x2f /opt/gcc_MINIRISC/bin/../lib/gcc/riscv32-MINIRISC-elf/12.2.0/../../../../riscv32-MINIRISC-elf/lib/libc.a(libc_a-svfiprintf.o)
 .rodata._svfiprintf_r
                0x0000000080073b18      0x16c /opt/gcc_MINIRISC/bin/../lib/gcc/riscv32-MINIRISC-elf/12.2.0/../../../../riscv32-MINIRISC-elf/lib/libc.a(libc_a-svfiprintf.o)
 .rodata.zeroes.0
                0x0000000080073c84       0x10 /opt/gcc_MINIRISC/bin/../lib/gcc/riscv32-MINIRISC-elf/12.2.0/../../../../riscv32-MINIRISC-elf/lib/libc.a(libc_a-svfiprintf.o)
 .rodata.blanks.1
                0x0000000080073c94       0x10 /opt/gcc_MINIRISC/bin/../lib/gcc/riscv32-MINIRISC-elf/12.2.0/../../../../riscv32-MINIRISC-elf/lib/libc.a(libc_a-svfiprintf.o)
 .rodata.__action_table
                0x0000000080073ca4       0x6c /opt/gcc_MINIRISC/bin/../lib/gcc/riscv32-MINIRISC-elf/12.2.0/../../../../riscv32-MINIRISC-elf/lib/libc.a(libc_a-svfiprintf.o)
                0x0000000080073ca4                __action_table
 .rodata.__state_table
                0x0000000080073d10       0x6c /opt/gcc_MINIRISC/bin/../lib/gcc/riscv32-MINIRISC-elf/12.2.0/../../../../riscv32-MINIRISC-elf/lib/libc.a(libc_a-svfiprintf.o)
                0x0000000080073d10                __state_table
 .rodata.__chclass
                0x0000000080073d7c      0x100 /opt/gcc_MINIRISC/bin/../lib/gcc/riscv32-MINIRISC-elf/12.2.0/../../../../riscv32-MINIRISC-elf/lib/libc.a(libc_a-svfiprintf.o)
                0x0000000080073d7c                __chclass
 .rodata.__assert_func.str1.4
                0x0000000080073e7c       0x3f /opt/gcc_MINIRISC/bin/../lib/gcc/riscv32-MINIRISC-elf/12.2.0/../../../../riscv32-MINIRISC-elf/lib/libc.a(libc_a-assert.o)
                                         0x43 (size before relaxing)
 *fill*         0x0000000080073ebb        0x1 
 .rodata.get_arg
                0x0000000080073ebc      0x2c4 /opt/gcc_MINIRISC/bin/../lib/gcc/riscv32-MINIRISC-elf/12.2.0/../../../../riscv32-MINIRISC-elf/lib/libc.a(libc_a-vfiprintf.o)
 .rodata._vfiprintf_r.str1.4
                0x0000000080074180       0x2f /opt/gcc_MINIRISC/bin/../lib/gcc/riscv32-MINIRISC-elf/12.2.0/../../../../riscv32-MINIRISC-elf/lib/libc.a(libc_a-vfiprintf.o)
 .rodata._vfiprintf_r
                0x0000000080074180      0x16c /opt/gcc_MINIRISC/bin/../lib/gcc/riscv32-MINIRISC-elf/12.2.0/../../../../riscv32-MINIRISC-elf/lib/libc.a(libc_a-vfiprintf.o)
 .rodata.zeroes.0
                0x00000000800742ec       0x10 /opt/gcc_MINIRISC/bin/../lib/gcc/riscv32-MINIRISC-elf/12.2.0/../../../../riscv32-MINIRISC-elf/lib/libc.a(libc_a-vfiprintf.o)
 .rodata.blanks.1
                0x00000000800742fc       0x10 /opt/gcc_MINIRISC/bin/../lib/gcc/riscv32-MINIRISC-elf/12.2.0/../../../../riscv32-MINIRISC-elf/lib/libc.a(libc_a-vfiprintf.o)

.rodata1
 *(.rodata1)

.sdata2
 *(.sdata2 .sdata2.* .gnu.linkonce.s2.*)

.sbss2
 *(.sbss2 .sbss2.* .gnu.linkonce.sb2.*)

.eh_frame_hdr
 *(.eh_frame_hdr)
 *(.eh_frame_entry .eh_frame_entry.*)

.eh_frame
 *(.eh_frame)
 *(.eh_frame.*)

.sframe
 *(.sframe)
 *(.sframe.*)

.gcc_except_table
 *(.gcc_except_table .gcc_except_table.*)

.gnu_extab
 *(.gnu_extab*)

.exception_ranges
 *(.exception_ranges*)
                0x000000008007530c                . = DATA_SEGMENT_ALIGN (CONSTANT (MAXPAGESIZE), CONSTANT (COMMONPAGESIZE))

.eh_frame       0x000000008007430c       0x40
 *(.eh_frame)
 .eh_frame      0x000000008007430c        0x0 /opt/gcc_MINIRISC/bin/../lib/gcc/riscv32-MINIRISC-elf/12.2.0/crtbegin.o
 .eh_frame      0x000000008007430c       0x28 /opt/gcc_MINIRISC/bin/../lib/gcc/riscv32-MINIRISC-elf/12.2.0/libgcc.a(_udivdi3.o)
 .eh_frame      0x0000000080074334       0x14 /opt/gcc_MINIRISC/bin/../lib/gcc/riscv32-MINIRISC-elf/12.2.0/libgcc.a(_umoddi3.o)
                                         0x28 (size before relaxing)
 .eh_frame      0x0000000080074348        0x4 /opt/gcc_MINIRISC/bin/../lib/gcc/riscv32-MINIRISC-elf/12.2.0/crtend.o
 *(.eh_frame.*)

.sframe
 *(.sframe)
 *(.sframe.*)

.gnu_extab
 *(.gnu_extab)

.gcc_except_table
 *(.gcc_except_table .gcc_except_table.*)

.exception_ranges
 *(.exception_ranges*)
