Archive member included to satisfy reference by file (symbol)

/opt/gcc_MINIRISC/bin/../lib/gcc/riscv32-MINIRISC-elf/12.2.0/libgcc.a(_clzsi2.o)
                              build/FreeRTOS/tasks.o (__clzsi2)
/opt/gcc_MINIRISC/bin/../lib/gcc/riscv32-MINIRISC-elf/12.2.0/libgcc.a(_udivdi3.o)
                              build/xprintf/xprintf.o (__udivdi3)
/opt/gcc_MINIRISC/bin/../lib/gcc/riscv32-MINIRISC-elf/12.2.0/libgcc.a(_umoddi3.o)
                              build/xprintf/xprintf.o (__umoddi3)
/opt/gcc_MINIRISC/bin/../lib/gcc/riscv32-MINIRISC-elf/12.2.0/libgcc.a(adddf3.o)
                              build/xprintf/xprintf.o (__adddf3)
/opt/gcc_MINIRISC/bin/../lib/gcc/riscv32-MINIRISC-elf/12.2.0/libgcc.a(divdf3.o)
                              build/xprintf/xprintf.o (__divdf3)
/opt/gcc_MINIRISC/bin/../lib/gcc/riscv32-MINIRISC-elf/12.2.0/libgcc.a(eqdf2.o)
                              build/xprintf/xprintf.o (__nedf2)
/opt/gcc_MINIRISC/bin/../lib/gcc/riscv32-MINIRISC-elf/12.2.0/libgcc.a(gedf2.o)
                              build/xprintf/xprintf.o (__gedf2)
/opt/gcc_MINIRISC/bin/../lib/gcc/riscv32-MINIRISC-elf/12.2.0/libgcc.a(ledf2.o)
                              build/xprintf/xprintf.o (__ledf2)
/opt/gcc_MINIRISC/bin/../lib/gcc/riscv32-MINIRISC-elf/12.2.0/libgcc.a(muldf3.o)
                              build/xprintf/xprintf.o (__muldf3)
/opt/gcc_MINIRISC/bin/../lib/gcc/riscv32-MINIRISC-elf/12.2.0/libgcc.a(subdf3.o)
                              build/xprintf/xprintf.o (__subdf3)
/opt/gcc_MINIRISC/bin/../lib/gcc/riscv32-MINIRISC-elf/12.2.0/libgcc.a(unorddf2.o)
                              build/xprintf/xprintf.o (__unorddf2)
/opt/gcc_MINIRISC/bin/../lib/gcc/riscv32-MINIRISC-elf/12.2.0/libgcc.a(fixdfsi.o)
                              build/xprintf/xprintf.o (__fixdfsi)
/opt/gcc_MINIRISC/bin/../lib/gcc/riscv32-MINIRISC-elf/12.2.0/libgcc.a(floatsidf.o)
                              build/xprintf/xprintf.o (__floatsidf)
/opt/gcc_MINIRISC/bin/../lib/gcc/riscv32-MINIRISC-elf/12.2.0/libgcc.a(_clz.o)
                              /opt/gcc_MINIRISC/bin/../lib/gcc/riscv32-MINIRISC-elf/12.2.0/libgcc.a(_clzsi2.o) (__clz_tab)
/opt/gcc_MINIRISC/bin/../lib/gcc/riscv32-MINIRISC-elf/12.2.0/../../../../riscv32-MINIRISC-elf/lib/libc.a(libc_a-atexit.o)
                              /opt/gcc_MINIRISC/bin/../lib/gcc/riscv32-MINIRISC-elf/12.2.0/../../../../riscv32-MINIRISC-elf/lib/crt0.o (atexit)
/opt/gcc_MINIRISC/bin/../lib/gcc/riscv32-MINIRISC-elf/12.2.0/../../../../riscv32-MINIRISC-elf/lib/libc.a(libc_a-exit.o)
                              /opt/gcc_MINIRISC/bin/../lib/gcc/riscv32-MINIRISC-elf/12.2.0/../../../../riscv32-MINIRISC-elf/lib/crt0.o (exit)
/opt/gcc_MINIRISC/bin/../lib/gcc/riscv32-MINIRISC-elf/12.2.0/../../../../riscv32-MINIRISC-elf/lib/libc.a(libc_a-malloc.o)
                              build/FreeRTOS/portable/MemMang/heap_3_nosuspend.o (malloc)
/opt/gcc_MINIRISC/bin/../lib/gcc/riscv32-MINIRISC-elf/12.2.0/../../../../riscv32-MINIRISC-elf/lib/libc.a(libc_a-mallocr.o)
                              /opt/gcc_MINIRISC/bin/../lib/gcc/riscv32-MINIRISC-elf/12.2.0/../../../../riscv32-MINIRISC-elf/lib/libc.a(libc_a-malloc.o) (_malloc_r)
/opt/gcc_MINIRISC/bin/../lib/gcc/riscv32-MINIRISC-elf/12.2.0/../../../../riscv32-MINIRISC-elf/lib/libc.a(libc_a-findfp.o)
                              build/FreeRTOS/tasks.o (__sf)
/opt/gcc_MINIRISC/bin/../lib/gcc/riscv32-MINIRISC-elf/12.2.0/../../../../riscv32-MINIRISC-elf/lib/libc.a(libc_a-fwalk.o)
                              /opt/gcc_MINIRISC/bin/../lib/gcc/riscv32-MINIRISC-elf/12.2.0/../../../../riscv32-MINIRISC-elf/lib/libc.a(libc_a-findfp.o) (_fwalk_sglue)
/opt/gcc_MINIRISC/bin/../lib/gcc/riscv32-MINIRISC-elf/12.2.0/../../../../riscv32-MINIRISC-elf/lib/libc.a(libc_a-getchar.o)
                              build/dinoGame.o (getchar)
/opt/gcc_MINIRISC/bin/../lib/gcc/riscv32-MINIRISC-elf/12.2.0/../../../../riscv32-MINIRISC-elf/lib/libc.a(libc_a-printf.o)
                              build/dinoGame.o (printf)
/opt/gcc_MINIRISC/bin/../lib/gcc/riscv32-MINIRISC-elf/12.2.0/../../../../riscv32-MINIRISC-elf/lib/libc.a(libc_a-sprintf.o)
                              build/FreeRTOS/tasks.o (sprintf)
/opt/gcc_MINIRISC/bin/../lib/gcc/riscv32-MINIRISC-elf/12.2.0/../../../../riscv32-MINIRISC-elf/lib/libc.a(libc_a-stdio.o)
                              /opt/gcc_MINIRISC/bin/../lib/gcc/riscv32-MINIRISC-elf/12.2.0/../../../../riscv32-MINIRISC-elf/lib/libc.a(libc_a-findfp.o) (__sread)
/opt/gcc_MINIRISC/bin/../lib/gcc/riscv32-MINIRISC-elf/12.2.0/../../../../riscv32-MINIRISC-elf/lib/libc.a(libc_a-ctime.o)
                              build/dinoGame.o (ctime)
/opt/gcc_MINIRISC/bin/../lib/gcc/riscv32-MINIRISC-elf/12.2.0/../../../../riscv32-MINIRISC-elf/lib/libc.a(libc_a-lcltime.o)
                              /opt/gcc_MINIRISC/bin/../lib/gcc/riscv32-MINIRISC-elf/12.2.0/../../../../riscv32-MINIRISC-elf/lib/libc.a(libc_a-ctime.o) (localtime)
[...]
Memory Configuration

Name             Origin             Length             Attributes
RAM              0x0000000080000000 0x0000000002000000 xrw
ERAM             0x0000000020000000 0x0000000002000000 xrw
*default*        0x0000000000000000 0xffffffffffffffff

Linker script and memory map

LOAD /opt/gcc_MINIRISC/bin/../lib/gcc/riscv32-MINIRISC-elf/12.2.0/../../../../riscv32-MINIRISC-elf/lib/crt0.o
LOAD /opt/gcc_MINIRISC/bin/../lib/gcc/riscv32-MINIRISC-elf/12.2.0/crtbegin.o
LOAD build/minirisc/minirisc.o
LOAD build/xprintf/xprintf.o
LOAD build/FreeRTOS/tasks.o
LOAD build/FreeRTOS/timers.o
LOAD build/FreeRTOS/list.o
LOAD build/FreeRTOS/queue.o
LOAD build/FreeRTOS/croutine.o
LOAD build/FreeRTOS/stream_buffer.o
LOAD build/FreeRTOS/event_groups.o
LOAD build/FreeRTOS/portable/MemMang/heap_3_nosuspend.o
LOAD build/FreeRTOS/portable/GCC/Mini-RISC/port.o
LOAD build/support/syscalls.o
LOAD build/support/freertos_support.o
LOAD build/support/uart.o
LOAD build/dinoGame.o
LOAD build/minirisc/minirisc_init.o
LOAD build/FreeRTOS/portable/GCC/Mini-RISC/portASM.o
                [!provide]                        PROVIDE (__executable_start = SEGMENT_START ("text-segment", 0x10000))
                0x0000000000010074                . = (SEGMENT_START ("text-segment", 0x10000) + SIZEOF_HEADERS)

.interp
 *(.interp)

.note.gnu.build-id
 *(.note.gnu.build-id)

.hash
 *(.hash)

.gnu.hash
 *(.gnu.hash)

.dynsym
 *(.dynsym)

.dynstr
 *(.dynstr)

.gnu.version
 *(.gnu.version)

.gnu.version_d
 *(.gnu.version_d)

.gnu.version_r
 *(.gnu.version_r)

.rela.dyn       0x0000000080000000        0x0
 *(.rela.init)
 *(.rela.text .rela.text.* .rela.gnu.linkonce.t.*)
 .rela.text     0x0000000080000000        0x0 /opt/gcc_MINIRISC/bin/../lib/gcc/riscv32-MINIRISC-elf/12.2.0/../../../../riscv32-MINIRISC-elf/lib/crt0.o
 .rela.text.__libc_init_array
                0x0000000080000000        0x0 /opt/gcc_MINIRISC/bin/../lib/gcc/riscv32-MINIRISC-elf/12.2.0/../../../../riscv32-MINIRISC-elf/lib/crt0.o
 .rela.text.__libc_fini_array
                0x0000000080000000        0x0 /opt/gcc_MINIRISC/bin/../lib/gcc/riscv32-MINIRISC-elf/12.2.0/../../../../riscv32-MINIRISC-elf/lib/crt0.o
 .rela.text.startup.register_fini
                0x0000000080000000        0x0 /opt/gcc_MINIRISC/bin/../lib/gcc/riscv32-MINIRISC-elf/12.2.0/../../../../riscv32-MINIRISC-elf/lib/crt0.o
 *(.rela.fini)
 *(.rela.rodata .rela.rodata.* .rela.gnu.linkonce.r.*)
 *(.rela.data .rela.data.* .rela.gnu.linkonce.d.*)
 *(.rela.tdata .rela.tdata.* .rela.gnu.linkonce.td.*)
 *(.rela.tbss .rela.tbss.* .rela.gnu.linkonce.tb.*)
 *(.rela.ctors)
 *(.rela.dtors)
 *(.rela.got)
 *(.rela.sdata .rela.sdata.* .rela.gnu.linkonce.s.*)
 *(.rela.sbss .rela.sbss.* .rela.gnu.linkonce.sb.*)
 *(.rela.sdata2 .rela.sdata2.* .rela.gnu.linkonce.s2.*)
 *(.rela.sbss2 .rela.sbss2.* .rela.gnu.linkonce.sb2.*)
 *(.rela.bss .rela.bss.* .rela.gnu.linkonce.b.*)
 *(.rela.ifunc)
 .rela.srodata  0x0000000080000000        0x0 /opt/gcc_MINIRISC/bin/../lib/gcc/riscv32-MINIRISC-elf/12.2.0/../../../../riscv32-MINIRISC-elf/lib/crt0.o
 .rela.minirisc_init
                0x0000000080000000        0x0 /opt/gcc_MINIRISC/bin/../lib/gcc/riscv32-MINIRISC-elf/12.2.0/../../../../riscv32-MINIRISC-elf/lib/crt0.o

.rela.plt       0x0000000000010074        0x0
 *(.rela.plt)
                [!provide]                        PROVIDE (__rela_iplt_start = .)
 *(.rela.iplt)
                [!provide]                        PROVIDE (__rela_iplt_end = .)

.eram
 *(.eram)
 *(.eram.*)
                0x0000000081fffff0                PROVIDE (__stack_top = ((ORIGIN (RAM) + LENGTH (RAM)) - 0x10))
                0x0000000081fffff0                PROVIDE (__freertos_irq_stack_top = __stack_top)

.minirisc_init  0x0000000080000000       0x2c
                0x0000000080000000                . = ALIGN (0x4)
 *(.minirisc_init)
 .minirisc_init
                0x0000000080000000       0x2c build/minirisc/minirisc_init.o
                0x0000000080000000                _minirisc_init
                0x000000008000002c                . = ALIGN (0x4)

.init
 *(SORT_NONE(.init))

.plt
 *(.plt)
 *(.iplt)

.minirisc_irq_handlers
                0x0000000080000030      0xae4
                0x0000000080000030                . = ALIGN (0x4)
 *(.minirisc_irq_handlers)
 .minirisc_irq_handlers
                0x0000000080000030      0x6f8 build/minirisc/minirisc.o
                0x0000000080000030                environment_call_exception_handler
                0x00000000800000cc                environment_break_exception_handler
                0x0000000080000168                default_exception_handler
                0x0000000080000210                instruction_address_misaligned_exception_handler
                0x00000000800002b4                instruction_access_fault_exception_handler
                0x0000000080000354                illegal_instruction_exception_handler
                0x00000000800003f8                load_address_misaligned_exception_handler
                0x000000008000049c                store_address_misaligned_exception_handler
                0x0000000080000540                load_access_fault_exception_handler
                0x00000000800005e4                store_access_fault_exception_handler
                0x0000000080000688                default_interrupt_handler
                0x0000000080000688                mouse_interrupt_handler
                0x0000000080000688                nic_rx_interrupt_handler
                0x0000000080000688                keyboard_interrupt_handler
                0x0000000080000688                video_interrupt_handler
                0x0000000080000688                blkdev_interrupt_handler
                0x0000000080000688                audio_interrupt_handler
                0x0000000080000688                nic_tx_interrupt_handler
 .minirisc_irq_handlers
                0x0000000080000728       0xa4 build/FreeRTOS/portable/GCC/Mini-RISC/port.o
                0x0000000080000728                timer_interrupt_handler
 .minirisc_irq_handlers
                0x00000000800007cc      0x190 build/support/uart.o
                0x00000000800007cc                uart_rx_interrupt_handler
                0x00000000800008a0                uart_tx_interrupt_handler
 *fill*         0x000000008000095c        0x4 
 .minirisc_irq_handlers
                0x0000000080000960       0x80 build/minirisc/minirisc_init.o
 .minirisc_irq_handlers
                0x00000000800009e0      0x134 build/FreeRTOS/portable/GCC/Mini-RISC/portASM.o
                0x00000000800009e0                swi_interrupt_handler
                0x0000000080000b14                . = ALIGN (0x4)

.text           0x0000000080000b14    0x30584
 *(.text.unlikely .text.*_unlikely .text.unlikely.*)
 *(.text.exit .text.exit.*)
 .text.exit     0x0000000080000b14       0x2c /opt/gcc_MINIRISC/bin/../lib/gcc/riscv32-MINIRISC-elf/12.2.0/../../../../riscv32-MINIRISC-elf/lib/libc.a(libc_a-exit.o)
                0x0000000080000b14                exit
 *(.text.startup .text.startup.*)
 .text.startup.register_fini
                0x0000000080000b40       0x18 /opt/gcc_MINIRISC/bin/../lib/gcc/riscv32-MINIRISC-elf/12.2.0/../../../../riscv32-MINIRISC-elf/lib/libc.a(libc_a-__call_atexit.o)
 *(.text.hot .text.hot.*)
 *(SORT_BY_NAME(.text.sorted.*))
 *(.text .stub .text.* .gnu.linkonce.t.*)
 .text          0x0000000080000b58       0x44 /opt/gcc_MINIRISC/bin/../lib/gcc/riscv32-MINIRISC-elf/12.2.0/../../../../riscv32-MINIRISC-elf/lib/crt0.o
                0x0000000080000b58                _start
 .text          0x0000000080000b9c       0x68 /opt/gcc_MINIRISC/bin/../lib/gcc/riscv32-MINIRISC-elf/12.2.0/crtbegin.o
 .text          0x0000000080000c04       0x70 build/minirisc/minirisc.o
                0x0000000080000c04                minirisc_halt
                0x0000000080000c18                minirisc_enable_global_interrupts
                0x0000000080000c20                minirisc_disable_global_interrupts
                0x0000000080000c28                minirisc_wait_for_interrupt
                0x0000000080000c30                minirisc_enable_interrupt
                0x0000000080000c38                minirisc_disable_interrupt
                0x0000000080000c40                minirisc_get_pending_interrupts
                0x0000000080000c48                minirisc_raise_software_interrupt
                0x0000000080000c54                minirisc_clear_software_interrupt
                0x0000000080000c60                minirisc_nb_instruction_retired
 .text          0x0000000080000c74      0xd30 build/xprintf/xprintf.o
                0x0000000080001240                xfputc
                0x0000000080001280                xputc
                0x0000000080001868                xfputs
                0x00000000800018ac                xputs
                0x00000000800018d0                xprintf
                0x0000000080001918                xfprintf
                0x0000000080001950                xsprintf
 .text          0x00000000800019a4     0x31e0 build/FreeRTOS/tasks.o
                0x0000000080002098                xTaskCreateStatic
                0x0000000080002180                xTaskCreate
                0x0000000080002264                vTaskDelete
                0x0000000080002394                eTaskGetState
                0x0000000080002464                uxTaskPriorityGet
                0x0000000080002494                uxTaskPriorityGetFromISR
                0x00000000800024a8                vTaskPrioritySet
                0x0000000080002660                vTaskResume
                0x0000000080002764                xTaskResumeFromISR
                0x0000000080002874                vTaskStartScheduler
                0x0000000080002924                vTaskEndScheduler
                0x0000000080002944                vTaskSuspendAll
                0x0000000080002954                xTaskGetTickCount
                0x000000008000295c                xTaskGetTickCountFromISR
                0x0000000080002964                uxTaskGetNumberOfTasks
                0x000000008000296c                pcTaskGetName
                0x0000000080002988                xTaskIncrementTick
                0x0000000080002b9c                xTaskResumeAll
                0x0000000080002da4                xTaskDelayUntil
                0x0000000080002e70                vTaskDelay
                0x0000000080002ed0                xTaskCatchUpTicks
                0x0000000080002f30                vTaskSwitchContext
                0x00000000800030b0                vTaskSuspend
                0x0000000080003218                vTaskPlaceOnEventList
                0x000000008000325c                vTaskPlaceOnUnorderedEventList
                0x00000000800032f0                vTaskPlaceOnEventListRestricted
                0x000000008000336c                xTaskRemoveFromEventList
                0x00000000800034d8                vTaskRemoveFromUnorderedEventList
                0x0000000080003610                vTaskSetTimeOutState
                0x0000000080003654                vTaskInternalSetTimeOutState
                0x0000000080003668                xTaskCheckForTimeOut
                0x0000000080003730                vTaskMissedYield
                0x000000008000373c                uxTaskGetTaskNumber
                0x0000000080003750                vTaskSetTaskNumber
                0x000000008000375c                vTaskGetInfo
                0x0000000080003934                uxTaskGetSystemState
                0x0000000080003a68                vTaskGetStackPointer
                0x0000000080003ab0                vTaskColorFreeStack
                0x0000000080003b40                uxTaskGetStackHighWaterMark
                0x0000000080003b68                xTaskGetCurrentTaskHandle
                0x0000000080003b70                xTaskGetSchedulerState
                0x0000000080003b98                xTaskPriorityInherit
                0x0000000080003cf8                xTaskPriorityDisinherit
                0x0000000080003e28                vTaskPriorityDisinheritAfterTimeout
                0x0000000080003f70                vTaskList
                0x000000008000409c                vTaskGetRunTimeStats
                0x0000000080004280                uxTaskResetEventItemValue
                0x00000000800042a4                pvTaskIncrementMutexHeldCount
                0x00000000800042c4                ulTaskGenericNotifyTake
                0x00000000800043d8                xTaskGenericNotifyWait
                0x0000000080004534                xTaskGenericNotify
                0x0000000080004734                xTaskGenericNotifyFromISR
                0x000000008000495c                vTaskGenericNotifyGiveFromISR
                0x0000000080004ad8                xTaskGenericNotifyStateClear
                0x0000000080004b38                ulTaskGenericNotifyValueClear
 .text          0x0000000080004b84      0x94c build/FreeRTOS/timers.o
                0x0000000080005124                xTimerCreateTimerTask
                0x0000000080005198                xTimerCreate
                0x0000000080005224                xTimerCreateStatic
                0x0000000080005280                xTimerGenericCommand
                0x0000000080005324                xTimerGetTimerDaemonTaskHandle
                0x0000000080005338                xTimerGetPeriod
                0x000000008000534c                vTimerSetReloadMode
                0x0000000080005398                xTimerGetReloadMode
                0x00000000800053dc                uxTimerGetReloadMode
                0x00000000800053f4                xTimerGetExpiryTime
                0x0000000080005408                pcTimerGetName
                0x000000008000541c                xTimerIsTimerActive
                0x0000000080005460                pvTimerGetTimerID
                0x0000000080005490                vTimerSetTimerID
                0x00000000800054c0                uxTimerGetTimerNumber
                0x00000000800054c8                vTimerSetTimerNumber
 .text          0x00000000800054d0       0xe8 build/FreeRTOS/list.o
                0x00000000800054d0                vListInitialise
                0x00000000800054f0                vListInitialiseItem
                0x00000000800054f8                vListInsertEnd
                0x0000000080005524                vListInsert
                0x0000000080005574                uxListRemove
 .text          0x00000000800055b8     0x1938 build/FreeRTOS/queue.o
                0x0000000080005970                xQueueGenericReset
                0x0000000080005abc                xQueueGenericCreateStatic
                0x0000000080005b34                xQueueGenericCreate
                0x0000000080005bdc                xQueueCreateCountingSemaphoreStatic
                0x0000000080005c30                xQueueCreateCountingSemaphore
                0x0000000080005c7c                xQueueGenericSend
                0x0000000080005f00                xQueueCreateMutex
                0x0000000080005f38                xQueueCreateMutexStatic
                0x0000000080005f78                xQueueGiveMutexRecursive
                0x0000000080005ff0                xQueueGenericSendFromISR
                0x0000000080006174                xQueueGiveFromISR
                0x00000000800062b8                xQueueReceive
                0x00000000800064b0                xQueueSemaphoreTake
                0x0000000080006730                xQueueTakeMutexRecursive
                0x00000000800067ac                xQueuePeek
                0x000000008000699c                xQueueReceiveFromISR
                0x0000000080006aa0                xQueuePeekFromISR
                0x0000000080006b1c                uxQueueMessagesWaiting
                0x0000000080006b4c                uxQueueSpacesAvailable
                0x0000000080006b84                uxQueueMessagesWaitingFromISR
                0x0000000080006b98                uxQueueGetQueueNumber
                0x0000000080006ba0                vQueueSetQueueNumber
                0x0000000080006ba8                ucQueueGetQueueType
                0x0000000080006bb0                xQueueIsQueueEmptyFromISR
                0x0000000080006bd4                xQueueIsQueueFullFromISR
                0x0000000080006bfc                vQueueAddToRegistry
                0x0000000080006c7c                pcQueueGetName
                0x0000000080006cc8                vQueueUnregisterQueue
                0x0000000080006d14                vQueueDelete
                0x0000000080006d58                vQueueWaitForMessageRestricted
                0x0000000080006de8                xQueueCreateSet
                0x0000000080006e08                xQueueAddToSet
                0x0000000080006e50                xQueueRemoveFromSet
                0x0000000080006ea0                xQueueSelectFromSet
                0x0000000080006ec8                xQueueSelectFromSetFromISR
 .text          0x0000000080006ef0        0x0 build/FreeRTOS/croutine.o
 .text          0x0000000080006ef0      0xd20 build/FreeRTOS/stream_buffer.o
                0x0000000080007258                xStreamBufferGenericCreate
                0x0000000080007330                xStreamBufferGenericCreateStatic
                0x00000000800073dc                vStreamBufferDelete
                0x000000008000741c                xStreamBufferReset
                0x00000000800074b8                xStreamBufferSetTriggerLevel
                0x00000000800074e8                xStreamBufferSpacesAvailable
                0x0000000080007524                xStreamBufferBytesAvailable
                0x0000000080007548                xStreamBufferSend
                0x0000000080007714                xStreamBufferSendFromISR
                0x00000000800077f8                xStreamBufferReceive
                0x0000000080007970                xStreamBufferNextMessageLengthBytes
                0x00000000800079e0                xStreamBufferReceiveFromISR
                0x0000000080007ab8                xStreamBufferIsEmpty
                0x0000000080007ae0                xStreamBufferIsFull
                0x0000000080007b34                xStreamBufferSendCompletedFromISR
                0x0000000080007b94                xStreamBufferReceiveCompletedFromISR
                0x0000000080007bf4                uxStreamBufferGetStreamBufferNumber
                0x0000000080007bfc                vStreamBufferSetStreamBufferNumber
                0x0000000080007c04                ucStreamBufferGetStreamBufferType
 .text          0x0000000080007c10      0x5bc build/FreeRTOS/event_groups.o
                0x0000000080007c44                xEventGroupCreateStatic
                0x0000000080007ca0                xEventGroupCreate
                0x0000000080007ce0                xEventGroupWaitBits
                0x0000000080007e68                xEventGroupClearBits
                0x0000000080007ec0                xEventGroupGetBitsFromISR
                0x0000000080007ec8                xEventGroupSetBits
                0x0000000080007fc0                xEventGroupSync
                0x0000000080008110                vEventGroupDelete
                0x0000000080008180                vEventGroupSetBitsCallback
                0x0000000080008198                vEventGroupClearBitsCallback
                0x00000000800081b0                uxEventGroupGetNumber
                0x00000000800081c4                vEventGroupSetNumber
 .text          0x00000000800081cc       0xd0 build/FreeRTOS/portable/MemMang/heap_3_nosuspend.o
                0x00000000800081cc                pvPortMalloc
                0x0000000080008200                vPortFree
                0x0000000080008220                init_malloc_mutex
                0x0000000080008244                __malloc_lock
                0x0000000080008280                __malloc_unlock
 .text          0x000000008000829c      0x100 build/FreeRTOS/portable/GCC/Mini-RISC/port.o
                0x0000000080008308                vPortSetupTimerInterrupt
                0x0000000080008344                xPortStartScheduler
                0x000000008000837c                vPortEndScheduler
                0x0000000080008380                pxPortInitialiseStack
 .text          0x000000008000839c      0x2d0 build/support/syscalls.o
                0x000000008000839c                _exit
                0x00000000800083b0                _sbrk
                0x000000008000840c                _write
                0x000000008000844c                _read
                0x0000000080008484                _gettimeofday
                0x00000000800084a8                _open
                0x00000000800084cc                _close
                0x0000000080008500                _isatty
                0x0000000080008534                _fstat
                0x00000000800085dc                _stat
                0x0000000080008600                _lseek
                0x0000000080008624                _unlink
                0x0000000080008648                _link
 .text          0x000000008000866c       0xf8 build/support/freertos_support.o
                0x000000008000866c                vApplicationGetIdleTaskMemory
                0x0000000080008688                vApplicationGetTimerTaskMemory
                0x00000000800086a8                configure_timer_for_run_time_stats
                0x00000000800086ac                get_run_time_counter_value
                0x00000000800086bc                vApplicationStackOverflowHook
                0x00000000800086f4                vApplicationMallocFailedHook
                0x000000008000871c                vApplicationIdleHook
                0x0000000080008734                usleep
 .text          0x0000000080008764      0x224 build/support/uart.o
                0x00000000800087fc                uart_read
                0x0000000080008890                uart_write
                0x000000008000892c                init_uart
 .text          0x0000000080008988      0x184 build/dinoGame.o
                0x0000000080008988                hello_task
                0x00000000800089d4                echo_task
                0x0000000080008a4c                init_video
                0x0000000080008aa0                main
 .text          0x0000000080008b0c        0x0 build/minirisc/minirisc_init.o
 .text          0x0000000080008b0c       0x9c build/FreeRTOS/portable/GCC/Mini-RISC/portASM.o
                0x0000000080008b0c                xPortStartFirstTask
 .text          0x0000000080008ba8       0x88 /opt/gcc_MINIRISC/bin/../lib/gcc/riscv32-MINIRISC-elf/12.2.0/libgcc.a(_clzsi2.o)
                0x0000000080008ba8                __clzsi2
 .text          0x0000000080008c30      0x4b8 /opt/gcc_MINIRISC/bin/../lib/gcc/riscv32-MINIRISC-elf/12.2.0/libgcc.a(_udivdi3.o)
                0x0000000080008c30                __udivdi3
 .text          0x00000000800090e8      0x478 /opt/gcc_MINIRISC/bin/../lib/gcc/riscv32-MINIRISC-elf/12.2.0/libgcc.a(_umoddi3.o)
                0x00000000800090e8                __umoddi3
 .text          0x0000000080009560      0x8c8 /opt/gcc_MINIRISC/bin/../lib/gcc/riscv32-MINIRISC-elf/12.2.0/libgcc.a(adddf3.o)
                0x0000000080009560                __adddf3
 .text          0x0000000080009e28      0x784 /opt/gcc_MINIRISC/bin/../lib/gcc/riscv32-MINIRISC-elf/12.2.0/libgcc.a(divdf3.o)
                0x0000000080009e28                __divdf3
 .text          0x000000008000a5ac       0x8c /opt/gcc_MINIRISC/bin/../lib/gcc/riscv32-MINIRISC-elf/12.2.0/libgcc.a(eqdf2.o)
                0x000000008000a5ac                __eqdf2
                0x000000008000a5ac                __nedf2
 .text          0x000000008000a638      0x104 /opt/gcc_MINIRISC/bin/../lib/gcc/riscv32-MINIRISC-elf/12.2.0/libgcc.a(gedf2.o)
                0x000000008000a638                __gtdf2
                0x000000008000a638                __gedf2
 .text          0x000000008000a73c      0x100 /opt/gcc_MINIRISC/bin/../lib/gcc/riscv32-MINIRISC-elf/12.2.0/libgcc.a(ledf2.o)
                0x000000008000a73c                __ltdf2
                0x000000008000a73c                __ledf2
 .text          0x000000008000a83c      0x724 /opt/gcc_MINIRISC/bin/../lib/gcc/riscv32-MINIRISC-elf/12.2.0/libgcc.a(muldf3.o)
                0x000000008000a83c                __muldf3
 .text          0x000000008000af60      0x914 /opt/gcc_MINIRISC/bin/../lib/gcc/riscv32-MINIRISC-elf/12.2.0/libgcc.a(subdf3.o)
                0x000000008000af60                __subdf3
 .text          0x000000008000b874       0x54 /opt/gcc_MINIRISC/bin/../lib/gcc/riscv32-MINIRISC-elf/12.2.0/libgcc.a(unorddf2.o)
                0x000000008000b874                __unorddf2
 .text          0x000000008000b8c8       0x84 /opt/gcc_MINIRISC/bin/../lib/gcc/riscv32-MINIRISC-elf/12.2.0/libgcc.a(fixdfsi.o)
                0x000000008000b8c8                __fixdfsi
 .text          0x000000008000b94c       0xb8 /opt/gcc_MINIRISC/bin/../lib/gcc/riscv32-MINIRISC-elf/12.2.0/libgcc.a(floatsidf.o)
                0x000000008000b94c                __floatsidf
 .text          0x000000008000ba04        0x0 /opt/gcc_MINIRISC/bin/../lib/gcc/riscv32-MINIRISC-elf/12.2.0/libgcc.a(_clz.o)
 .text          0x000000008000ba04        0x0 /opt/gcc_MINIRISC/bin/../lib/gcc/riscv32-MINIRISC-elf/12.2.0/../../../../riscv32-MINIRISC-elf/lib/libc.a(libc_a-atexit.o)
 .text.atexit   0x000000008000ba04       0x14 /opt/gcc_MINIRISC/bin/../lib/gcc/riscv32-MINIRISC-elf/12.2.0/../../../../riscv32-MINIRISC-elf/lib/libc.a(libc_a-atexit.o)
                0x000000008000ba04                atexit
 .text          0x000000008000ba18        0x0 /opt/gcc_MINIRISC/bin/../lib/gcc/riscv32-MINIRISC-elf/12.2.0/../../../../riscv32-MINIRISC-elf/lib/libc.a(libc_a-exit.o)
 .text          0x000000008000ba18        0x0 /opt/gcc_MINIRISC/bin/../lib/gcc/riscv32-MINIRISC-elf/12.2.0/../../../../riscv32-MINIRISC-elf/lib/libc.a(libc_a-malloc.o)
 .text.malloc   0x000000008000ba18        0xc /opt/gcc_MINIRISC/bin/../lib/gcc/riscv32-MINIRISC-elf/12.2.0/../../../../riscv32-MINIRISC-elf/lib/libc.a(libc_a-malloc.o)
                0x000000008000ba18                malloc
 .text.free     0x000000008000ba24        0xc /opt/gcc_MINIRISC/bin/../lib/gcc/riscv32-MINIRISC-elf/12.2.0/../../../../riscv32-MINIRISC-elf/lib/libc.a(libc_a-malloc.o)
                0x000000008000ba24                free
 .text          0x000000008000ba30        0x0 /opt/gcc_MINIRISC/bin/../lib/gcc/riscv32-MINIRISC-elf/12.2.0/../../../../riscv32-MINIRISC-elf/lib/libc.a(libc_a-mallocr.o)
 .text._malloc_r
                0x000000008000ba30      0x794 /opt/gcc_MINIRISC/bin/../lib/gcc/riscv32-MINIRISC-elf/12.2.0/../../../../riscv32-MINIRISC-elf/lib/libc.a(libc_a-mallocr.o)
                0x000000008000ba30                _malloc_r
 .text          0x000000008000c1c4        0x0 /opt/gcc_MINIRISC/bin/../lib/gcc/riscv32-MINIRISC-elf/12.2.0/../../../../riscv32-MINIRISC-elf/lib/libc.a(libc_a-findfp.o)
 .text.__fp_lock
                0x000000008000c1c4        0x8 /opt/gcc_MINIRISC/bin/../lib/gcc/riscv32-MINIRISC-elf/12.2.0/../../../../riscv32-MINIRISC-elf/lib/libc.a(libc_a-findfp.o)
 .text.stdio_exit_handler
                0x000000008000c1cc       0x1c /opt/gcc_MINIRISC/bin/../lib/gcc/riscv32-MINIRISC-elf/12.2.0/../../../../riscv32-MINIRISC-elf/lib/libc.a(libc_a-findfp.o)
 .text.cleanup_stdio
                0x000000008000c1e8       0x70 /opt/gcc_MINIRISC/bin/../lib/gcc/riscv32-MINIRISC-elf/12.2.0/../../../../riscv32-MINIRISC-elf/lib/libc.a(libc_a-findfp.o)
 .text.__fp_unlock
                0x000000008000c258        0x8 /opt/gcc_MINIRISC/bin/../lib/gcc/riscv32-MINIRISC-elf/12.2.0/../../../../riscv32-MINIRISC-elf/lib/libc.a(libc_a-findfp.o)
 .text.global_stdio_init.part.0
                0x000000008000c260      0x16c /opt/gcc_MINIRISC/bin/../lib/gcc/riscv32-MINIRISC-elf/12.2.0/../../../../riscv32-MINIRISC-elf/lib/libc.a(libc_a-findfp.o)
 .text.__sfp    0x000000008000c3cc      0x128 /opt/gcc_MINIRISC/bin/../lib/gcc/riscv32-MINIRISC-elf/12.2.0/../../../../riscv32-MINIRISC-elf/lib/libc.a(libc_a-findfp.o)
                0x000000008000c3cc                __sfp
 .text.__sinit  0x000000008000c4f4       0x24 /opt/gcc_MINIRISC/bin/../lib/gcc/riscv32-MINIRISC-elf/12.2.0/../../../../riscv32-MINIRISC-elf/lib/libc.a(libc_a-findfp.o)
                0x000000008000c4f4                __sinit
 .text.__sfp_lock_acquire
                0x000000008000c518        0x4 /opt/gcc_MINIRISC/bin/../lib/gcc/riscv32-MINIRISC-elf/12.2.0/../../../../riscv32-MINIRISC-elf/lib/libc.a(libc_a-findfp.o)
                0x000000008000c518                __sfp_lock_acquire
 .text.__sfp_lock_release
                0x000000008000c51c        0x4 /opt/gcc_MINIRISC/bin/../lib/gcc/riscv32-MINIRISC-elf/12.2.0/../../../../riscv32-MINIRISC-elf/lib/libc.a(libc_a-findfp.o)
                0x000000008000c51c                __sfp_lock_release
 .text.__fp_lock_all
                0x000000008000c520       0x18 /opt/gcc_MINIRISC/bin/../lib/gcc/riscv32-MINIRISC-elf/12.2.0/../../../../riscv32-MINIRISC-elf/lib/libc.a(libc_a-findfp.o)
                0x000000008000c520                __fp_lock_all
 .text.__fp_unlock_all
                0x000000008000c538       0x18 /opt/gcc_MINIRISC/bin/../lib/gcc/riscv32-MINIRISC-elf/12.2.0/../../../../riscv32-MINIRISC-elf/lib/libc.a(libc_a-findfp.o)
                0x000000008000c538                __fp_unlock_all
 .text          0x000000008000c550        0x0 /opt/gcc_MINIRISC/bin/../lib/gcc/riscv32-MINIRISC-elf/12.2.0/../../../../riscv32-MINIRISC-elf/lib/libc.a(libc_a-fwalk.o)
 .text._fwalk_sglue
                0x000000008000c550       0xb4 /opt/gcc_MINIRISC/bin/../lib/gcc/riscv32-MINIRISC-elf/12.2.0/../../../../riscv32-MINIRISC-elf/lib/libc.a(libc_a-fwalk.o)
                0x000000008000c550                _fwalk_sglue
 .text          0x000000008000c604        0x0 /opt/gcc_MINIRISC/bin/../lib/gcc/riscv32-MINIRISC-elf/12.2.0/../../../../riscv32-MINIRISC-elf/lib/libc.a(libc_a-getchar.o)
 .text._getchar_r
                0x000000008000c604        0x8 /opt/gcc_MINIRISC/bin/../lib/gcc/riscv32-MINIRISC-elf/12.2.0/../../../../riscv32-MINIRISC-elf/lib/libc.a(libc_a-getchar.o)
                0x000000008000c604                _getchar_r
 .text.getchar  0x000000008000c60c        0xc /opt/gcc_MINIRISC/bin/../lib/gcc/riscv32-MINIRISC-elf/12.2.0/../../../../riscv32-MINIRISC-elf/lib/libc.a(libc_a-getchar.o)
                0x000000008000c60c                getchar
 .text          0x000000008000c618        0x0 /opt/gcc_MINIRISC/bin/../lib/gcc/riscv32-MINIRISC-elf/12.2.0/../../../../riscv32-MINIRISC-elf/lib/libc.a(libc_a-printf.o)
 .text._printf_r
                0x000000008000c618       0x40 /opt/gcc_MINIRISC/bin/../lib/gcc/riscv32-MINIRISC-elf/12.2.0/../../../../riscv32-MINIRISC-elf/lib/libc.a(libc_a-printf.o)
                0x000000008000c618                _printf_r
 .text.printf   0x000000008000c658       0x4c /opt/gcc_MINIRISC/bin/../lib/gcc/riscv32-MINIRISC-elf/12.2.0/../../../../riscv32-MINIRISC-elf/lib/libc.a(libc_a-printf.o)
                0x000000008000c658                printf
 .text          0x000000008000c6a4        0x0 /opt/gcc_MINIRISC/bin/../lib/gcc/riscv32-MINIRISC-elf/12.2.0/../../../../riscv32-MINIRISC-elf/lib/libc.a(libc_a-sprintf.o)
 .text._sprintf_r
                0x000000008000c6a4       0x6c /opt/gcc_MINIRISC/bin/../lib/gcc/riscv32-MINIRISC-elf/12.2.0/../../../../riscv32-MINIRISC-elf/lib/libc.a(libc_a-sprintf.o)
                0x000000008000c6a4                _sprintf_r
 .text.sprintf  0x000000008000c710       0x78 /opt/gcc_MINIRISC/bin/../lib/gcc/riscv32-MINIRISC-elf/12.2.0/../../../../riscv32-MINIRISC-elf/lib/libc.a(libc_a-sprintf.o)
                0x000000008000c710                sprintf
 .text          0x000000008000c788        0x0 /opt/gcc_MINIRISC/bin/../lib/gcc/riscv32-MINIRISC-elf/12.2.0/../../../../riscv32-MINIRISC-elf/lib/libc.a(libc_a-stdio.o)
 .text.__sread  0x000000008000c788       0x5c /opt/gcc_MINIRISC/bin/../lib/gcc/riscv32-MINIRISC-elf/12.2.0/../../../../riscv32-MINIRISC-elf/lib/libc.a(libc_a-stdio.o)
                0x000000008000c788                __sread
 .text.__seofread
                0x000000008000c7e4        0x8 /opt/gcc_MINIRISC/bin/../lib/gcc/riscv32-MINIRISC-elf/12.2.0/../../../../riscv32-MINIRISC-elf/lib/libc.a(libc_a-stdio.o)
                0x000000008000c7e4                __seofread
 .text.__swrite
                0x000000008000c7ec       0x88 /opt/gcc_MINIRISC/bin/../lib/gcc/riscv32-MINIRISC-elf/12.2.0/../../../../riscv32-MINIRISC-elf/lib/libc.a(libc_a-stdio.o)
                0x000000008000c7ec                __swrite
 .text.__sseek  0x000000008000c874       0x78 /opt/gcc_MINIRISC/bin/../lib/gcc/riscv32-MINIRISC-elf/12.2.0/../../../../riscv32-MINIRISC-elf/lib/libc.a(libc_a-stdio.o)
                0x000000008000c874                __sseek
 .text.__sclose
                0x000000008000c8ec        0x8 /opt/gcc_MINIRISC/bin/../lib/gcc/riscv32-MINIRISC-elf/12.2.0/../../../../riscv32-MINIRISC-elf/lib/libc.a(libc_a-stdio.o)
                0x000000008000c8ec                __sclose
 .text          0x000000008000c8f4        0x0 /opt/gcc_MINIRISC/bin/../lib/gcc/riscv32-MINIRISC-elf/12.2.0/../../../../riscv32-MINIRISC-elf/lib/libc.a(libc_a-ctime.o)
 .text.ctime    0x000000008000c8f4       0x18 /opt/gcc_MINIRISC/bin/../lib/gcc/riscv32-MINIRISC-elf/12.2.0/../../../../riscv32-MINIRISC-elf/lib/libc.a(libc_a-ctime.o)
                0x000000008000c8f4                ctime
 .text          0x000000008000c90c        0x0 /opt/gcc_MINIRISC/bin/../lib/gcc/riscv32-MINIRISC-elf/12.2.0/../../../../riscv32-MINIRISC-elf/lib/libc.a(libc_a-lcltime.o)
 .text.localtime
                0x000000008000c90c        0xc /opt/gcc_MINIRISC/bin/../lib/gcc/riscv32-MINIRISC-elf/12.2.0/../../../../riscv32-MINIRISC-elf/lib/libc.a(libc_a-lcltime.o)
                0x000000008000c90c                localtime
 .text          0x000000008000c918        0x0 /opt/gcc_MINIRISC/bin/../lib/gcc/riscv32-MINIRISC-elf/12.2.0/../../../../riscv32-MINIRISC-elf/lib/libc.a(libc_a-lcltime_r.o)
 .text.localtime_r
                0x000000008000c918      0x334 /opt/gcc_MINIRISC/bin/../lib/gcc/riscv32-MINIRISC-elf/12.2.0/../../../../riscv32-MINIRISC-elf/lib/libc.a(libc_a-lcltime_r.o)
                0x000000008000c918                localtime_r
 .text          0x000000008000cc4c        0x0 /opt/gcc_MINIRISC/bin/../lib/gcc/riscv32-MINIRISC-elf/12.2.0/../../../../riscv32-MINIRISC-elf/lib/libc.a(libc_a-month_lengths.o)
 .text          0x000000008000cc4c        0x0 /opt/gcc_MINIRISC/bin/../lib/gcc/riscv32-MINIRISC-elf/12.2.0/../../../../riscv32-MINIRISC-elf/lib/libc.a(libc_a-time.o)
 .text.time     0x000000008000cc4c       0x6c /opt/gcc_MINIRISC/bin/../lib/gcc/riscv32-MINIRISC-elf/12.2.0/../../../../riscv32-MINIRISC-elf/lib/libc.a(libc_a-time.o)
                0x000000008000cc4c                time
 .text          0x000000008000ccb8        0x0 /opt/gcc_MINIRISC/bin/../lib/gcc/riscv32-MINIRISC-elf/12.2.0/../../../../riscv32-MINIRISC-elf/lib/libc.a(libc_a-tzcalc_limits.o)
 .text.__tzcalc_limits
                0x000000008000ccb8      0x22c /opt/gcc_MINIRISC/bin/../lib/gcc/riscv32-MINIRISC-elf/12.2.0/../../../../riscv32-MINIRISC-elf/lib/libc.a(libc_a-tzcalc_limits.o)
                0x000000008000ccb8                __tzcalc_limits
 .text          0x000000008000cee4        0x0 /opt/gcc_MINIRISC/bin/../lib/gcc/riscv32-MINIRISC-elf/12.2.0/../../../../riscv32-MINIRISC-elf/lib/libc.a(libc_a-tzlock.o)
 .text.__tz_lock
                0x000000008000cee4        0x4 /opt/gcc_MINIRISC/bin/../lib/gcc/riscv32-MINIRISC-elf/12.2.0/../../../../riscv32-MINIRISC-elf/lib/libc.a(libc_a-tzlock.o)
                0x000000008000cee4                __tz_lock
 .text.__tz_unlock
                0x000000008000cee8        0x4 /opt/gcc_MINIRISC/bin/../lib/gcc/riscv32-MINIRISC-elf/12.2.0/../../../../riscv32-MINIRISC-elf/lib/libc.a(libc_a-tzlock.o)
                0x000000008000cee8                __tz_unlock
 .text          0x000000008000ceec        0x0 /opt/gcc_MINIRISC/bin/../lib/gcc/riscv32-MINIRISC-elf/12.2.0/../../../../riscv32-MINIRISC-elf/lib/libc.a(libc_a-tzset.o)
 .text._tzset_unlocked
                0x000000008000ceec        0x8 /opt/gcc_MINIRISC/bin/../lib/gcc/riscv32-MINIRISC-elf/12.2.0/../../../../riscv32-MINIRISC-elf/lib/libc.a(libc_a-tzset.o)
                0x000000008000ceec                _tzset_unlocked
 .text.tzset    0x000000008000cef4       0x20 /opt/gcc_MINIRISC/bin/../lib/gcc/riscv32-MINIRISC-elf/12.2.0/../../../../riscv32-MINIRISC-elf/lib/libc.a(libc_a-tzset.o)
                0x000000008000cef4                tzset
 .text          0x000000008000cf14        0x0 /opt/gcc_MINIRISC/bin/../lib/gcc/riscv32-MINIRISC-elf/12.2.0/../../../../riscv32-MINIRISC-elf/lib/libc.a(libc_a-tzset_r.o)
 .text._tzset_unlocked_r
                0x000000008000cf14      0x6dc /opt/gcc_MINIRISC/bin/../lib/gcc/riscv32-MINIRISC-elf/12.2.0/../../../../riscv32-MINIRISC-elf/lib/libc.a(libc_a-tzset_r.o)
                0x000000008000cf14                _tzset_unlocked_r
 .text._tzset_r
                0x000000008000d5f0       0x2c /opt/gcc_MINIRISC/bin/../lib/gcc/riscv32-MINIRISC-elf/12.2.0/../../../../riscv32-MINIRISC-elf/lib/libc.a(libc_a-tzset_r.o)
                0x000000008000d5f0                _tzset_r
 .text          0x000000008000d61c        0x0 /opt/gcc_MINIRISC/bin/../lib/gcc/riscv32-MINIRISC-elf/12.2.0/../../../../riscv32-MINIRISC-elf/lib/libc.a(libc_a-tzvars.o)
 .text          0x000000008000d61c        0x0 /opt/gcc_MINIRISC/bin/../lib/gcc/riscv32-MINIRISC-elf/12.2.0/../../../../riscv32-MINIRISC-elf/lib/libc.a(libc_a-closer.o)
 .text._close_r
                0x000000008000d61c       0x50 /opt/gcc_MINIRISC/bin/../lib/gcc/riscv32-MINIRISC-elf/12.2.0/../../../../riscv32-MINIRISC-elf/lib/libc.a(libc_a-closer.o)
                0x000000008000d61c                _close_r
 .text          0x000000008000d66c        0x0 /opt/gcc_MINIRISC/bin/../lib/gcc/riscv32-MINIRISC-elf/12.2.0/../../../../riscv32-MINIRISC-elf/lib/libc.a(libc_a-reent.o)
 .text._reclaim_reent
                0x000000008000d66c       0xd0 /opt/gcc_MINIRISC/bin/../lib/gcc/riscv32-MINIRISC-elf/12.2.0/../../../../riscv32-MINIRISC-elf/lib/libc.a(libc_a-reent.o)
                0x000000008000d66c                _reclaim_reent
 .text          0x000000008000d73c        0x0 /opt/gcc_MINIRISC/bin/../lib/gcc/riscv32-MINIRISC-elf/12.2.0/../../../../riscv32-MINIRISC-elf/lib/libc.a(libc_a-impure.o)
 .text          0x000000008000d73c        0x0 /opt/gcc_MINIRISC/bin/../lib/gcc/riscv32-MINIRISC-elf/12.2.0/../../../../riscv32-MINIRISC-elf/lib/libc.a(libc_a-gettimeofdayr.o)
 .text._gettimeofday_r
                0x000000008000d73c       0x58 /opt/gcc_MINIRISC/bin/../lib/gcc/riscv32-MINIRISC-elf/12.2.0/../../../../riscv32-MINIRISC-elf/lib/libc.a(libc_a-gettimeofdayr.o)
                0x000000008000d73c                _gettimeofday_r
 .text          0x000000008000d794        0x0 /opt/gcc_MINIRISC/bin/../lib/gcc/riscv32-MINIRISC-elf/12.2.0/../../../../riscv32-MINIRISC-elf/lib/libc.a(libc_a-lseekr.o)
 .text._lseek_r
                0x000000008000d794       0x5c /opt/gcc_MINIRISC/bin/../lib/gcc/riscv32-MINIRISC-elf/12.2.0/../../../../riscv32-MINIRISC-elf/lib/libc.a(libc_a-lseekr.o)
                0x000000008000d794                _lseek_r
 .text          0x000000008000d7f0        0x0 /opt/gcc_MINIRISC/bin/../lib/gcc/riscv32-MINIRISC-elf/12.2.0/../../../../riscv32-MINIRISC-elf/lib/libc.a(libc_a-readr.o)
 .text._read_r  0x000000008000d7f0       0x5c /opt/gcc_MINIRISC/bin/../lib/gcc/riscv32-MINIRISC-elf/12.2.0/../../../../riscv32-MINIRISC-elf/lib/libc.a(libc_a-readr.o)
                0x000000008000d7f0                _read_r
 .text          0x000000008000d84c        0x0 /opt/gcc_MINIRISC/bin/../lib/gcc/riscv32-MINIRISC-elf/12.2.0/../../../../riscv32-MINIRISC-elf/lib/libc.a(libc_a-sbrkr.o)
 .text._sbrk_r  0x000000008000d84c       0x50 /opt/gcc_MINIRISC/bin/../lib/gcc/riscv32-MINIRISC-elf/12.2.0/../../../../riscv32-MINIRISC-elf/lib/libc.a(libc_a-sbrkr.o)
                0x000000008000d84c                _sbrk_r
 .text          0x000000008000d89c        0x0 /opt/gcc_MINIRISC/bin/../lib/gcc/riscv32-MINIRISC-elf/12.2.0/../../../../riscv32-MINIRISC-elf/lib/libc.a(libc_a-writer.o)
 .text._write_r
                0x000000008000d89c       0x5c /opt/gcc_MINIRISC/bin/../lib/gcc/riscv32-MINIRISC-elf/12.2.0/../../../../riscv32-MINIRISC-elf/lib/libc.a(libc_a-writer.o)
                0x000000008000d89c                _write_r
 .text          0x000000008000d8f8        0x0 /opt/gcc_MINIRISC/bin/../lib/gcc/riscv32-MINIRISC-elf/12.2.0/../../../../riscv32-MINIRISC-elf/lib/libc.a(libc_a-errno.o)
 .text.__errno  0x000000008000d8f8        0x8 /opt/gcc_MINIRISC/bin/../lib/gcc/riscv32-MINIRISC-elf/12.2.0/../../../../riscv32-MINIRISC-elf/lib/libc.a(libc_a-errno.o)
                0x000000008000d8f8                __errno
 .text          0x000000008000d900        0x0 /opt/gcc_MINIRISC/bin/../lib/gcc/riscv32-MINIRISC-elf/12.2.0/../../../../riscv32-MINIRISC-elf/lib/libc.a(libc_a-init.o)
 .text.__libc_init_array
                0x000000008000d900       0x8c /opt/gcc_MINIRISC/bin/../lib/gcc/riscv32-MINIRISC-elf/12.2.0/../../../../riscv32-MINIRISC-elf/lib/libc.a(libc_a-init.o)
                0x000000008000d900                __libc_init_array
 .text          0x000000008000d98c        0x0 /opt/gcc_MINIRISC/bin/../lib/gcc/riscv32-MINIRISC-elf/12.2.0/../../../../riscv32-MINIRISC-elf/lib/libc.a(libc_a-fini.o)
 .text.__libc_fini_array
                0x000000008000d98c       0x5c /opt/gcc_MINIRISC/bin/../lib/gcc/riscv32-MINIRISC-elf/12.2.0/../../../../riscv32-MINIRISC-elf/lib/libc.a(libc_a-fini.o)
                0x000000008000d98c                __libc_fini_array
 .text          0x000000008000d9e8       0xdc /opt/gcc_MINIRISC/bin/../lib/gcc/riscv32-MINIRISC-elf/12.2.0/../../../../riscv32-MINIRISC-elf/lib/libc.a(libc_a-memset.o)
                0x000000008000d9e8                memset
 .text          0x000000008000dac4        0x0 /opt/gcc_MINIRISC/bin/../lib/gcc/riscv32-MINIRISC-elf/12.2.0/../../../../riscv32-MINIRISC-elf/lib/libc.a(libc_a-memcpy.o)
 .text.memcpy   0x000000008000dac4      0x1a4 /opt/gcc_MINIRISC/bin/../lib/gcc/riscv32-MINIRISC-elf/12.2.0/../../../../riscv32-MINIRISC-elf/lib/libc.a(libc_a-memcpy.o)
                0x000000008000dac4                memcpy
 .text          0x000000008000dc68        0x0 /opt/gcc_MINIRISC/bin/../lib/gcc/riscv32-MINIRISC-elf/12.2.0/../../../../riscv32-MINIRISC-elf/lib/libc.a(libc_a-strlen.o)
 .text.strlen   0x000000008000dc68       0x8c /opt/gcc_MINIRISC/bin/../lib/gcc/riscv32-MINIRISC-elf/12.2.0/../../../../riscv32-MINIRISC-elf/lib/libc.a(libc_a-strlen.o)
                0x000000008000dc68                strlen
 .text          0x000000008000dcf4        0x0 /opt/gcc_MINIRISC/bin/../lib/gcc/riscv32-MINIRISC-elf/12.2.0/../../../../riscv32-MINIRISC-elf/lib/libc.a(libc_a-strcpy.o)
 .text.strcpy   0x000000008000dcf4       0xb0 /opt/gcc_MINIRISC/bin/../lib/gcc/riscv32-MINIRISC-elf/12.2.0/../../../../riscv32-MINIRISC-elf/lib/libc.a(libc_a-strcpy.o)
                0x000000008000dcf4                strcpy
 .text          0x000000008000dda4      0x17c /opt/gcc_MINIRISC/bin/../lib/gcc/riscv32-MINIRISC-elf/12.2.0/../../../../riscv32-MINIRISC-elf/lib/libc.a(libc_a-strcmp.o)
                0x000000008000dda4                strcmp
 .text          0x000000008000df20        0x0 /opt/gcc_MINIRISC/bin/../lib/gcc/riscv32-MINIRISC-elf/12.2.0/../../../../riscv32-MINIRISC-elf/lib/libc.a(libc_a-__atexit.o)
 .text.__register_exitproc
                0x000000008000df20       0x9c /opt/gcc_MINIRISC/bin/../lib/gcc/riscv32-MINIRISC-elf/12.2.0/../../../../riscv32-MINIRISC-elf/lib/libc.a(libc_a-__atexit.o)
                0x000000008000df20                __register_exitproc
 .text          0x000000008000dfbc        0x0 /opt/gcc_MINIRISC/bin/../lib/gcc/riscv32-MINIRISC-elf/12.2.0/../../../../riscv32-MINIRISC-elf/lib/libc.a(libc_a-__call_atexit.o)
 .text.__call_exitprocs
                0x000000008000dfbc      0x120 /opt/gcc_MINIRISC/bin/../lib/gcc/riscv32-MINIRISC-elf/12.2.0/../../../../riscv32-MINIRISC-elf/lib/libc.a(libc_a-__call_atexit.o)
                0x000000008000dfbc                __call_exitprocs
 .text          0x000000008000e0dc        0x0 /opt/gcc_MINIRISC/bin/../lib/gcc/riscv32-MINIRISC-elf/12.2.0/../../../../riscv32-MINIRISC-elf/lib/libc.a(libc_a-freer.o)
 .text._malloc_trim_r
                0x000000008000e0dc      0x13c /opt/gcc_MINIRISC/bin/../lib/gcc/riscv32-MINIRISC-elf/12.2.0/../../../../riscv32-MINIRISC-elf/lib/libc.a(libc_a-freer.o)
                0x000000008000e0dc                _malloc_trim_r
 .text._free_r  0x000000008000e218      0x304 /opt/gcc_MINIRISC/bin/../lib/gcc/riscv32-MINIRISC-elf/12.2.0/../../../../riscv32-MINIRISC-elf/lib/libc.a(libc_a-freer.o)
                0x000000008000e218                _free_r
 .text          0x000000008000e51c        0x0 /opt/gcc_MINIRISC/bin/../lib/gcc/riscv32-MINIRISC-elf/12.2.0/../../../../riscv32-MINIRISC-elf/lib/libc.a(libc_a-getenv_r.o)
 .text._findenv_r
                0x000000008000e51c      0x104 /opt/gcc_MINIRISC/bin/../lib/gcc/riscv32-MINIRISC-elf/12.2.0/../../../../riscv32-MINIRISC-elf/lib/libc.a(libc_a-getenv_r.o)
                0x000000008000e51c                _findenv_r
 .text._getenv_r
                0x000000008000e620       0x1c /opt/gcc_MINIRISC/bin/../lib/gcc/riscv32-MINIRISC-elf/12.2.0/../../../../riscv32-MINIRISC-elf/lib/libc.a(libc_a-getenv_r.o)
                0x000000008000e620                _getenv_r
 .text          0x000000008000e63c        0x0 /opt/gcc_MINIRISC/bin/../lib/gcc/riscv32-MINIRISC-elf/12.2.0/../../../../riscv32-MINIRISC-elf/lib/libc.a(libc_a-strtoul.o)
 .text._strtoul_l.constprop.0
                0x000000008000e63c      0x1c0 /opt/gcc_MINIRISC/bin/../lib/gcc/riscv32-MINIRISC-elf/12.2.0/../../../../riscv32-MINIRISC-elf/lib/libc.a(libc_a-strtoul.o)
 .text._strtoul_r
                0x000000008000e7fc        0x4 /opt/gcc_MINIRISC/bin/../lib/gcc/riscv32-MINIRISC-elf/12.2.0/../../../../riscv32-MINIRISC-elf/lib/libc.a(libc_a-strtoul.o)
                0x000000008000e7fc                _strtoul_r
 .text.strtoul_l
                0x000000008000e800       0x14 /opt/gcc_MINIRISC/bin/../lib/gcc/riscv32-MINIRISC-elf/12.2.0/../../../../riscv32-MINIRISC-elf/lib/libc.a(libc_a-strtoul.o)
                0x000000008000e800                strtoul_l
 .text.strtoul  0x000000008000e814       0x14 /opt/gcc_MINIRISC/bin/../lib/gcc/riscv32-MINIRISC-elf/12.2.0/../../../../riscv32-MINIRISC-elf/lib/libc.a(libc_a-strtoul.o)
                0x000000008000e814                strtoul
 .text          0x000000008000e828        0x0 /opt/gcc_MINIRISC/bin/../lib/gcc/riscv32-MINIRISC-elf/12.2.0/../../../../riscv32-MINIRISC-elf/lib/libc.a(libc_a-ctype_.o)
 .text.__set_ctype
                0x000000008000e828       0x10 /opt/gcc_MINIRISC/bin/../lib/gcc/riscv32-MINIRISC-elf/12.2.0/../../../../riscv32-MINIRISC-elf/lib/libc.a(libc_a-ctype_.o)
                0x000000008000e828                __set_ctype
 .text          0x000000008000e838        0x0 /opt/gcc_MINIRISC/bin/../lib/gcc/riscv32-MINIRISC-elf/12.2.0/../../../../riscv32-MINIRISC-elf/lib/libc.a(libc_a-siscanf.o)
 .text.siscanf  0x000000008000e838       0x8c /opt/gcc_MINIRISC/bin/../lib/gcc/riscv32-MINIRISC-elf/12.2.0/../../../../riscv32-MINIRISC-elf/lib/libc.a(libc_a-siscanf.o)
                0x000000008000e838                siscanf
 .text._siscanf_r
                0x000000008000e8c4       0x98 /opt/gcc_MINIRISC/bin/../lib/gcc/riscv32-MINIRISC-elf/12.2.0/../../../../riscv32-MINIRISC-elf/lib/libc.a(libc_a-siscanf.o)
                0x000000008000e8c4                _siscanf_r
 .text          0x000000008000e95c        0x0 /opt/gcc_MINIRISC/bin/../lib/gcc/riscv32-MINIRISC-elf/12.2.0/../../../../riscv32-MINIRISC-elf/lib/libc.a(libc_a-svfiscanf.o)
 .text._sungetc_r
                0x000000008000e95c       0xe8 /opt/gcc_MINIRISC/bin/../lib/gcc/riscv32-MINIRISC-elf/12.2.0/../../../../riscv32-MINIRISC-elf/lib/libc.a(libc_a-svfiscanf.o)
                0x000000008000e95c                _sungetc_r
 .text.__ssrefill_r
                0x000000008000ea44       0x6c /opt/gcc_MINIRISC/bin/../lib/gcc/riscv32-MINIRISC-elf/12.2.0/../../../../riscv32-MINIRISC-elf/lib/libc.a(libc_a-svfiscanf.o)
                0x000000008000ea44                __ssrefill_r
 .text._sfread_r
                0x000000008000eab0      0x148 /opt/gcc_MINIRISC/bin/../lib/gcc/riscv32-MINIRISC-elf/12.2.0/../../../../riscv32-MINIRISC-elf/lib/libc.a(libc_a-svfiscanf.o)
                0x000000008000eab0                _sfread_r
 .text.__ssvfiscanf_r
                0x000000008000ebf8     0x316c /opt/gcc_MINIRISC/bin/../lib/gcc/riscv32-MINIRISC-elf/12.2.0/../../../../riscv32-MINIRISC-elf/lib/libc.a(libc_a-svfiscanf.o)
                0x000000008000ebf8                __ssvfiscanf_r
 .text          0x0000000080011d64        0x0 /opt/gcc_MINIRISC/bin/../lib/gcc/riscv32-MINIRISC-elf/12.2.0/../../../../riscv32-MINIRISC-elf/lib/libc.a(libc_a-svfprintf.o)
 .text.get_arg  0x0000000080011d64     0x105c /opt/gcc_MINIRISC/bin/../lib/gcc/riscv32-MINIRISC-elf/12.2.0/../../../../riscv32-MINIRISC-elf/lib/libc.a(libc_a-svfprintf.o)
 .text._svfprintf_r
                0x0000000080012dc0     0x445c /opt/gcc_MINIRISC/bin/../lib/gcc/riscv32-MINIRISC-elf/12.2.0/../../../../riscv32-MINIRISC-elf/lib/libc.a(libc_a-svfprintf.o)
                0x0000000080012dc0                _svfprintf_r
 .text          0x000000008001721c        0x0 /opt/gcc_MINIRISC/bin/../lib/gcc/riscv32-MINIRISC-elf/12.2.0/../../../../riscv32-MINIRISC-elf/lib/libc.a(libc_a-vfprintf.o)
 .text.get_arg  0x000000008001721c     0x105c /opt/gcc_MINIRISC/bin/../lib/gcc/riscv32-MINIRISC-elf/12.2.0/../../../../riscv32-MINIRISC-elf/lib/libc.a(libc_a-vfprintf.o)
 .text._vfprintf_r
                0x0000000080018278     0x4810 /opt/gcc_MINIRISC/bin/../lib/gcc/riscv32-MINIRISC-elf/12.2.0/../../../../riscv32-MINIRISC-elf/lib/libc.a(libc_a-vfprintf.o)
                0x0000000080018278                _vfprintf_r
 .text.vfprintf
                0x000000008001ca88       0x14 /opt/gcc_MINIRISC/bin/../lib/gcc/riscv32-MINIRISC-elf/12.2.0/../../../../riscv32-MINIRISC-elf/lib/libc.a(libc_a-vfprintf.o)
                0x000000008001ca88                vfprintf
 .text.__sbprintf
                0x000000008001ca9c       0xcc /opt/gcc_MINIRISC/bin/../lib/gcc/riscv32-MINIRISC-elf/12.2.0/../../../../riscv32-MINIRISC-elf/lib/libc.a(libc_a-vfprintf.o)
 .text          0x000000008001cb68        0x0 /opt/gcc_MINIRISC/bin/../lib/gcc/riscv32-MINIRISC-elf/12.2.0/../../../../riscv32-MINIRISC-elf/lib/libc.a(libc_a-vfiprintf.o)
 .text.get_arg  0x000000008001cb68     0x105c /opt/gcc_MINIRISC/bin/../lib/gcc/riscv32-MINIRISC-elf/12.2.0/../../../../riscv32-MINIRISC-elf/lib/libc.a(libc_a-vfiprintf.o)
 .text.__sprint_r.part.0
                0x000000008001dbc4       0xf4 /opt/gcc_MINIRISC/bin/../lib/gcc/riscv32-MINIRISC-elf/12.2.0/../../../../riscv32-MINIRISC-elf/lib/libc.a(libc_a-vfiprintf.o)
 .text.__sprint_r
                0x000000008001dcb8       0x18 /opt/gcc_MINIRISC/bin/../lib/gcc/riscv32-MINIRISC-elf/12.2.0/../../../../riscv32-MINIRISC-elf/lib/libc.a(libc_a-vfiprintf.o)
                0x000000008001dcb8                __sprint_r
 .text._vfiprintf_r
                0x000000008001dcd0     0x2bb0 /opt/gcc_MINIRISC/bin/../lib/gcc/riscv32-MINIRISC-elf/12.2.0/../../../../riscv32-MINIRISC-elf/lib/libc.a(libc_a-vfiprintf.o)
                0x000000008001dcd0                _vfiprintf_r
 .text.vfiprintf
                0x0000000080020880       0x14 /opt/gcc_MINIRISC/bin/../lib/gcc/riscv32-MINIRISC-elf/12.2.0/../../../../riscv32-MINIRISC-elf/lib/libc.a(libc_a-vfiprintf.o)
                0x0000000080020880                vfiprintf
 .text.__sbprintf
                0x0000000080020894       0xcc /opt/gcc_MINIRISC/bin/../lib/gcc/riscv32-MINIRISC-elf/12.2.0/../../../../riscv32-MINIRISC-elf/lib/libc.a(libc_a-vfiprintf.o)
 .text          0x0000000080020960        0x0 /opt/gcc_MINIRISC/bin/../lib/gcc/riscv32-MINIRISC-elf/12.2.0/../../../../riscv32-MINIRISC-elf/lib/libc.a(libc_a-fclose.o)
 .text._fclose_r
                0x0000000080020960      0x108 /opt/gcc_MINIRISC/bin/../lib/gcc/riscv32-MINIRISC-elf/12.2.0/../../../../riscv32-MINIRISC-elf/lib/libc.a(libc_a-fclose.o)
                0x0000000080020960                _fclose_r
 .text.fclose   0x0000000080020a68        0xc /opt/gcc_MINIRISC/bin/../lib/gcc/riscv32-MINIRISC-elf/12.2.0/../../../../riscv32-MINIRISC-elf/lib/libc.a(libc_a-fclose.o)
                0x0000000080020a68                fclose
 .text          0x0000000080020a74        0x0 /opt/gcc_MINIRISC/bin/../lib/gcc/riscv32-MINIRISC-elf/12.2.0/../../../../riscv32-MINIRISC-elf/lib/libc.a(libc_a-fflush.o)
 .text.__sflush_r
                0x0000000080020a74      0x24c /opt/gcc_MINIRISC/bin/../lib/gcc/riscv32-MINIRISC-elf/12.2.0/../../../../riscv32-MINIRISC-elf/lib/libc.a(libc_a-fflush.o)
                0x0000000080020a74                __sflush_r
 .text._fflush_r
                0x0000000080020cc0       0x5c /opt/gcc_MINIRISC/bin/../lib/gcc/riscv32-MINIRISC-elf/12.2.0/../../../../riscv32-MINIRISC-elf/lib/libc.a(libc_a-fflush.o)
                0x0000000080020cc0                _fflush_r
 .text.fflush   0x0000000080020d1c       0x88 /opt/gcc_MINIRISC/bin/../lib/gcc/riscv32-MINIRISC-elf/12.2.0/../../../../riscv32-MINIRISC-elf/lib/libc.a(libc_a-fflush.o)
                0x0000000080020d1c                fflush
 .text          0x0000000080020da4        0x0 /opt/gcc_MINIRISC/bin/../lib/gcc/riscv32-MINIRISC-elf/12.2.0/../../../../riscv32-MINIRISC-elf/lib/libc.a(libc_a-fvwrite.o)
 .text.__sfvwrite_r
                0x0000000080020da4      0x49c /opt/gcc_MINIRISC/bin/../lib/gcc/riscv32-MINIRISC-elf/12.2.0/../../../../riscv32-MINIRISC-elf/lib/libc.a(libc_a-fvwrite.o)
                0x0000000080020da4                __sfvwrite_r
 .text          0x0000000080021240        0x0 /opt/gcc_MINIRISC/bin/../lib/gcc/riscv32-MINIRISC-elf/12.2.0/../../../../riscv32-MINIRISC-elf/lib/libc.a(libc_a-getc.o)
 .text._getc_r  0x0000000080021240       0x70 /opt/gcc_MINIRISC/bin/../lib/gcc/riscv32-MINIRISC-elf/12.2.0/../../../../riscv32-MINIRISC-elf/lib/libc.a(libc_a-getc.o)
                0x0000000080021240                _getc_r
 .text.getc     0x00000000800212b0       0x80 /opt/gcc_MINIRISC/bin/../lib/gcc/riscv32-MINIRISC-elf/12.2.0/../../../../riscv32-MINIRISC-elf/lib/libc.a(libc_a-getc.o)
                0x00000000800212b0                getc
 .text          0x0000000080021330        0x0 /opt/gcc_MINIRISC/bin/../lib/gcc/riscv32-MINIRISC-elf/12.2.0/../../../../riscv32-MINIRISC-elf/lib/libc.a(libc_a-rget.o)
 .text.__srget_r
                0x0000000080021330       0x74 /opt/gcc_MINIRISC/bin/../lib/gcc/riscv32-MINIRISC-elf/12.2.0/../../../../riscv32-MINIRISC-elf/lib/libc.a(libc_a-rget.o)
                0x0000000080021330                __srget_r
 .text.__srget  0x00000000800213a4       0x70 /opt/gcc_MINIRISC/bin/../lib/gcc/riscv32-MINIRISC-elf/12.2.0/../../../../riscv32-MINIRISC-elf/lib/libc.a(libc_a-rget.o)
                0x00000000800213a4                __srget
 .text          0x0000000080021414        0x0 /opt/gcc_MINIRISC/bin/../lib/gcc/riscv32-MINIRISC-elf/12.2.0/../../../../riscv32-MINIRISC-elf/lib/libc.a(libc_a-sccl.o)
 .text.__sccl   0x0000000080021414       0xe8 /opt/gcc_MINIRISC/bin/../lib/gcc/riscv32-MINIRISC-elf/12.2.0/../../../../riscv32-MINIRISC-elf/lib/libc.a(libc_a-sccl.o)
                0x0000000080021414                __sccl
 .text          0x00000000800214fc        0x0 /opt/gcc_MINIRISC/bin/../lib/gcc/riscv32-MINIRISC-elf/12.2.0/../../../../riscv32-MINIRISC-elf/lib/libc.a(libc_a-ungetc.o)
 .text.__submore
                0x00000000800214fc       0xcc /opt/gcc_MINIRISC/bin/../lib/gcc/riscv32-MINIRISC-elf/12.2.0/../../../../riscv32-MINIRISC-elf/lib/libc.a(libc_a-ungetc.o)
                0x00000000800214fc                __submore
 .text._ungetc_r
                0x00000000800215c8      0x180 /opt/gcc_MINIRISC/bin/../lib/gcc/riscv32-MINIRISC-elf/12.2.0/../../../../riscv32-MINIRISC-elf/lib/libc.a(libc_a-ungetc.o)
                0x00000000800215c8                _ungetc_r
 .text.ungetc   0x0000000080021748       0x10 /opt/gcc_MINIRISC/bin/../lib/gcc/riscv32-MINIRISC-elf/12.2.0/../../../../riscv32-MINIRISC-elf/lib/libc.a(libc_a-ungetc.o)
                0x0000000080021748                ungetc
 .text          0x0000000080021758        0x0 /opt/gcc_MINIRISC/bin/../lib/gcc/riscv32-MINIRISC-elf/12.2.0/../../../../riscv32-MINIRISC-elf/lib/libc.a(libc_a-wsetup.o)
 .text.__swsetup_r
                0x0000000080021758      0x138 /opt/gcc_MINIRISC/bin/../lib/gcc/riscv32-MINIRISC-elf/12.2.0/../../../../riscv32-MINIRISC-elf/lib/libc.a(libc_a-wsetup.o)
                0x0000000080021758                __swsetup_r
 .text          0x0000000080021890        0x0 /opt/gcc_MINIRISC/bin/../lib/gcc/riscv32-MINIRISC-elf/12.2.0/../../../../riscv32-MINIRISC-elf/lib/libc.a(libc_a-fputwc.o)
 .text.__fputwc
                0x0000000080021890      0x12c /opt/gcc_MINIRISC/bin/../lib/gcc/riscv32-MINIRISC-elf/12.2.0/../../../../riscv32-MINIRISC-elf/lib/libc.a(libc_a-fputwc.o)
                0x0000000080021890                __fputwc
 .text._fputwc_r
                0x00000000800219bc       0x2c /opt/gcc_MINIRISC/bin/../lib/gcc/riscv32-MINIRISC-elf/12.2.0/../../../../riscv32-MINIRISC-elf/lib/libc.a(libc_a-fputwc.o)
                0x00000000800219bc                _fputwc_r
 .text.fputwc   0x00000000800219e8       0x7c /opt/gcc_MINIRISC/bin/../lib/gcc/riscv32-MINIRISC-elf/12.2.0/../../../../riscv32-MINIRISC-elf/lib/libc.a(libc_a-fputwc.o)
                0x00000000800219e8                fputwc
 .text          0x0000000080021a64        0x0 /opt/gcc_MINIRISC/bin/../lib/gcc/riscv32-MINIRISC-elf/12.2.0/../../../../riscv32-MINIRISC-elf/lib/libc.a(libc_a-memchr.o)
 .text.memchr   0x0000000080021a64       0xc4 /opt/gcc_MINIRISC/bin/../lib/gcc/riscv32-MINIRISC-elf/12.2.0/../../../../riscv32-MINIRISC-elf/lib/libc.a(libc_a-memchr.o)
                0x0000000080021a64                memchr
 .text          0x0000000080021b28        0x0 /opt/gcc_MINIRISC/bin/../lib/gcc/riscv32-MINIRISC-elf/12.2.0/../../../../riscv32-MINIRISC-elf/lib/libc.a(libc_a-strncmp.o)
 .text.strncmp  0x0000000080021b28       0xb8 /opt/gcc_MINIRISC/bin/../lib/gcc/riscv32-MINIRISC-elf/12.2.0/../../../../riscv32-MINIRISC-elf/lib/libc.a(libc_a-strncmp.o)
                0x0000000080021b28                strncmp
 .text          0x0000000080021be0        0x0 /opt/gcc_MINIRISC/bin/../lib/gcc/riscv32-MINIRISC-elf/12.2.0/../../../../riscv32-MINIRISC-elf/lib/libc.a(libc_a-strncpy.o)
 .text.strncpy  0x0000000080021be0       0xac /opt/gcc_MINIRISC/bin/../lib/gcc/riscv32-MINIRISC-elf/12.2.0/../../../../riscv32-MINIRISC-elf/lib/libc.a(libc_a-strncpy.o)
                0x0000000080021be0                strncpy
 .text          0x0000000080021c8c        0x0 /opt/gcc_MINIRISC/bin/../lib/gcc/riscv32-MINIRISC-elf/12.2.0/../../../../riscv32-MINIRISC-elf/lib/libc.a(libc_a-asctime.o)
 .text.asctime  0x0000000080021c8c        0xc /opt/gcc_MINIRISC/bin/../lib/gcc/riscv32-MINIRISC-elf/12.2.0/../../../../riscv32-MINIRISC-elf/lib/libc.a(libc_a-asctime.o)
                0x0000000080021c8c                asctime
 .text          0x0000000080021c98        0x0 /opt/gcc_MINIRISC/bin/../lib/gcc/riscv32-MINIRISC-elf/12.2.0/../../../../riscv32-MINIRISC-elf/lib/libc.a(libc_a-asctime_r.o)
 .text.asctime_r
                0x0000000080021c98       0x80 /opt/gcc_MINIRISC/bin/../lib/gcc/riscv32-MINIRISC-elf/12.2.0/../../../../riscv32-MINIRISC-elf/lib/libc.a(libc_a-asctime_r.o)
                0x0000000080021c98                asctime_r
 .text          0x0000000080021d18        0x0 /opt/gcc_MINIRISC/bin/../lib/gcc/riscv32-MINIRISC-elf/12.2.0/../../../../riscv32-MINIRISC-elf/lib/libc.a(libc_a-gettzinfo.o)
 .text.__gettzinfo
                0x0000000080021d18        0xc /opt/gcc_MINIRISC/bin/../lib/gcc/riscv32-MINIRISC-elf/12.2.0/../../../../riscv32-MINIRISC-elf/lib/libc.a(libc_a-gettzinfo.o)
                0x0000000080021d18                __gettzinfo
 .text          0x0000000080021d24        0x0 /opt/gcc_MINIRISC/bin/../lib/gcc/riscv32-MINIRISC-elf/12.2.0/../../../../riscv32-MINIRISC-elf/lib/libc.a(libc_a-gmtime_r.o)
 .text.gmtime_r
                0x0000000080021d24      0x22c /opt/gcc_MINIRISC/bin/../lib/gcc/riscv32-MINIRISC-elf/12.2.0/../../../../riscv32-MINIRISC-elf/lib/libc.a(libc_a-gmtime_r.o)
                0x0000000080021d24                gmtime_r
 .text          0x0000000080021f50        0x0 /opt/gcc_MINIRISC/bin/../lib/gcc/riscv32-MINIRISC-elf/12.2.0/../../../../riscv32-MINIRISC-elf/lib/libc.a(libc_a-locale.o)
 .text.currentlocale
                0x0000000080021f50       0xd8 /opt/gcc_MINIRISC/bin/../lib/gcc/riscv32-MINIRISC-elf/12.2.0/../../../../riscv32-MINIRISC-elf/lib/libc.a(libc_a-locale.o)
 .text.__loadlocale
                0x0000000080022028      0x764 /opt/gcc_MINIRISC/bin/../lib/gcc/riscv32-MINIRISC-elf/12.2.0/../../../../riscv32-MINIRISC-elf/lib/libc.a(libc_a-locale.o)
                0x0000000080022028                __loadlocale
 .text.__get_locale_env
                0x000000008002278c       0x90 /opt/gcc_MINIRISC/bin/../lib/gcc/riscv32-MINIRISC-elf/12.2.0/../../../../riscv32-MINIRISC-elf/lib/libc.a(libc_a-locale.o)
                0x000000008002278c                __get_locale_env
 .text._setlocale_r
                0x000000008002281c      0x3f0 /opt/gcc_MINIRISC/bin/../lib/gcc/riscv32-MINIRISC-elf/12.2.0/../../../../riscv32-MINIRISC-elf/lib/libc.a(libc_a-locale.o)
                0x000000008002281c                _setlocale_r
 .text.__locale_mb_cur_max
                0x0000000080022c0c        0xc /opt/gcc_MINIRISC/bin/../lib/gcc/riscv32-MINIRISC-elf/12.2.0/../../../../riscv32-MINIRISC-elf/lib/libc.a(libc_a-locale.o)
                0x0000000080022c0c                __locale_mb_cur_max
 .text.setlocale
                0x0000000080022c18       0x10 /opt/gcc_MINIRISC/bin/../lib/gcc/riscv32-MINIRISC-elf/12.2.0/../../../../riscv32-MINIRISC-elf/lib/libc.a(libc_a-locale.o)
                0x0000000080022c18                setlocale
 .text          0x0000000080022c28        0x0 /opt/gcc_MINIRISC/bin/../lib/gcc/riscv32-MINIRISC-elf/12.2.0/../../../../riscv32-MINIRISC-elf/lib/libc.a(libc_a-localeconv.o)
 .text.__localeconv_l
                0x0000000080022c28        0x8 /opt/gcc_MINIRISC/bin/../lib/gcc/riscv32-MINIRISC-elf/12.2.0/../../../../riscv32-MINIRISC-elf/lib/libc.a(libc_a-localeconv.o)
                0x0000000080022c28                __localeconv_l
 .text._localeconv_r
                0x0000000080022c30        0xc /opt/gcc_MINIRISC/bin/../lib/gcc/riscv32-MINIRISC-elf/12.2.0/../../../../riscv32-MINIRISC-elf/lib/libc.a(libc_a-localeconv.o)
                0x0000000080022c30                _localeconv_r
 .text.localeconv
                0x0000000080022c3c        0xc /opt/gcc_MINIRISC/bin/../lib/gcc/riscv32-MINIRISC-elf/12.2.0/../../../../riscv32-MINIRISC-elf/lib/libc.a(libc_a-localeconv.o)
                0x0000000080022c3c                localeconv
 .text          0x0000000080022c48        0x0 /opt/gcc_MINIRISC/bin/../lib/gcc/riscv32-MINIRISC-elf/12.2.0/../../../../riscv32-MINIRISC-elf/lib/libc.a(libc_a-memmove-stub.o)
 .text.memmove  0x0000000080022c48      0x11c /opt/gcc_MINIRISC/bin/../lib/gcc/riscv32-MINIRISC-elf/12.2.0/../../../../riscv32-MINIRISC-elf/lib/libc.a(libc_a-memmove-stub.o)
                0x0000000080022c48                memmove
 .text          0x0000000080022d64        0x0 /opt/gcc_MINIRISC/bin/../lib/gcc/riscv32-MINIRISC-elf/12.2.0/../../../../riscv32-MINIRISC-elf/lib/libc.a(libm_a-frexpl.o)
 .text.frexpl   0x0000000080022d64      0x190 /opt/gcc_MINIRISC/bin/../lib/gcc/riscv32-MINIRISC-elf/12.2.0/../../../../riscv32-MINIRISC-elf/lib/libc.a(libm_a-frexpl.o)
                0x0000000080022d64                frexpl
 .text          0x0000000080022ef4        0x0 /opt/gcc_MINIRISC/bin/../lib/gcc/riscv32-MINIRISC-elf/12.2.0/../../../../riscv32-MINIRISC-elf/lib/libc.a(libc_a-environ.o)
 .text          0x0000000080022ef4        0x0 /opt/gcc_MINIRISC/bin/../lib/gcc/riscv32-MINIRISC-elf/12.2.0/../../../../riscv32-MINIRISC-elf/lib/libc.a(libc_a-envlock.o)
 .text.__env_lock
                0x0000000080022ef4        0x4 /opt/gcc_MINIRISC/bin/../lib/gcc/riscv32-MINIRISC-elf/12.2.0/../../../../riscv32-MINIRISC-elf/lib/libc.a(libc_a-envlock.o)
                0x0000000080022ef4                __env_lock
 .text.__env_unlock
                0x0000000080022ef8        0x4 /opt/gcc_MINIRISC/bin/../lib/gcc/riscv32-MINIRISC-elf/12.2.0/../../../../riscv32-MINIRISC-elf/lib/libc.a(libc_a-envlock.o)
                0x0000000080022ef8                __env_unlock
 .text          0x0000000080022efc        0x0 /opt/gcc_MINIRISC/bin/../lib/gcc/riscv32-MINIRISC-elf/12.2.0/../../../../riscv32-MINIRISC-elf/lib/libc.a(libc_a-gdtoa-ldtoa.o)
 .text._ldtoa_r
                0x0000000080022efc      0x2dc /opt/gcc_MINIRISC/bin/../lib/gcc/riscv32-MINIRISC-elf/12.2.0/../../../../riscv32-MINIRISC-elf/lib/libc.a(libc_a-gdtoa-ldtoa.o)
                0x0000000080022efc                _ldtoa_r
 .text._ldcheck
                0x00000000800231d8      0x100 /opt/gcc_MINIRISC/bin/../lib/gcc/riscv32-MINIRISC-elf/12.2.0/../../../../riscv32-MINIRISC-elf/lib/libc.a(libc_a-gdtoa-ldtoa.o)
                0x00000000800231d8                _ldcheck
 .text          0x00000000800232d8        0x0 /opt/gcc_MINIRISC/bin/../lib/gcc/riscv32-MINIRISC-elf/12.2.0/../../../../riscv32-MINIRISC-elf/lib/libc.a(libc_a-gdtoa-gdtoa.o)
 .text.__gdtoa  0x00000000800232d8     0x1b50 /opt/gcc_MINIRISC/bin/../lib/gcc/riscv32-MINIRISC-elf/12.2.0/../../../../riscv32-MINIRISC-elf/lib/libc.a(libc_a-gdtoa-gdtoa.o)
                0x00000000800232d8                __gdtoa
 .text          0x0000000080024e28        0x0 /opt/gcc_MINIRISC/bin/../lib/gcc/riscv32-MINIRISC-elf/12.2.0/../../../../riscv32-MINIRISC-elf/lib/libc.a(libc_a-gdtoa-dmisc.o)
 .text.__rv_alloc_D2A
                0x0000000080024e28       0x50 /opt/gcc_MINIRISC/bin/../lib/gcc/riscv32-MINIRISC-elf/12.2.0/../../../../riscv32-MINIRISC-elf/lib/libc.a(libc_a-gdtoa-dmisc.o)
                0x0000000080024e28                __rv_alloc_D2A
 .text.__nrv_alloc_D2A
                0x0000000080024e78       0xac /opt/gcc_MINIRISC/bin/../lib/gcc/riscv32-MINIRISC-elf/12.2.0/../../../../riscv32-MINIRISC-elf/lib/libc.a(libc_a-gdtoa-dmisc.o)
                0x0000000080024e78                __nrv_alloc_D2A
 .text.__freedtoa
                0x0000000080024f24       0x20 /opt/gcc_MINIRISC/bin/../lib/gcc/riscv32-MINIRISC-elf/12.2.0/../../../../riscv32-MINIRISC-elf/lib/libc.a(libc_a-gdtoa-dmisc.o)
                0x0000000080024f24                __freedtoa
 .text.__quorem_D2A
                0x0000000080024f44      0x1ec /opt/gcc_MINIRISC/bin/../lib/gcc/riscv32-MINIRISC-elf/12.2.0/../../../../riscv32-MINIRISC-elf/lib/libc.a(libc_a-gdtoa-dmisc.o)
                0x0000000080024f44                __quorem_D2A
 .text          0x0000000080025130        0x0 /opt/gcc_MINIRISC/bin/../lib/gcc/riscv32-MINIRISC-elf/12.2.0/../../../../riscv32-MINIRISC-elf/lib/libc.a(libc_a-gdtoa-gmisc.o)
 .text.__rshift_D2A
                0x0000000080025130       0xe4 /opt/gcc_MINIRISC/bin/../lib/gcc/riscv32-MINIRISC-elf/12.2.0/../../../../riscv32-MINIRISC-elf/lib/libc.a(libc_a-gdtoa-gmisc.o)
                0x0000000080025130                __rshift_D2A
 .text.__trailz_D2A
                0x0000000080025214       0x64 /opt/gcc_MINIRISC/bin/../lib/gcc/riscv32-MINIRISC-elf/12.2.0/../../../../riscv32-MINIRISC-elf/lib/libc.a(libc_a-gdtoa-gmisc.o)
                0x0000000080025214                __trailz_D2A
 .text          0x0000000080025278        0x0 /opt/gcc_MINIRISC/bin/../lib/gcc/riscv32-MINIRISC-elf/12.2.0/../../../../riscv32-MINIRISC-elf/lib/libc.a(libc_a-mbtowc_r.o)
 .text._mbtowc_r
                0x0000000080025278        0xc /opt/gcc_MINIRISC/bin/../lib/gcc/riscv32-MINIRISC-elf/12.2.0/../../../../riscv32-MINIRISC-elf/lib/libc.a(libc_a-mbtowc_r.o)
                0x0000000080025278                _mbtowc_r
 .text.__ascii_mbtowc
                0x0000000080025284       0x68 /opt/gcc_MINIRISC/bin/../lib/gcc/riscv32-MINIRISC-elf/12.2.0/../../../../riscv32-MINIRISC-elf/lib/libc.a(libc_a-mbtowc_r.o)
                0x0000000080025284                __ascii_mbtowc
 .text.__utf8_mbtowc
                0x00000000800252ec      0x2f8 /opt/gcc_MINIRISC/bin/../lib/gcc/riscv32-MINIRISC-elf/12.2.0/../../../../riscv32-MINIRISC-elf/lib/libc.a(libc_a-mbtowc_r.o)
                0x00000000800252ec                __utf8_mbtowc
 .text.__sjis_mbtowc
                0x00000000800255e4      0x170 /opt/gcc_MINIRISC/bin/../lib/gcc/riscv32-MINIRISC-elf/12.2.0/../../../../riscv32-MINIRISC-elf/lib/libc.a(libc_a-mbtowc_r.o)
                0x00000000800255e4                __sjis_mbtowc
 .text.__eucjp_mbtowc
                0x0000000080025754      0x20c /opt/gcc_MINIRISC/bin/../lib/gcc/riscv32-MINIRISC-elf/12.2.0/../../../../riscv32-MINIRISC-elf/lib/libc.a(libc_a-mbtowc_r.o)
                0x0000000080025754                __eucjp_mbtowc
 .text.__jis_mbtowc
                0x0000000080025960      0x200 /opt/gcc_MINIRISC/bin/../lib/gcc/riscv32-MINIRISC-elf/12.2.0/../../../../riscv32-MINIRISC-elf/lib/libc.a(libc_a-mbtowc_r.o)
                0x0000000080025960                __jis_mbtowc
 .text          0x0000000080025b60        0x0 /opt/gcc_MINIRISC/bin/../lib/gcc/riscv32-MINIRISC-elf/12.2.0/../../../../riscv32-MINIRISC-elf/lib/libc.a(libc_a-mprec.o)
 .text._Balloc  0x0000000080025b60       0xa8 /opt/gcc_MINIRISC/bin/../lib/gcc/riscv32-MINIRISC-elf/12.2.0/../../../../riscv32-MINIRISC-elf/lib/libc.a(libc_a-mprec.o)
                0x0000000080025b60                _Balloc
 .text._Bfree   0x0000000080025c08       0x24 /opt/gcc_MINIRISC/bin/../lib/gcc/riscv32-MINIRISC-elf/12.2.0/../../../../riscv32-MINIRISC-elf/lib/libc.a(libc_a-mprec.o)
                0x0000000080025c08                _Bfree
 .text.__multadd
                0x0000000080025c2c      0x14c /opt/gcc_MINIRISC/bin/../lib/gcc/riscv32-MINIRISC-elf/12.2.0/../../../../riscv32-MINIRISC-elf/lib/libc.a(libc_a-mprec.o)
                0x0000000080025c2c                __multadd
 .text.__s2b    0x0000000080025d78      0x134 /opt/gcc_MINIRISC/bin/../lib/gcc/riscv32-MINIRISC-elf/12.2.0/../../../../riscv32-MINIRISC-elf/lib/libc.a(libc_a-mprec.o)
                0x0000000080025d78                __s2b
 .text.__hi0bits
                0x0000000080025eac       0x78 /opt/gcc_MINIRISC/bin/../lib/gcc/riscv32-MINIRISC-elf/12.2.0/../../../../riscv32-MINIRISC-elf/lib/libc.a(libc_a-mprec.o)
                0x0000000080025eac                __hi0bits
 .text.__lo0bits
                0x0000000080025f24       0xe0 /opt/gcc_MINIRISC/bin/../lib/gcc/riscv32-MINIRISC-elf/12.2.0/../../../../riscv32-MINIRISC-elf/lib/libc.a(libc_a-mprec.o)
                0x0000000080025f24                __lo0bits
 .text.__i2b    0x0000000080026004       0xb0 /opt/gcc_MINIRISC/bin/../lib/gcc/riscv32-MINIRISC-elf/12.2.0/../../../../riscv32-MINIRISC-elf/lib/libc.a(libc_a-mprec.o)
                0x0000000080026004                __i2b
 .text.__multiply
                0x00000000800260b4      0x234 /opt/gcc_MINIRISC/bin/../lib/gcc/riscv32-MINIRISC-elf/12.2.0/../../../../riscv32-MINIRISC-elf/lib/libc.a(libc_a-mprec.o)
                0x00000000800260b4                __multiply
 .text.__pow5mult
                0x00000000800262e8      0x150 /opt/gcc_MINIRISC/bin/../lib/gcc/riscv32-MINIRISC-elf/12.2.0/../../../../riscv32-MINIRISC-elf/lib/libc.a(libc_a-mprec.o)
                0x00000000800262e8                __pow5mult
 .text.__lshift
                0x0000000080026438      0x190 /opt/gcc_MINIRISC/bin/../lib/gcc/riscv32-MINIRISC-elf/12.2.0/../../../../riscv32-MINIRISC-elf/lib/libc.a(libc_a-mprec.o)
                0x0000000080026438                __lshift
 .text.__mcmp   0x00000000800265c8       0x58 /opt/gcc_MINIRISC/bin/../lib/gcc/riscv32-MINIRISC-elf/12.2.0/../../../../riscv32-MINIRISC-elf/lib/libc.a(libc_a-mprec.o)
                0x00000000800265c8                __mcmp
 .text.__mdiff  0x0000000080026620      0x250 /opt/gcc_MINIRISC/bin/../lib/gcc/riscv32-MINIRISC-elf/12.2.0/../../../../riscv32-MINIRISC-elf/lib/libc.a(libc_a-mprec.o)
                0x0000000080026620                __mdiff
 .text.__ulp    0x0000000080026870       0x68 /opt/gcc_MINIRISC/bin/../lib/gcc/riscv32-MINIRISC-elf/12.2.0/../../../../riscv32-MINIRISC-elf/lib/libc.a(libc_a-mprec.o)
                0x0000000080026870                __ulp
 .text.__b2d    0x00000000800268d8      0x11c /opt/gcc_MINIRISC/bin/../lib/gcc/riscv32-MINIRISC-elf/12.2.0/../../../../riscv32-MINIRISC-elf/lib/libc.a(libc_a-mprec.o)
                0x00000000800268d8                __b2d
 .text.__d2b    0x00000000800269f4      0x158 /opt/gcc_MINIRISC/bin/../lib/gcc/riscv32-MINIRISC-elf/12.2.0/../../../../riscv32-MINIRISC-elf/lib/libc.a(libc_a-mprec.o)
                0x00000000800269f4                __d2b
 .text.__ratio  0x0000000080026b4c       0xa8 /opt/gcc_MINIRISC/bin/../lib/gcc/riscv32-MINIRISC-elf/12.2.0/../../../../riscv32-MINIRISC-elf/lib/libc.a(libc_a-mprec.o)
                0x0000000080026b4c                __ratio
 .text._mprec_log10
                0x0000000080026bf4       0xac /opt/gcc_MINIRISC/bin/../lib/gcc/riscv32-MINIRISC-elf/12.2.0/../../../../riscv32-MINIRISC-elf/lib/libc.a(libc_a-mprec.o)
                0x0000000080026bf4                _mprec_log10
 .text.__copybits
                0x0000000080026ca0       0x68 /opt/gcc_MINIRISC/bin/../lib/gcc/riscv32-MINIRISC-elf/12.2.0/../../../../riscv32-MINIRISC-elf/lib/libc.a(libc_a-mprec.o)
                0x0000000080026ca0                __copybits
 .text.__any_on
                0x0000000080026d08       0x64 /opt/gcc_MINIRISC/bin/../lib/gcc/riscv32-MINIRISC-elf/12.2.0/../../../../riscv32-MINIRISC-elf/lib/libc.a(libc_a-mprec.o)
                0x0000000080026d08                __any_on
 .text          0x0000000080026d6c        0x0 /opt/gcc_MINIRISC/bin/../lib/gcc/riscv32-MINIRISC-elf/12.2.0/../../../../riscv32-MINIRISC-elf/lib/libc.a(libc_a-realloc.o)
 .text.realloc  0x0000000080026d6c       0x10 /opt/gcc_MINIRISC/bin/../lib/gcc/riscv32-MINIRISC-elf/12.2.0/../../../../riscv32-MINIRISC-elf/lib/libc.a(libc_a-realloc.o)
                0x0000000080026d6c                realloc
 .text          0x0000000080026d7c        0x0 /opt/gcc_MINIRISC/bin/../lib/gcc/riscv32-MINIRISC-elf/12.2.0/../../../../riscv32-MINIRISC-elf/lib/libc.a(libc_a-reallocr.o)
 .text._realloc_r
                0x0000000080026d7c      0x558 /opt/gcc_MINIRISC/bin/../lib/gcc/riscv32-MINIRISC-elf/12.2.0/../../../../riscv32-MINIRISC-elf/lib/libc.a(libc_a-reallocr.o)
                0x0000000080026d7c                _realloc_r
 .text          0x00000000800272d4        0x0 /opt/gcc_MINIRISC/bin/../lib/gcc/riscv32-MINIRISC-elf/12.2.0/../../../../riscv32-MINIRISC-elf/lib/libc.a(libc_a-strtol.o)
 .text._strtol_l.constprop.0
                0x00000000800272d4      0x1f0 /opt/gcc_MINIRISC/bin/../lib/gcc/riscv32-MINIRISC-elf/12.2.0/../../../../riscv32-MINIRISC-elf/lib/libc.a(libc_a-strtol.o)
 .text._strtol_r
                0x00000000800274c4        0x4 /opt/gcc_MINIRISC/bin/../lib/gcc/riscv32-MINIRISC-elf/12.2.0/../../../../riscv32-MINIRISC-elf/lib/libc.a(libc_a-strtol.o)
                0x00000000800274c4                _strtol_r
 .text.strtol_l
                0x00000000800274c8       0x14 /opt/gcc_MINIRISC/bin/../lib/gcc/riscv32-MINIRISC-elf/12.2.0/../../../../riscv32-MINIRISC-elf/lib/libc.a(libc_a-strtol.o)
                0x00000000800274c8                strtol_l
 .text.strtol   0x00000000800274dc       0x14 /opt/gcc_MINIRISC/bin/../lib/gcc/riscv32-MINIRISC-elf/12.2.0/../../../../riscv32-MINIRISC-elf/lib/libc.a(libc_a-strtol.o)
                0x00000000800274dc                strtol
 .text          0x00000000800274f0        0x0 /opt/gcc_MINIRISC/bin/../lib/gcc/riscv32-MINIRISC-elf/12.2.0/../../../../riscv32-MINIRISC-elf/lib/libc.a(libc_a-wctomb_r.o)
 .text._wctomb_r
                0x00000000800274f0        0xc /opt/gcc_MINIRISC/bin/../lib/gcc/riscv32-MINIRISC-elf/12.2.0/../../../../riscv32-MINIRISC-elf/lib/libc.a(libc_a-wctomb_r.o)
                0x00000000800274f0                _wctomb_r
 .text.__ascii_wctomb
                0x00000000800274fc       0x30 /opt/gcc_MINIRISC/bin/../lib/gcc/riscv32-MINIRISC-elf/12.2.0/../../../../riscv32-MINIRISC-elf/lib/libc.a(libc_a-wctomb_r.o)
                0x00000000800274fc                __ascii_wctomb
 .text.__utf8_wctomb
                0x000000008002752c       0xec /opt/gcc_MINIRISC/bin/../lib/gcc/riscv32-MINIRISC-elf/12.2.0/../../../../riscv32-MINIRISC-elf/lib/libc.a(libc_a-wctomb_r.o)
                0x000000008002752c                __utf8_wctomb
 .text.__sjis_wctomb
                0x0000000080027618       0x84 /opt/gcc_MINIRISC/bin/../lib/gcc/riscv32-MINIRISC-elf/12.2.0/../../../../riscv32-MINIRISC-elf/lib/libc.a(libc_a-wctomb_r.o)
                0x0000000080027618                __sjis_wctomb
 .text.__eucjp_wctomb
                0x000000008002769c       0xac /opt/gcc_MINIRISC/bin/../lib/gcc/riscv32-MINIRISC-elf/12.2.0/../../../../riscv32-MINIRISC-elf/lib/libc.a(libc_a-wctomb_r.o)
                0x000000008002769c                __eucjp_wctomb
 .text.__jis_wctomb
                0x0000000080027748       0xc0 /opt/gcc_MINIRISC/bin/../lib/gcc/riscv32-MINIRISC-elf/12.2.0/../../../../riscv32-MINIRISC-elf/lib/libc.a(libc_a-wctomb_r.o)
                0x0000000080027748                __jis_wctomb
 .text          0x0000000080027808        0x0 /opt/gcc_MINIRISC/bin/../lib/gcc/riscv32-MINIRISC-elf/12.2.0/../../../../riscv32-MINIRISC-elf/lib/libc.a(libc_a-strtoll.o)
 .text._strtoll_l.constprop.0
                0x0000000080027808      0x2bc /opt/gcc_MINIRISC/bin/../lib/gcc/riscv32-MINIRISC-elf/12.2.0/../../../../riscv32-MINIRISC-elf/lib/libc.a(libc_a-strtoll.o)
 .text._strtoll_r
                0x0000000080027ac4        0x4 /opt/gcc_MINIRISC/bin/../lib/gcc/riscv32-MINIRISC-elf/12.2.0/../../../../riscv32-MINIRISC-elf/lib/libc.a(libc_a-strtoll.o)
                0x0000000080027ac4                _strtoll_r
 .text.strtoll_l
                0x0000000080027ac8       0x14 /opt/gcc_MINIRISC/bin/../lib/gcc/riscv32-MINIRISC-elf/12.2.0/../../../../riscv32-MINIRISC-elf/lib/libc.a(libc_a-strtoll.o)
                0x0000000080027ac8                strtoll_l
 .text.strtoll  0x0000000080027adc       0x14 /opt/gcc_MINIRISC/bin/../lib/gcc/riscv32-MINIRISC-elf/12.2.0/../../../../riscv32-MINIRISC-elf/lib/libc.a(libc_a-strtoll.o)
                0x0000000080027adc                strtoll
 .text          0x0000000080027af0        0x0 /opt/gcc_MINIRISC/bin/../lib/gcc/riscv32-MINIRISC-elf/12.2.0/../../../../riscv32-MINIRISC-elf/lib/libc.a(libc_a-strtoull.o)
 .text._strtoull_l.constprop.0
                0x0000000080027af0      0x2bc /opt/gcc_MINIRISC/bin/../lib/gcc/riscv32-MINIRISC-elf/12.2.0/../../../../riscv32-MINIRISC-elf/lib/libc.a(libc_a-strtoull.o)
 .text._strtoull_r
                0x0000000080027dac        0x4 /opt/gcc_MINIRISC/bin/../lib/gcc/riscv32-MINIRISC-elf/12.2.0/../../../../riscv32-MINIRISC-elf/lib/libc.a(libc_a-strtoull.o)
                0x0000000080027dac                _strtoull_r
 .text.strtoull_l
                0x0000000080027db0       0x14 /opt/gcc_MINIRISC/bin/../lib/gcc/riscv32-MINIRISC-elf/12.2.0/../../../../riscv32-MINIRISC-elf/lib/libc.a(libc_a-strtoull.o)
                0x0000000080027db0                strtoull_l
 .text.strtoull
                0x0000000080027dc4       0x14 /opt/gcc_MINIRISC/bin/../lib/gcc/riscv32-MINIRISC-elf/12.2.0/../../../../riscv32-MINIRISC-elf/lib/libc.a(libc_a-strtoull.o)
                0x0000000080027dc4                strtoull
 .text          0x0000000080027dd8        0x0 /opt/gcc_MINIRISC/bin/../lib/gcc/riscv32-MINIRISC-elf/12.2.0/../../../../riscv32-MINIRISC-elf/lib/libc.a(libc_a-mbrtowc.o)
 .text._mbrtowc_r
                0x0000000080027dd8       0x94 /opt/gcc_MINIRISC/bin/../lib/gcc/riscv32-MINIRISC-elf/12.2.0/../../../../riscv32-MINIRISC-elf/lib/libc.a(libc_a-mbrtowc.o)
                0x0000000080027dd8                _mbrtowc_r
 .text.mbrtowc  0x0000000080027e6c       0xb4 /opt/gcc_MINIRISC/bin/../lib/gcc/riscv32-MINIRISC-elf/12.2.0/../../../../riscv32-MINIRISC-elf/lib/libc.a(libc_a-mbrtowc.o)
                0x0000000080027e6c                mbrtowc
 .text          0x0000000080027f20        0x0 /opt/gcc_MINIRISC/bin/../lib/gcc/riscv32-MINIRISC-elf/12.2.0/../../../../riscv32-MINIRISC-elf/lib/libc.a(libc_a-wcrtomb.o)
 .text._wcrtomb_r
                0x0000000080027f20       0x8c /opt/gcc_MINIRISC/bin/../lib/gcc/riscv32-MINIRISC-elf/12.2.0/../../../../riscv32-MINIRISC-elf/lib/libc.a(libc_a-wcrtomb.o)
                0x0000000080027f20                _wcrtomb_r
 .text.wcrtomb  0x0000000080027fac       0xa4 /opt/gcc_MINIRISC/bin/../lib/gcc/riscv32-MINIRISC-elf/12.2.0/../../../../riscv32-MINIRISC-elf/lib/libc.a(libc_a-wcrtomb.o)
                0x0000000080027fac                wcrtomb
 .text          0x0000000080028050        0x0 /opt/gcc_MINIRISC/bin/../lib/gcc/riscv32-MINIRISC-elf/12.2.0/../../../../riscv32-MINIRISC-elf/lib/libc.a(libc_a-wcsrtombs.o)
 .text._wcsrtombs_r
                0x0000000080028050       0x10 /opt/gcc_MINIRISC/bin/../lib/gcc/riscv32-MINIRISC-elf/12.2.0/../../../../riscv32-MINIRISC-elf/lib/libc.a(libc_a-wcsrtombs.o)
                0x0000000080028050                _wcsrtombs_r
 .text.wcsrtombs
                0x0000000080028060       0x1c /opt/gcc_MINIRISC/bin/../lib/gcc/riscv32-MINIRISC-elf/12.2.0/../../../../riscv32-MINIRISC-elf/lib/libc.a(libc_a-wcsrtombs.o)
                0x0000000080028060                wcsrtombs
 .text          0x000000008002807c        0x0 /opt/gcc_MINIRISC/bin/../lib/gcc/riscv32-MINIRISC-elf/12.2.0/../../../../riscv32-MINIRISC-elf/lib/libc.a(libc_a-iswspace.o)
 .text.iswspace
                0x000000008002807c        0x8 /opt/gcc_MINIRISC/bin/../lib/gcc/riscv32-MINIRISC-elf/12.2.0/../../../../riscv32-MINIRISC-elf/lib/libc.a(libc_a-iswspace.o)
                0x000000008002807c                iswspace
 .text          0x0000000080028084        0x0 /opt/gcc_MINIRISC/bin/../lib/gcc/riscv32-MINIRISC-elf/12.2.0/../../../../riscv32-MINIRISC-elf/lib/libc.a(libc_a-iswspace_l.o)
 .text.iswspace_l
                0x0000000080028084       0x50 /opt/gcc_MINIRISC/bin/../lib/gcc/riscv32-MINIRISC-elf/12.2.0/../../../../riscv32-MINIRISC-elf/lib/libc.a(libc_a-iswspace_l.o)
                0x0000000080028084                iswspace_l
 .text          0x00000000800280d4        0x0 /opt/gcc_MINIRISC/bin/../lib/gcc/riscv32-MINIRISC-elf/12.2.0/../../../../riscv32-MINIRISC-elf/lib/libc.a(libc_a-jp2uc.o)
 .text.__jp2uc  0x00000000800280d4      0x274 /opt/gcc_MINIRISC/bin/../lib/gcc/riscv32-MINIRISC-elf/12.2.0/../../../../riscv32-MINIRISC-elf/lib/libc.a(libc_a-jp2uc.o)
 .text._jp2uc_l
                0x0000000080028348       0xa4 /opt/gcc_MINIRISC/bin/../lib/gcc/riscv32-MINIRISC-elf/12.2.0/../../../../riscv32-MINIRISC-elf/lib/libc.a(libc_a-jp2uc.o)
                0x0000000080028348                _jp2uc_l
 .text._jp2uc   0x00000000800283ec       0x90 /opt/gcc_MINIRISC/bin/../lib/gcc/riscv32-MINIRISC-elf/12.2.0/../../../../riscv32-MINIRISC-elf/lib/libc.a(libc_a-jp2uc.o)
                0x00000000800283ec                _jp2uc
 .text._uc2jp_l
                0x000000008002847c       0x90 /opt/gcc_MINIRISC/bin/../lib/gcc/riscv32-MINIRISC-elf/12.2.0/../../../../riscv32-MINIRISC-elf/lib/libc.a(libc_a-jp2uc.o)
                0x000000008002847c                _uc2jp_l
 .text          0x000000008002850c        0x0 /opt/gcc_MINIRISC/bin/../lib/gcc/riscv32-MINIRISC-elf/12.2.0/../../../../riscv32-MINIRISC-elf/lib/libc.a(libc_a-siprintf.o)
 .text._siprintf_r
                0x000000008002850c       0x6c /opt/gcc_MINIRISC/bin/../lib/gcc/riscv32-MINIRISC-elf/12.2.0/../../../../riscv32-MINIRISC-elf/lib/libc.a(libc_a-siprintf.o)
                0x000000008002850c                _siprintf_r
 .text.siprintf
                0x0000000080028578       0x78 /opt/gcc_MINIRISC/bin/../lib/gcc/riscv32-MINIRISC-elf/12.2.0/../../../../riscv32-MINIRISC-elf/lib/libc.a(libc_a-siprintf.o)
                0x0000000080028578                siprintf
 .text          0x00000000800285f0        0x0 /opt/gcc_MINIRISC/bin/../lib/gcc/riscv32-MINIRISC-elf/12.2.0/../../../../riscv32-MINIRISC-elf/lib/libc.a(libc_a-svfiprintf.o)
 .text.get_arg  0x00000000800285f0     0x1050 /opt/gcc_MINIRISC/bin/../lib/gcc/riscv32-MINIRISC-elf/12.2.0/../../../../riscv32-MINIRISC-elf/lib/libc.a(libc_a-svfiprintf.o)
 .text.__ssprint_r
                0x0000000080029640      0x1c8 /opt/gcc_MINIRISC/bin/../lib/gcc/riscv32-MINIRISC-elf/12.2.0/../../../../riscv32-MINIRISC-elf/lib/libc.a(libc_a-svfiprintf.o)
                0x0000000080029640                __ssprint_r
 .text._svfiprintf_r
                0x0000000080029808     0x295c /opt/gcc_MINIRISC/bin/../lib/gcc/riscv32-MINIRISC-elf/12.2.0/../../../../riscv32-MINIRISC-elf/lib/libc.a(libc_a-svfiprintf.o)
                0x0000000080029808                _svfiprintf_r
 .text          0x000000008002c164        0x0 /opt/gcc_MINIRISC/bin/../lib/gcc/riscv32-MINIRISC-elf/12.2.0/../../../../riscv32-MINIRISC-elf/lib/libc.a(libc_a-makebuf.o)
 .text.__smakebuf_r
                0x000000008002c164      0x184 /opt/gcc_MINIRISC/bin/../lib/gcc/riscv32-MINIRISC-elf/12.2.0/../../../../riscv32-MINIRISC-elf/lib/libc.a(libc_a-makebuf.o)
                0x000000008002c164                __smakebuf_r
 .text.__swhatbuf_r
                0x000000008002c2e8       0xd8 /opt/gcc_MINIRISC/bin/../lib/gcc/riscv32-MINIRISC-elf/12.2.0/../../../../riscv32-MINIRISC-elf/lib/libc.a(libc_a-makebuf.o)
                0x000000008002c2e8                __swhatbuf_r
 .text          0x000000008002c3c0        0x0 /opt/gcc_MINIRISC/bin/../lib/gcc/riscv32-MINIRISC-elf/12.2.0/../../../../riscv32-MINIRISC-elf/lib/libc.a(libc_a-refill.o)
 .text.lflush   0x000000008002c3c0       0x20 /opt/gcc_MINIRISC/bin/../lib/gcc/riscv32-MINIRISC-elf/12.2.0/../../../../riscv32-MINIRISC-elf/lib/libc.a(libc_a-refill.o)
 .text.__srefill_r
                0x000000008002c3e0      0x1d4 /opt/gcc_MINIRISC/bin/../lib/gcc/riscv32-MINIRISC-elf/12.2.0/../../../../riscv32-MINIRISC-elf/lib/libc.a(libc_a-refill.o)
                0x000000008002c3e0                __srefill_r
 .text          0x000000008002c5b4        0x0 /opt/gcc_MINIRISC/bin/../lib/gcc/riscv32-MINIRISC-elf/12.2.0/../../../../riscv32-MINIRISC-elf/lib/libc.a(libc_a-wbuf.o)
 .text.__swbuf_r
                0x000000008002c5b4      0x174 /opt/gcc_MINIRISC/bin/../lib/gcc/riscv32-MINIRISC-elf/12.2.0/../../../../riscv32-MINIRISC-elf/lib/libc.a(libc_a-wbuf.o)
                0x000000008002c5b4                __swbuf_r
 .text.__swbuf  0x000000008002c728       0x10 /opt/gcc_MINIRISC/bin/../lib/gcc/riscv32-MINIRISC-elf/12.2.0/../../../../riscv32-MINIRISC-elf/lib/libc.a(libc_a-wbuf.o)
                0x000000008002c728                __swbuf
 .text          0x000000008002c738        0x0 /opt/gcc_MINIRISC/bin/../lib/gcc/riscv32-MINIRISC-elf/12.2.0/../../../../riscv32-MINIRISC-elf/lib/libc.a(libc_a-strcasecmp.o)
 .text.strcasecmp
                0x000000008002c738       0x6c /opt/gcc_MINIRISC/bin/../lib/gcc/riscv32-MINIRISC-elf/12.2.0/../../../../riscv32-MINIRISC-elf/lib/libc.a(libc_a-strcasecmp.o)
                0x000000008002c738                strcasecmp
 .text          0x000000008002c7a4        0x0 /opt/gcc_MINIRISC/bin/../lib/gcc/riscv32-MINIRISC-elf/12.2.0/../../../../riscv32-MINIRISC-elf/lib/libc.a(libc_a-strcat.o)
 .text.strcat   0x000000008002c7a4       0x88 /opt/gcc_MINIRISC/bin/../lib/gcc/riscv32-MINIRISC-elf/12.2.0/../../../../riscv32-MINIRISC-elf/lib/libc.a(libc_a-strcat.o)
                0x000000008002c7a4                strcat
 .text          0x000000008002c82c        0x0 /opt/gcc_MINIRISC/bin/../lib/gcc/riscv32-MINIRISC-elf/12.2.0/../../../../riscv32-MINIRISC-elf/lib/libc.a(libc_a-strchr.o)
 .text.strchr   0x000000008002c82c      0x140 /opt/gcc_MINIRISC/bin/../lib/gcc/riscv32-MINIRISC-elf/12.2.0/../../../../riscv32-MINIRISC-elf/lib/libc.a(libc_a-strchr.o)
                0x000000008002c82c                strchr
 .text          0x000000008002c96c        0x0 /opt/gcc_MINIRISC/bin/../lib/gcc/riscv32-MINIRISC-elf/12.2.0/../../../../riscv32-MINIRISC-elf/lib/libc.a(libc_a-strlcpy.o)
 .text.strlcpy  0x000000008002c96c       0x44 /opt/gcc_MINIRISC/bin/../lib/gcc/riscv32-MINIRISC-elf/12.2.0/../../../../riscv32-MINIRISC-elf/lib/libc.a(libc_a-strlcpy.o)
                0x000000008002c96c                strlcpy
 .text          0x000000008002c9b0        0x0 /opt/gcc_MINIRISC/bin/../lib/gcc/riscv32-MINIRISC-elf/12.2.0/../../../../riscv32-MINIRISC-elf/lib/libc.a(libc_a-strncasecmp.o)
 .text.strncasecmp
                0x000000008002c9b0       0x7c /opt/gcc_MINIRISC/bin/../lib/gcc/riscv32-MINIRISC-elf/12.2.0/../../../../riscv32-MINIRISC-elf/lib/libc.a(libc_a-strncasecmp.o)
                0x000000008002c9b0                strncasecmp
 .text          0x000000008002ca2c        0x0 /opt/gcc_MINIRISC/bin/../lib/gcc/riscv32-MINIRISC-elf/12.2.0/../../../../riscv32-MINIRISC-elf/lib/libc.a(libc_a-fstatr.o)
 .text._fstat_r
                0x000000008002ca2c       0x58 /opt/gcc_MINIRISC/bin/../lib/gcc/riscv32-MINIRISC-elf/12.2.0/../../../../riscv32-MINIRISC-elf/lib/libc.a(libc_a-fstatr.o)
                0x000000008002ca2c                _fstat_r
 .text          0x000000008002ca84        0x0 /opt/gcc_MINIRISC/bin/../lib/gcc/riscv32-MINIRISC-elf/12.2.0/../../../../riscv32-MINIRISC-elf/lib/libc.a(libc_a-isattyr.o)
 .text._isatty_r
                0x000000008002ca84       0x50 /opt/gcc_MINIRISC/bin/../lib/gcc/riscv32-MINIRISC-elf/12.2.0/../../../../riscv32-MINIRISC-elf/lib/libc.a(libc_a-isattyr.o)
                0x000000008002ca84                _isatty_r
 .text          0x000000008002cad4        0x0 /opt/gcc_MINIRISC/bin/../lib/gcc/riscv32-MINIRISC-elf/12.2.0/../../../../riscv32-MINIRISC-elf/lib/libc.a(libc_a-assert.o)
 .text.__assert_func
                0x000000008002cad4       0x54 /opt/gcc_MINIRISC/bin/../lib/gcc/riscv32-MINIRISC-elf/12.2.0/../../../../riscv32-MINIRISC-elf/lib/libc.a(libc_a-assert.o)
                0x000000008002cad4                __assert_func
 .text.__assert
                0x000000008002cb28       0x14 /opt/gcc_MINIRISC/bin/../lib/gcc/riscv32-MINIRISC-elf/12.2.0/../../../../riscv32-MINIRISC-elf/lib/libc.a(libc_a-assert.o)
                0x000000008002cb28                __assert
 .text          0x000000008002cb3c        0x0 /opt/gcc_MINIRISC/bin/../lib/gcc/riscv32-MINIRISC-elf/12.2.0/../../../../riscv32-MINIRISC-elf/lib/libc.a(libc_a-callocr.o)
 .text._calloc_r
                0x000000008002cb3c       0xe8 /opt/gcc_MINIRISC/bin/../lib/gcc/riscv32-MINIRISC-elf/12.2.0/../../../../riscv32-MINIRISC-elf/lib/libc.a(libc_a-callocr.o)
                0x000000008002cb3c                _calloc_r
 .text          0x000000008002cc24        0x0 /opt/gcc_MINIRISC/bin/../lib/gcc/riscv32-MINIRISC-elf/12.2.0/../../../../riscv32-MINIRISC-elf/lib/libc.a(libc_a-wcsnrtombs.o)
 .text._wcsnrtombs_l
                0x000000008002cc24      0x1b0 /opt/gcc_MINIRISC/bin/../lib/gcc/riscv32-MINIRISC-elf/12.2.0/../../../../riscv32-MINIRISC-elf/lib/libc.a(libc_a-wcsnrtombs.o)
                0x000000008002cc24                _wcsnrtombs_l
 .text._wcsnrtombs_r
                0x000000008002cdd4       0x10 /opt/gcc_MINIRISC/bin/../lib/gcc/riscv32-MINIRISC-elf/12.2.0/../../../../riscv32-MINIRISC-elf/lib/libc.a(libc_a-wcsnrtombs.o)
                0x000000008002cdd4                _wcsnrtombs_r
 .text.wcsnrtombs
                0x000000008002cde4       0x24 /opt/gcc_MINIRISC/bin/../lib/gcc/riscv32-MINIRISC-elf/12.2.0/../../../../riscv32-MINIRISC-elf/lib/libc.a(libc_a-wcsnrtombs.o)
                0x000000008002cde4                wcsnrtombs
 .text          0x000000008002ce08        0x0 /opt/gcc_MINIRISC/bin/../lib/gcc/riscv32-MINIRISC-elf/12.2.0/../../../../riscv32-MINIRISC-elf/lib/libc.a(libc_a-categories.o)
 .text.category
                0x000000008002ce08       0x80 /opt/gcc_MINIRISC/bin/../lib/gcc/riscv32-MINIRISC-elf/12.2.0/../../../../riscv32-MINIRISC-elf/lib/libc.a(libc_a-categories.o)
                0x000000008002ce08                category
 .text          0x000000008002ce88        0x0 /opt/gcc_MINIRISC/bin/../lib/gcc/riscv32-MINIRISC-elf/12.2.0/../../../../riscv32-MINIRISC-elf/lib/libc.a(libc_a-fiprintf.o)
 .text._fiprintf_r
                0x000000008002ce88       0x38 /opt/gcc_MINIRISC/bin/../lib/gcc/riscv32-MINIRISC-elf/12.2.0/../../../../riscv32-MINIRISC-elf/lib/libc.a(libc_a-fiprintf.o)
                0x000000008002ce88                _fiprintf_r
 .text.fiprintf
                0x000000008002cec0       0x48 /opt/gcc_MINIRISC/bin/../lib/gcc/riscv32-MINIRISC-elf/12.2.0/../../../../riscv32-MINIRISC-elf/lib/libc.a(libc_a-fiprintf.o)
                0x000000008002cec0                fiprintf
 .text          0x000000008002cf08        0x0 /opt/gcc_MINIRISC/bin/../lib/gcc/riscv32-MINIRISC-elf/12.2.0/../../../../riscv32-MINIRISC-elf/lib/libc.a(libc_a-abort.o)
 .text.abort    0x000000008002cf08       0x18 /opt/gcc_MINIRISC/bin/../lib/gcc/riscv32-MINIRISC-elf/12.2.0/../../../../riscv32-MINIRISC-elf/lib/libc.a(libc_a-abort.o)
                0x000000008002cf08                abort
 .text          0x000000008002cf20        0x0 /opt/gcc_MINIRISC/bin/../lib/gcc/riscv32-MINIRISC-elf/12.2.0/../../../../riscv32-MINIRISC-elf/lib/libc.a(libc_a-signal.o)
 .text._init_signal_r
                0x000000008002cf20       0x5c /opt/gcc_MINIRISC/bin/../lib/gcc/riscv32-MINIRISC-elf/12.2.0/../../../../riscv32-MINIRISC-elf/lib/libc.a(libc_a-signal.o)
                0x000000008002cf20                _init_signal_r
 .text._signal_r
                0x000000008002cf7c       0x90 /opt/gcc_MINIRISC/bin/../lib/gcc/riscv32-MINIRISC-elf/12.2.0/../../../../riscv32-MINIRISC-elf/lib/libc.a(libc_a-signal.o)
                0x000000008002cf7c                _signal_r
 .text._raise_r
                0x000000008002d00c       0xc4 /opt/gcc_MINIRISC/bin/../lib/gcc/riscv32-MINIRISC-elf/12.2.0/../../../../riscv32-MINIRISC-elf/lib/libc.a(libc_a-signal.o)
                0x000000008002d00c                _raise_r
 .text.__sigtramp_r
                0x000000008002d0d0       0xe0 /opt/gcc_MINIRISC/bin/../lib/gcc/riscv32-MINIRISC-elf/12.2.0/../../../../riscv32-MINIRISC-elf/lib/libc.a(libc_a-signal.o)
                0x000000008002d0d0                __sigtramp_r