Archive member included to satisfy reference by file (symbol)

/opt/gcc_MINIRISC/bin/../lib/gcc/riscv32-MINIRISC-elf/12.2.0/libgcc.a(_clzsi2.o)
                              build/FreeRTOS/tasks.o (__clzsi2)
/opt/gcc_MINIRISC/bin/../lib/gcc/riscv32-MINIRISC-elf/12.2.0/libgcc.a(_udivdi3.o)
                              build/xprintf/xprintf.o (__udivdi3)
/opt/gcc_MINIRISC/bin/../lib/gcc/riscv32-MINIRISC-elf/12.2.0/libgcc.a(_umoddi3.o)
                              build/xprintf/xprintf.o (__umoddi3)
/opt/gcc_MINIRISC/bin/../lib/gcc/riscv32-MINIRISC-elf/12.2.0/libgcc.a(adddf3.o)
                              build/xprintf/xprintf.o (__adddf3)
/opt/gcc_MINIRISC/bin/../lib/gcc/riscv32-MINIRISC-elf/12.2.0/libgcc.a(divdf3.o)
                              build/xprintf/xprintf.o (__divdf3)
/opt/gcc_MINIRISC/bin/../lib/gcc/riscv32-MINIRISC-elf/12.2.0/libgcc.a(eqdf2.o)
                              build/xprintf/xprintf.o (__nedf2)
/opt/gcc_MINIRISC/bin/../lib/gcc/riscv32-MINIRISC-elf/12.2.0/libgcc.a(gedf2.o)
                              build/xprintf/xprintf.o (__gedf2)
/opt/gcc_MINIRISC/bin/../lib/gcc/riscv32-MINIRISC-elf/12.2.0/libgcc.a(ledf2.o)
                              build/xprintf/xprintf.o (__ledf2)
/opt/gcc_MINIRISC/bin/../lib/gcc/riscv32-MINIRISC-elf/12.2.0/libgcc.a(muldf3.o)
                              build/xprintf/xprintf.o (__muldf3)
/opt/gcc_MINIRISC/bin/../lib/gcc/riscv32-MINIRISC-elf/12.2.0/libgcc.a(subdf3.o)
                              build/xprintf/xprintf.o (__subdf3)
/opt/gcc_MINIRISC/bin/../lib/gcc/riscv32-MINIRISC-elf/12.2.0/libgcc.a(unorddf2.o)
                              build/xprintf/xprintf.o (__unorddf2)
/opt/gcc_MINIRISC/bin/../lib/gcc/riscv32-MINIRISC-elf/12.2.0/libgcc.a(fixdfsi.o)
                              build/xprintf/xprintf.o (__fixdfsi)
/opt/gcc_MINIRISC/bin/../lib/gcc/riscv32-MINIRISC-elf/12.2.0/libgcc.a(floatsidf.o)
                              build/xprintf/xprintf.o (__floatsidf)
/opt/gcc_MINIRISC/bin/../lib/gcc/riscv32-MINIRISC-elf/12.2.0/libgcc.a(_clz.o)
                              /opt/gcc_MINIRISC/bin/../lib/gcc/riscv32-MINIRISC-elf/12.2.0/libgcc.a(_clzsi2.o) (__clz_tab)
/opt/gcc_MINIRISC/bin/../lib/gcc/riscv32-MINIRISC-elf/12.2.0/../../../../riscv32-MINIRISC-elf/lib/libc.a(libc_a-atexit.o)
                              /opt/gcc_MINIRISC/bin/../lib/gcc/riscv32-MINIRISC-elf/12.2.0/../../../../riscv32-MINIRISC-elf/lib/crt0.o (atexit)
/opt/gcc_MINIRISC/bin/../lib/gcc/riscv32-MINIRISC-elf/12.2.0/../../../../riscv32-MINIRISC-elf/lib/libc.a(libc_a-exit.o)
                              /opt/gcc_MINIRISC/bin/../lib/gcc/riscv32-MINIRISC-elf/12.2.0/../../../../riscv32-MINIRISC-elf/lib/crt0.o (exit)
/opt/gcc_MINIRISC/bin/../lib/gcc/riscv32-MINIRISC-elf/12.2.0/../../../../riscv32-MINIRISC-elf/lib/libc.a(libc_a-malloc.o)
                              build/FreeRTOS/portable/MemMang/heap_3_nosuspend.o (malloc)
/opt/gcc_MINIRISC/bin/../lib/gcc/riscv32-MINIRISC-elf/12.2.0/../../../../riscv32-MINIRISC-elf/lib/libc.a(libc_a-mallocr.o)
                              /opt/gcc_MINIRISC/bin/../lib/gcc/riscv32-MINIRISC-elf/12.2.0/../../../../riscv32-MINIRISC-elf/lib/libc.a(libc_a-malloc.o) (_malloc_r)
/opt/gcc_MINIRISC/bin/../lib/gcc/riscv32-MINIRISC-elf/12.2.0/../../../../riscv32-MINIRISC-elf/lib/libc.a(libc_a-findfp.o)
                              build/FreeRTOS/tasks.o (__sf)
/opt/gcc_MINIRISC/bin/../lib/gcc/riscv32-MINIRISC-elf/12.2.0/../../../../riscv32-MINIRISC-elf/lib/libc.a(libc_a-fwalk.o)
                              /opt/gcc_MINIRISC/bin/../lib/gcc/riscv32-MINIRISC-elf/12.2.0/../../../../riscv32-MINIRISC-elf/lib/libc.a(libc_a-findfp.o) (_fwalk_sglue)
/opt/gcc_MINIRISC/bin/../lib/gcc/riscv32-MINIRISC-elf/12.2.0/../../../../riscv32-MINIRISC-elf/lib/libc.a(libc_a-sprintf.o)
                              build/FreeRTOS/tasks.o (sprintf)
/opt/gcc_MINIRISC/bin/../lib/gcc/riscv32-MINIRISC-elf/12.2.0/../../../../riscv32-MINIRISC-elf/lib/libc.a(libc_a-stdio.o)
                              /opt/gcc_MINIRISC/bin/../lib/gcc/riscv32-MINIRISC-elf/12.2.0/../../../../riscv32-MINIRISC-elf/lib/libc.a(libc_a-findfp.o) (__sread)
/opt/gcc_MINIRISC/bin/../lib/gcc/riscv32-MINIRISC-elf/12.2.0/../../../../riscv32-MINIRISC-elf/lib/libc.a(libc_a-closer.o)
                              /opt/gcc_MINIRISC/bin/../lib/gcc/riscv32-MINIRISC-elf/12.2.0/../../../../riscv32-MINIRISC-elf/lib/libc.a(libc_a-stdio.o) (_close_r)
/opt/gcc_MINIRISC/bin/../lib/gcc/riscv32-MINIRISC-elf/12.2.0/../../../../riscv32-MINIRISC-elf/lib/libc.a(libc_a-reent.o)
                              build/FreeRTOS/tasks.o (_reclaim_reent)
/opt/gcc_MINIRISC/bin/../lib/gcc/riscv32-MINIRISC-elf/12.2.0/../../../../riscv32-MINIRISC-elf/lib/libc.a(libc_a-impure.o)
                              build/FreeRTOS/tasks.o (_impure_ptr)
/opt/gcc_MINIRISC/bin/../lib/gcc/riscv32-MINIRISC-elf/12.2.0/../../../../riscv32-MINIRISC-elf/lib/libc.a(libc_a-lseekr.o)
[...]
Memory Configuration

Name             Origin             Length             Attributes
RAM              0x0000000080000000 0x0000000002000000 xrw
ERAM             0x0000000020000000 0x0000000002000000 xrw
*default*        0x0000000000000000 0xffffffffffffffff

Linker script and memory map

LOAD /opt/gcc_MINIRISC/bin/../lib/gcc/riscv32-MINIRISC-elf/12.2.0/../../../../riscv32-MINIRISC-elf/lib/crt0.o
LOAD /opt/gcc_MINIRISC/bin/../lib/gcc/riscv32-MINIRISC-elf/12.2.0/crtbegin.o
LOAD build/minirisc/minirisc.o
LOAD build/xprintf/xprintf.o
LOAD build/FreeRTOS/tasks.o
LOAD build/FreeRTOS/timers.o
LOAD build/FreeRTOS/list.o
LOAD build/FreeRTOS/queue.o
LOAD build/FreeRTOS/croutine.o
LOAD build/FreeRTOS/stream_buffer.o
LOAD build/FreeRTOS/event_groups.o
LOAD build/FreeRTOS/portable/MemMang/heap_3_nosuspend.o
LOAD build/FreeRTOS/portable/GCC/Mini-RISC/port.o
LOAD build/support/syscalls.o
LOAD build/support/freertos_support.o
LOAD build/support/uart.o
LOAD build/dinoGame.o
LOAD build/minirisc/minirisc_init.o
LOAD build/FreeRTOS/portable/GCC/Mini-RISC/portASM.o
                [!provide]                        PROVIDE (__executable_start = SEGMENT_START ("text-segment", 0x10000))
                0x0000000000010074                . = (SEGMENT_START ("text-segment", 0x10000) + SIZEOF_HEADERS)

.interp
 *(.interp)

.note.gnu.build-id
 *(.note.gnu.build-id)

.hash
 *(.hash)

.gnu.hash
 *(.gnu.hash)

.dynsym
 *(.dynsym)

.dynstr
 *(.dynstr)

.gnu.version
 *(.gnu.version)

.gnu.version_d
 *(.gnu.version_d)

.gnu.version_r
 *(.gnu.version_r)

.rela.dyn       0x0000000080000000        0x0
 *(.rela.init)
 *(.rela.text .rela.text.* .rela.gnu.linkonce.t.*)
 .rela.text     0x0000000080000000        0x0 /opt/gcc_MINIRISC/bin/../lib/gcc/riscv32-MINIRISC-elf/12.2.0/../../../../riscv32-MINIRISC-elf/lib/crt0.o
 .rela.text.__libc_init_array
                0x0000000080000000        0x0 /opt/gcc_MINIRISC/bin/../lib/gcc/riscv32-MINIRISC-elf/12.2.0/../../../../riscv32-MINIRISC-elf/lib/crt0.o
 .rela.text.__libc_fini_array
                0x0000000080000000        0x0 /opt/gcc_MINIRISC/bin/../lib/gcc/riscv32-MINIRISC-elf/12.2.0/../../../../riscv32-MINIRISC-elf/lib/crt0.o
 .rela.text.startup.register_fini
                0x0000000080000000        0x0 /opt/gcc_MINIRISC/bin/../lib/gcc/riscv32-MINIRISC-elf/12.2.0/../../../../riscv32-MINIRISC-elf/lib/crt0.o
 *(.rela.fini)
 *(.rela.rodata .rela.rodata.* .rela.gnu.linkonce.r.*)
 *(.rela.data .rela.data.* .rela.gnu.linkonce.d.*)
 *(.rela.tdata .rela.tdata.* .rela.gnu.linkonce.td.*)
 *(.rela.tbss .rela.tbss.* .rela.gnu.linkonce.tb.*)
 *(.rela.ctors)
 *(.rela.dtors)
 *(.rela.got)
 *(.rela.sdata .rela.sdata.* .rela.gnu.linkonce.s.*)
 *(.rela.sbss .rela.sbss.* .rela.gnu.linkonce.sb.*)
 *(.rela.sdata2 .rela.sdata2.* .rela.gnu.linkonce.s2.*)
 *(.rela.sbss2 .rela.sbss2.* .rela.gnu.linkonce.sb2.*)
 *(.rela.bss .rela.bss.* .rela.gnu.linkonce.b.*)
 *(.rela.ifunc)
 .rela.srodata  0x0000000080000000        0x0 /opt/gcc_MINIRISC/bin/../lib/gcc/riscv32-MINIRISC-elf/12.2.0/../../../../riscv32-MINIRISC-elf/lib/crt0.o
 .rela.minirisc_init
                0x0000000080000000        0x0 /opt/gcc_MINIRISC/bin/../lib/gcc/riscv32-MINIRISC-elf/12.2.0/../../../../riscv32-MINIRISC-elf/lib/crt0.o

.rela.plt       0x0000000000010074        0x0
 *(.rela.plt)
                [!provide]                        PROVIDE (__rela_iplt_start = .)
 *(.rela.iplt)
                [!provide]                        PROVIDE (__rela_iplt_end = .)

.eram
 *(.eram)
 *(.eram.*)
                0x0000000081fffff0                PROVIDE (__stack_top = ((ORIGIN (RAM) + LENGTH (RAM)) - 0x10))
                0x0000000081fffff0                PROVIDE (__freertos_irq_stack_top = __stack_top)

.minirisc_init  0x0000000080000000       0x2c
                0x0000000080000000                . = ALIGN (0x4)
 *(.minirisc_init)
 .minirisc_init
                0x0000000080000000       0x2c build/minirisc/minirisc_init.o
                0x0000000080000000                _minirisc_init
                0x000000008000002c                . = ALIGN (0x4)

.init
 *(SORT_NONE(.init))

.plt
 *(.plt)
 *(.iplt)

.minirisc_irq_handlers
                0x0000000080000030      0xc94
                0x0000000080000030                . = ALIGN (0x4)
 *(.minirisc_irq_handlers)
 .minirisc_irq_handlers
                0x0000000080000030      0x6f8 build/minirisc/minirisc.o
                0x0000000080000030                environment_call_exception_handler
                0x00000000800000cc                environment_break_exception_handler
                0x0000000080000168                default_exception_handler
                0x0000000080000210                instruction_address_misaligned_exception_handler
                0x00000000800002b4                instruction_access_fault_exception_handler
                0x0000000080000354                illegal_instruction_exception_handler
                0x00000000800003f8                load_address_misaligned_exception_handler
                0x000000008000049c                store_address_misaligned_exception_handler
                0x0000000080000540                load_access_fault_exception_handler
                0x00000000800005e4                store_access_fault_exception_handler
                0x0000000080000688                default_interrupt_handler
                0x0000000080000688                mouse_interrupt_handler
                0x0000000080000688                nic_rx_interrupt_handler
                0x0000000080000688                blkdev_interrupt_handler
                0x0000000080000688                audio_interrupt_handler
                0x0000000080000688                nic_tx_interrupt_handler
 .minirisc_irq_handlers
                0x0000000080000728       0xa4 build/FreeRTOS/portable/GCC/Mini-RISC/port.o
                0x0000000080000728                timer_interrupt_handler
 .minirisc_irq_handlers
                0x00000000800007cc      0x190 build/support/uart.o
                0x00000000800007cc                uart_rx_interrupt_handler
                0x00000000800008a0                uart_tx_interrupt_handler
 .minirisc_irq_handlers
                0x000000008000095c      0x1ac build/dinoGame.o
                0x000000008000095c                keyboard_interrupt_handler
                0x0000000080000a54                video_interrupt_handler
 *fill*         0x0000000080000b08        0x8 
 .minirisc_irq_handlers
                0x0000000080000b10       0x80 build/minirisc/minirisc_init.o
 .minirisc_irq_handlers
                0x0000000080000b90      0x134 build/FreeRTOS/portable/GCC/Mini-RISC/portASM.o
                0x0000000080000b90                swi_interrupt_handler
                0x0000000080000cc4                . = ALIGN (0x4)

.text           0x0000000080000cc4    0x246e0
 *(.text.unlikely .text.*_unlikely .text.unlikely.*)
 *(.text.exit .text.exit.*)
 .text.exit     0x0000000080000cc4       0x2c /opt/gcc_MINIRISC/bin/../lib/gcc/riscv32-MINIRISC-elf/12.2.0/../../../../riscv32-MINIRISC-elf/lib/libc.a(libc_a-exit.o)
                0x0000000080000cc4                exit
 *(.text.startup .text.startup.*)
 .text.startup.register_fini
                0x0000000080000cf0       0x18 /opt/gcc_MINIRISC/bin/../lib/gcc/riscv32-MINIRISC-elf/12.2.0/../../../../riscv32-MINIRISC-elf/lib/libc.a(libc_a-__call_atexit.o)
 *(.text.hot .text.hot.*)
 *(SORT_BY_NAME(.text.sorted.*))
 *(.text .stub .text.* .gnu.linkonce.t.*)
 .text          0x0000000080000d08       0x44 /opt/gcc_MINIRISC/bin/../lib/gcc/riscv32-MINIRISC-elf/12.2.0/../../../../riscv32-MINIRISC-elf/lib/crt0.o
                0x0000000080000d08                _start
 .text          0x0000000080000d4c       0x68 /opt/gcc_MINIRISC/bin/../lib/gcc/riscv32-MINIRISC-elf/12.2.0/crtbegin.o
 .text          0x0000000080000db4       0x70 build/minirisc/minirisc.o
                0x0000000080000db4                minirisc_halt
                0x0000000080000dc8                minirisc_enable_global_interrupts
                0x0000000080000dd0                minirisc_disable_global_interrupts
                0x0000000080000dd8                minirisc_wait_for_interrupt
                0x0000000080000de0                minirisc_enable_interrupt
                0x0000000080000de8                minirisc_disable_interrupt
                0x0000000080000df0                minirisc_get_pending_interrupts
                0x0000000080000df8                minirisc_raise_software_interrupt
                0x0000000080000e04                minirisc_clear_software_interrupt
                0x0000000080000e10                minirisc_nb_instruction_retired
 .text          0x0000000080000e24      0xd30 build/xprintf/xprintf.o
                0x00000000800013f0                xfputc
                0x0000000080001430                xputc
                0x0000000080001a18                xfputs
                0x0000000080001a5c                xputs
                0x0000000080001a80                xprintf
                0x0000000080001ac8                xfprintf
                0x0000000080001b00                xsprintf
 .text          0x0000000080001b54     0x31e0 build/FreeRTOS/tasks.o
                0x0000000080002248                xTaskCreateStatic
                0x0000000080002330                xTaskCreate
                0x0000000080002414                vTaskDelete
                0x0000000080002544                eTaskGetState
                0x0000000080002614                uxTaskPriorityGet
                0x0000000080002644                uxTaskPriorityGetFromISR
                0x0000000080002658                vTaskPrioritySet
                0x0000000080002810                vTaskResume
                0x0000000080002914                xTaskResumeFromISR
                0x0000000080002a24                vTaskStartScheduler
                0x0000000080002ad4                vTaskEndScheduler
                0x0000000080002af4                vTaskSuspendAll
                0x0000000080002b04                xTaskGetTickCount
                0x0000000080002b0c                xTaskGetTickCountFromISR
                0x0000000080002b14                uxTaskGetNumberOfTasks
                0x0000000080002b1c                pcTaskGetName
                0x0000000080002b38                xTaskIncrementTick
                0x0000000080002d4c                xTaskResumeAll
                0x0000000080002f54                xTaskDelayUntil
                0x0000000080003020                vTaskDelay
                0x0000000080003080                xTaskCatchUpTicks
                0x00000000800030e0                vTaskSwitchContext
                0x0000000080003260                vTaskSuspend
                0x00000000800033c8                vTaskPlaceOnEventList
                0x000000008000340c                vTaskPlaceOnUnorderedEventList
                0x00000000800034a0                vTaskPlaceOnEventListRestricted
                0x000000008000351c                xTaskRemoveFromEventList
                0x0000000080003688                vTaskRemoveFromUnorderedEventList
                0x00000000800037c0                vTaskSetTimeOutState
                0x0000000080003804                vTaskInternalSetTimeOutState
                0x0000000080003818                xTaskCheckForTimeOut
                0x00000000800038e0                vTaskMissedYield
                0x00000000800038ec                uxTaskGetTaskNumber
                0x0000000080003900                vTaskSetTaskNumber
                0x000000008000390c                vTaskGetInfo
                0x0000000080003ae4                uxTaskGetSystemState
                0x0000000080003c18                vTaskGetStackPointer
                0x0000000080003c60                vTaskColorFreeStack
                0x0000000080003cf0                uxTaskGetStackHighWaterMark
                0x0000000080003d18                xTaskGetCurrentTaskHandle
                0x0000000080003d20                xTaskGetSchedulerState
                0x0000000080003d48                xTaskPriorityInherit
                0x0000000080003ea8                xTaskPriorityDisinherit
                0x0000000080003fd8                vTaskPriorityDisinheritAfterTimeout
                0x0000000080004120                vTaskList
                0x000000008000424c                vTaskGetRunTimeStats
                0x0000000080004430                uxTaskResetEventItemValue
                0x0000000080004454                pvTaskIncrementMutexHeldCount
                0x0000000080004474                ulTaskGenericNotifyTake
                0x0000000080004588                xTaskGenericNotifyWait
                0x00000000800046e4                xTaskGenericNotify
                0x00000000800048e4                xTaskGenericNotifyFromISR
                0x0000000080004b0c                vTaskGenericNotifyGiveFromISR
                0x0000000080004c88                xTaskGenericNotifyStateClear
                0x0000000080004ce8                ulTaskGenericNotifyValueClear
 .text          0x0000000080004d34      0x94c build/FreeRTOS/timers.o
                0x00000000800052d4                xTimerCreateTimerTask
                0x0000000080005348                xTimerCreate
                0x00000000800053d4                xTimerCreateStatic
                0x0000000080005430                xTimerGenericCommand
                0x00000000800054d4                xTimerGetTimerDaemonTaskHandle
                0x00000000800054e8                xTimerGetPeriod
                0x00000000800054fc                vTimerSetReloadMode
                0x0000000080005548                xTimerGetReloadMode
                0x000000008000558c                uxTimerGetReloadMode
                0x00000000800055a4                xTimerGetExpiryTime
                0x00000000800055b8                pcTimerGetName
                0x00000000800055cc                xTimerIsTimerActive
                0x0000000080005610                pvTimerGetTimerID
                0x0000000080005640                vTimerSetTimerID
                0x0000000080005670                uxTimerGetTimerNumber
                0x0000000080005678                vTimerSetTimerNumber
 .text          0x0000000080005680       0xe8 build/FreeRTOS/list.o
                0x0000000080005680                vListInitialise
                0x00000000800056a0                vListInitialiseItem
                0x00000000800056a8                vListInsertEnd
                0x00000000800056d4                vListInsert
                0x0000000080005724                uxListRemove
 .text          0x0000000080005768     0x1938 build/FreeRTOS/queue.o
                0x0000000080005b20                xQueueGenericReset
                0x0000000080005c6c                xQueueGenericCreateStatic
                0x0000000080005ce4                xQueueGenericCreate
                0x0000000080005d8c                xQueueCreateCountingSemaphoreStatic
                0x0000000080005de0                xQueueCreateCountingSemaphore
                0x0000000080005e2c                xQueueGenericSend
                0x00000000800060b0                xQueueCreateMutex
                0x00000000800060e8                xQueueCreateMutexStatic
                0x0000000080006128                xQueueGiveMutexRecursive
                0x00000000800061a0                xQueueGenericSendFromISR
                0x0000000080006324                xQueueGiveFromISR
                0x0000000080006468                xQueueReceive
                0x0000000080006660                xQueueSemaphoreTake
                0x00000000800068e0                xQueueTakeMutexRecursive
                0x000000008000695c                xQueuePeek
                0x0000000080006b4c                xQueueReceiveFromISR
                0x0000000080006c50                xQueuePeekFromISR
                0x0000000080006ccc                uxQueueMessagesWaiting
                0x0000000080006cfc                uxQueueSpacesAvailable
                0x0000000080006d34                uxQueueMessagesWaitingFromISR
                0x0000000080006d48                uxQueueGetQueueNumber
                0x0000000080006d50                vQueueSetQueueNumber
                0x0000000080006d58                ucQueueGetQueueType
                0x0000000080006d60                xQueueIsQueueEmptyFromISR
                0x0000000080006d84                xQueueIsQueueFullFromISR
                0x0000000080006dac                vQueueAddToRegistry
                0x0000000080006e2c                pcQueueGetName
                0x0000000080006e78                vQueueUnregisterQueue
                0x0000000080006ec4                vQueueDelete
                0x0000000080006f08                vQueueWaitForMessageRestricted
                0x0000000080006f98                xQueueCreateSet
                0x0000000080006fb8                xQueueAddToSet
                0x0000000080007000                xQueueRemoveFromSet
                0x0000000080007050                xQueueSelectFromSet
                0x0000000080007078                xQueueSelectFromSetFromISR
 .text          0x00000000800070a0        0x0 build/FreeRTOS/croutine.o
 .text          0x00000000800070a0      0xd20 build/FreeRTOS/stream_buffer.o
                0x0000000080007408                xStreamBufferGenericCreate
                0x00000000800074e0                xStreamBufferGenericCreateStatic
                0x000000008000758c                vStreamBufferDelete
                0x00000000800075cc                xStreamBufferReset
                0x0000000080007668                xStreamBufferSetTriggerLevel
                0x0000000080007698                xStreamBufferSpacesAvailable
                0x00000000800076d4                xStreamBufferBytesAvailable
                0x00000000800076f8                xStreamBufferSend
                0x00000000800078c4                xStreamBufferSendFromISR
                0x00000000800079a8                xStreamBufferReceive
                0x0000000080007b20                xStreamBufferNextMessageLengthBytes
                0x0000000080007b90                xStreamBufferReceiveFromISR
                0x0000000080007c68                xStreamBufferIsEmpty
                0x0000000080007c90                xStreamBufferIsFull
                0x0000000080007ce4                xStreamBufferSendCompletedFromISR
                0x0000000080007d44                xStreamBufferReceiveCompletedFromISR
                0x0000000080007da4                uxStreamBufferGetStreamBufferNumber
                0x0000000080007dac                vStreamBufferSetStreamBufferNumber
                0x0000000080007db4                ucStreamBufferGetStreamBufferType
 .text          0x0000000080007dc0      0x5bc build/FreeRTOS/event_groups.o
                0x0000000080007df4                xEventGroupCreateStatic
                0x0000000080007e50                xEventGroupCreate
                0x0000000080007e90                xEventGroupWaitBits
                0x0000000080008018                xEventGroupClearBits
                0x0000000080008070                xEventGroupGetBitsFromISR
                0x0000000080008078                xEventGroupSetBits
                0x0000000080008170                xEventGroupSync
                0x00000000800082c0                vEventGroupDelete
                0x0000000080008330                vEventGroupSetBitsCallback
                0x0000000080008348                vEventGroupClearBitsCallback
                0x0000000080008360                uxEventGroupGetNumber
                0x0000000080008374                vEventGroupSetNumber
 .text          0x000000008000837c       0xd0 build/FreeRTOS/portable/MemMang/heap_3_nosuspend.o
                0x000000008000837c                pvPortMalloc
                0x00000000800083b0                vPortFree
                0x00000000800083d0                init_malloc_mutex
                0x00000000800083f4                __malloc_lock
                0x0000000080008430                __malloc_unlock
 .text          0x000000008000844c      0x100 build/FreeRTOS/portable/GCC/Mini-RISC/port.o
                0x00000000800084b8                vPortSetupTimerInterrupt
                0x00000000800084f4                xPortStartScheduler
                0x000000008000852c                vPortEndScheduler
                0x0000000080008530                pxPortInitialiseStack
 .text          0x000000008000854c      0x2d0 build/support/syscalls.o
                0x000000008000854c                _exit
                0x0000000080008560                _sbrk
                0x00000000800085bc                _write
                0x00000000800085fc                _read
                0x0000000080008634                _gettimeofday
                0x0000000080008658                _open
                0x000000008000867c                _close
                0x00000000800086b0                _isatty
                0x00000000800086e4                _fstat
                0x000000008000878c                _stat
                0x00000000800087b0                _lseek
                0x00000000800087d4                _unlink
                0x00000000800087f8                _link
 .text          0x000000008000881c       0xf8 build/support/freertos_support.o
                0x000000008000881c                vApplicationGetIdleTaskMemory
                0x0000000080008838                vApplicationGetTimerTaskMemory
                0x0000000080008858                configure_timer_for_run_time_stats
                0x000000008000885c                get_run_time_counter_value
                0x000000008000886c                vApplicationStackOverflowHook
                0x00000000800088a4                vApplicationMallocFailedHook
                0x00000000800088cc                vApplicationIdleHook
                0x00000000800088e4                usleep
 .text          0x0000000080008914      0x224 build/support/uart.o
                0x00000000800089ac                uart_read
                0x0000000080008a40                uart_write
                0x0000000080008adc                init_uart
 .text          0x0000000080008b38      0x1fc build/dinoGame.o
                0x0000000080008b38                printScreen
                0x0000000080008bf4                init_video
                0x0000000080008c48                init_variables
                0x0000000080008cd0                main
 .text          0x0000000080008d34        0x0 build/minirisc/minirisc_init.o
 .text          0x0000000080008d34       0x9c build/FreeRTOS/portable/GCC/Mini-RISC/portASM.o
                0x0000000080008d34                xPortStartFirstTask
 .text          0x0000000080008dd0       0x88 /opt/gcc_MINIRISC/bin/../lib/gcc/riscv32-MINIRISC-elf/12.2.0/libgcc.a(_clzsi2.o)
                0x0000000080008dd0                __clzsi2
 .text          0x0000000080008e58      0x4b8 /opt/gcc_MINIRISC/bin/../lib/gcc/riscv32-MINIRISC-elf/12.2.0/libgcc.a(_udivdi3.o)
                0x0000000080008e58                __udivdi3
 .text          0x0000000080009310      0x478 /opt/gcc_MINIRISC/bin/../lib/gcc/riscv32-MINIRISC-elf/12.2.0/libgcc.a(_umoddi3.o)
                0x0000000080009310                __umoddi3
 .text          0x0000000080009788      0x8c8 /opt/gcc_MINIRISC/bin/../lib/gcc/riscv32-MINIRISC-elf/12.2.0/libgcc.a(adddf3.o)
                0x0000000080009788                __adddf3
 .text          0x000000008000a050      0x784 /opt/gcc_MINIRISC/bin/../lib/gcc/riscv32-MINIRISC-elf/12.2.0/libgcc.a(divdf3.o)
                0x000000008000a050                __divdf3
 .text          0x000000008000a7d4       0x8c /opt/gcc_MINIRISC/bin/../lib/gcc/riscv32-MINIRISC-elf/12.2.0/libgcc.a(eqdf2.o)
                0x000000008000a7d4                __eqdf2
                0x000000008000a7d4                __nedf2
 .text          0x000000008000a860      0x104 /opt/gcc_MINIRISC/bin/../lib/gcc/riscv32-MINIRISC-elf/12.2.0/libgcc.a(gedf2.o)
                0x000000008000a860                __gtdf2
                0x000000008000a860                __gedf2
 .text          0x000000008000a964      0x100 /opt/gcc_MINIRISC/bin/../lib/gcc/riscv32-MINIRISC-elf/12.2.0/libgcc.a(ledf2.o)
                0x000000008000a964                __ltdf2
                0x000000008000a964                __ledf2
 .text          0x000000008000aa64      0x724 /opt/gcc_MINIRISC/bin/../lib/gcc/riscv32-MINIRISC-elf/12.2.0/libgcc.a(muldf3.o)
                0x000000008000aa64                __muldf3
 .text          0x000000008000b188      0x914 /opt/gcc_MINIRISC/bin/../lib/gcc/riscv32-MINIRISC-elf/12.2.0/libgcc.a(subdf3.o)
                0x000000008000b188                __subdf3
 .text          0x000000008000ba9c       0x54 /opt/gcc_MINIRISC/bin/../lib/gcc/riscv32-MINIRISC-elf/12.2.0/libgcc.a(unorddf2.o)
                0x000000008000ba9c                __unorddf2
 .text          0x000000008000baf0       0x84 /opt/gcc_MINIRISC/bin/../lib/gcc/riscv32-MINIRISC-elf/12.2.0/libgcc.a(fixdfsi.o)
                0x000000008000baf0                __fixdfsi
 .text          0x000000008000bb74       0xb8 /opt/gcc_MINIRISC/bin/../lib/gcc/riscv32-MINIRISC-elf/12.2.0/libgcc.a(floatsidf.o)
                0x000000008000bb74                __floatsidf
 .text          0x000000008000bc2c        0x0 /opt/gcc_MINIRISC/bin/../lib/gcc/riscv32-MINIRISC-elf/12.2.0/libgcc.a(_clz.o)
 .text          0x000000008000bc2c        0x0 /opt/gcc_MINIRISC/bin/../lib/gcc/riscv32-MINIRISC-elf/12.2.0/../../../../riscv32-MINIRISC-elf/lib/libc.a(libc_a-atexit.o)
 .text.atexit   0x000000008000bc2c       0x14 /opt/gcc_MINIRISC/bin/../lib/gcc/riscv32-MINIRISC-elf/12.2.0/../../../../riscv32-MINIRISC-elf/lib/libc.a(libc_a-atexit.o)
                0x000000008000bc2c                atexit
 .text          0x000000008000bc40        0x0 /opt/gcc_MINIRISC/bin/../lib/gcc/riscv32-MINIRISC-elf/12.2.0/../../../../riscv32-MINIRISC-elf/lib/libc.a(libc_a-exit.o)
 .text          0x000000008000bc40        0x0 /opt/gcc_MINIRISC/bin/../lib/gcc/riscv32-MINIRISC-elf/12.2.0/../../../../riscv32-MINIRISC-elf/lib/libc.a(libc_a-malloc.o)
 .text.malloc   0x000000008000bc40        0xc /opt/gcc_MINIRISC/bin/../lib/gcc/riscv32-MINIRISC-elf/12.2.0/../../../../riscv32-MINIRISC-elf/lib/libc.a(libc_a-malloc.o)
                0x000000008000bc40                malloc
 .text.free     0x000000008000bc4c        0xc /opt/gcc_MINIRISC/bin/../lib/gcc/riscv32-MINIRISC-elf/12.2.0/../../../../riscv32-MINIRISC-elf/lib/libc.a(libc_a-malloc.o)
                0x000000008000bc4c                free
 .text          0x000000008000bc58        0x0 /opt/gcc_MINIRISC/bin/../lib/gcc/riscv32-MINIRISC-elf/12.2.0/../../../../riscv32-MINIRISC-elf/lib/libc.a(libc_a-mallocr.o)
 .text._malloc_r
                0x000000008000bc58      0x794 /opt/gcc_MINIRISC/bin/../lib/gcc/riscv32-MINIRISC-elf/12.2.0/../../../../riscv32-MINIRISC-elf/lib/libc.a(libc_a-mallocr.o)
                0x000000008000bc58                _malloc_r
 .text          0x000000008000c3ec        0x0 /opt/gcc_MINIRISC/bin/../lib/gcc/riscv32-MINIRISC-elf/12.2.0/../../../../riscv32-MINIRISC-elf/lib/libc.a(libc_a-findfp.o)
 .text.__fp_lock
                0x000000008000c3ec        0x8 /opt/gcc_MINIRISC/bin/../lib/gcc/riscv32-MINIRISC-elf/12.2.0/../../../../riscv32-MINIRISC-elf/lib/libc.a(libc_a-findfp.o)
 .text.stdio_exit_handler
                0x000000008000c3f4       0x1c /opt/gcc_MINIRISC/bin/../lib/gcc/riscv32-MINIRISC-elf/12.2.0/../../../../riscv32-MINIRISC-elf/lib/libc.a(libc_a-findfp.o)
 .text.cleanup_stdio
                0x000000008000c410       0x70 /opt/gcc_MINIRISC/bin/../lib/gcc/riscv32-MINIRISC-elf/12.2.0/../../../../riscv32-MINIRISC-elf/lib/libc.a(libc_a-findfp.o)
 .text.__fp_unlock
                0x000000008000c480        0x8 /opt/gcc_MINIRISC/bin/../lib/gcc/riscv32-MINIRISC-elf/12.2.0/../../../../riscv32-MINIRISC-elf/lib/libc.a(libc_a-findfp.o)
 .text.global_stdio_init.part.0
                0x000000008000c488      0x16c /opt/gcc_MINIRISC/bin/../lib/gcc/riscv32-MINIRISC-elf/12.2.0/../../../../riscv32-MINIRISC-elf/lib/libc.a(libc_a-findfp.o)
 .text.__sfp    0x000000008000c5f4      0x128 /opt/gcc_MINIRISC/bin/../lib/gcc/riscv32-MINIRISC-elf/12.2.0/../../../../riscv32-MINIRISC-elf/lib/libc.a(libc_a-findfp.o)
                0x000000008000c5f4                __sfp
 .text.__sinit  0x000000008000c71c       0x24 /opt/gcc_MINIRISC/bin/../lib/gcc/riscv32-MINIRISC-elf/12.2.0/../../../../riscv32-MINIRISC-elf/lib/libc.a(libc_a-findfp.o)
                0x000000008000c71c                __sinit
 .text.__sfp_lock_acquire
                0x000000008000c740        0x4 /opt/gcc_MINIRISC/bin/../lib/gcc/riscv32-MINIRISC-elf/12.2.0/../../../../riscv32-MINIRISC-elf/lib/libc.a(libc_a-findfp.o)
                0x000000008000c740                __sfp_lock_acquire
 .text.__sfp_lock_release
                0x000000008000c744        0x4 /opt/gcc_MINIRISC/bin/../lib/gcc/riscv32-MINIRISC-elf/12.2.0/../../../../riscv32-MINIRISC-elf/lib/libc.a(libc_a-findfp.o)
                0x000000008000c744                __sfp_lock_release
 .text.__fp_lock_all
                0x000000008000c748       0x18 /opt/gcc_MINIRISC/bin/../lib/gcc/riscv32-MINIRISC-elf/12.2.0/../../../../riscv32-MINIRISC-elf/lib/libc.a(libc_a-findfp.o)
                0x000000008000c748                __fp_lock_all
 .text.__fp_unlock_all
                0x000000008000c760       0x18 /opt/gcc_MINIRISC/bin/../lib/gcc/riscv32-MINIRISC-elf/12.2.0/../../../../riscv32-MINIRISC-elf/lib/libc.a(libc_a-findfp.o)
                0x000000008000c760                __fp_unlock_all
 .text          0x000000008000c778        0x0 /opt/gcc_MINIRISC/bin/../lib/gcc/riscv32-MINIRISC-elf/12.2.0/../../../../riscv32-MINIRISC-elf/lib/libc.a(libc_a-fwalk.o)
 .text._fwalk_sglue
                0x000000008000c778       0xb4 /opt/gcc_MINIRISC/bin/../lib/gcc/riscv32-MINIRISC-elf/12.2.0/../../../../riscv32-MINIRISC-elf/lib/libc.a(libc_a-fwalk.o)
                0x000000008000c778                _fwalk_sglue
 .text          0x000000008000c82c        0x0 /opt/gcc_MINIRISC/bin/../lib/gcc/riscv32-MINIRISC-elf/12.2.0/../../../../riscv32-MINIRISC-elf/lib/libc.a(libc_a-sprintf.o)
 .text._sprintf_r
                0x000000008000c82c       0x6c /opt/gcc_MINIRISC/bin/../lib/gcc/riscv32-MINIRISC-elf/12.2.0/../../../../riscv32-MINIRISC-elf/lib/libc.a(libc_a-sprintf.o)
                0x000000008000c82c                _sprintf_r
 .text.sprintf  0x000000008000c898       0x78 /opt/gcc_MINIRISC/bin/../lib/gcc/riscv32-MINIRISC-elf/12.2.0/../../../../riscv32-MINIRISC-elf/lib/libc.a(libc_a-sprintf.o)
                0x000000008000c898                sprintf
 .text          0x000000008000c910        0x0 /opt/gcc_MINIRISC/bin/../lib/gcc/riscv32-MINIRISC-elf/12.2.0/../../../../riscv32-MINIRISC-elf/lib/libc.a(libc_a-stdio.o)
 .text.__sread  0x000000008000c910       0x5c /opt/gcc_MINIRISC/bin/../lib/gcc/riscv32-MINIRISC-elf/12.2.0/../../../../riscv32-MINIRISC-elf/lib/libc.a(libc_a-stdio.o)
                0x000000008000c910                __sread
 .text.__seofread
                0x000000008000c96c        0x8 /opt/gcc_MINIRISC/bin/../lib/gcc/riscv32-MINIRISC-elf/12.2.0/../../../../riscv32-MINIRISC-elf/lib/libc.a(libc_a-stdio.o)
                0x000000008000c96c                __seofread
 .text.__swrite
                0x000000008000c974       0x88 /opt/gcc_MINIRISC/bin/../lib/gcc/riscv32-MINIRISC-elf/12.2.0/../../../../riscv32-MINIRISC-elf/lib/libc.a(libc_a-stdio.o)
                0x000000008000c974                __swrite
 .text.__sseek  0x000000008000c9fc       0x78 /opt/gcc_MINIRISC/bin/../lib/gcc/riscv32-MINIRISC-elf/12.2.0/../../../../riscv32-MINIRISC-elf/lib/libc.a(libc_a-stdio.o)
                0x000000008000c9fc                __sseek
 .text.__sclose
                0x000000008000ca74        0x8 /opt/gcc_MINIRISC/bin/../lib/gcc/riscv32-MINIRISC-elf/12.2.0/../../../../riscv32-MINIRISC-elf/lib/libc.a(libc_a-stdio.o)
                0x000000008000ca74                __sclose
 .text          0x000000008000ca7c        0x0 /opt/gcc_MINIRISC/bin/../lib/gcc/riscv32-MINIRISC-elf/12.2.0/../../../../riscv32-MINIRISC-elf/lib/libc.a(libc_a-closer.o)
 .text._close_r
                0x000000008000ca7c       0x50 /opt/gcc_MINIRISC/bin/../lib/gcc/riscv32-MINIRISC-elf/12.2.0/../../../../riscv32-MINIRISC-elf/lib/libc.a(libc_a-closer.o)
                0x000000008000ca7c                _close_r
 .text          0x000000008000cacc        0x0 /opt/gcc_MINIRISC/bin/../lib/gcc/riscv32-MINIRISC-elf/12.2.0/../../../../riscv32-MINIRISC-elf/lib/libc.a(libc_a-reent.o)
 .text._reclaim_reent
                0x000000008000cacc       0xd0 /opt/gcc_MINIRISC/bin/../lib/gcc/riscv32-MINIRISC-elf/12.2.0/../../../../riscv32-MINIRISC-elf/lib/libc.a(libc_a-reent.o)
                0x000000008000cacc                _reclaim_reent
 .text          0x000000008000cb9c        0x0 /opt/gcc_MINIRISC/bin/../lib/gcc/riscv32-MINIRISC-elf/12.2.0/../../../../riscv32-MINIRISC-elf/lib/libc.a(libc_a-impure.o)
 .text          0x000000008000cb9c        0x0 /opt/gcc_MINIRISC/bin/../lib/gcc/riscv32-MINIRISC-elf/12.2.0/../../../../riscv32-MINIRISC-elf/lib/libc.a(libc_a-lseekr.o)
 .text._lseek_r
                0x000000008000cb9c       0x5c /opt/gcc_MINIRISC/bin/../lib/gcc/riscv32-MINIRISC-elf/12.2.0/../../../../riscv32-MINIRISC-elf/lib/libc.a(libc_a-lseekr.o)
                0x000000008000cb9c                _lseek_r
 .text          0x000000008000cbf8        0x0 /opt/gcc_MINIRISC/bin/../lib/gcc/riscv32-MINIRISC-elf/12.2.0/../../../../riscv32-MINIRISC-elf/lib/libc.a(libc_a-readr.o)
 .text._read_r  0x000000008000cbf8       0x5c /opt/gcc_MINIRISC/bin/../lib/gcc/riscv32-MINIRISC-elf/12.2.0/../../../../riscv32-MINIRISC-elf/lib/libc.a(libc_a-readr.o)
                0x000000008000cbf8                _read_r
 .text          0x000000008000cc54        0x0 /opt/gcc_MINIRISC/bin/../lib/gcc/riscv32-MINIRISC-elf/12.2.0/../../../../riscv32-MINIRISC-elf/lib/libc.a(libc_a-sbrkr.o)
 .text._sbrk_r  0x000000008000cc54       0x50 /opt/gcc_MINIRISC/bin/../lib/gcc/riscv32-MINIRISC-elf/12.2.0/../../../../riscv32-MINIRISC-elf/lib/libc.a(libc_a-sbrkr.o)
                0x000000008000cc54                _sbrk_r
 .text          0x000000008000cca4        0x0 /opt/gcc_MINIRISC/bin/../lib/gcc/riscv32-MINIRISC-elf/12.2.0/../../../../riscv32-MINIRISC-elf/lib/libc.a(libc_a-writer.o)
 .text._write_r
                0x000000008000cca4       0x5c /opt/gcc_MINIRISC/bin/../lib/gcc/riscv32-MINIRISC-elf/12.2.0/../../../../riscv32-MINIRISC-elf/lib/libc.a(libc_a-writer.o)
                0x000000008000cca4                _write_r
 .text          0x000000008000cd00        0x0 /opt/gcc_MINIRISC/bin/../lib/gcc/riscv32-MINIRISC-elf/12.2.0/../../../../riscv32-MINIRISC-elf/lib/libc.a(libc_a-errno.o)
 .text.__errno  0x000000008000cd00        0x8 /opt/gcc_MINIRISC/bin/../lib/gcc/riscv32-MINIRISC-elf/12.2.0/../../../../riscv32-MINIRISC-elf/lib/libc.a(libc_a-errno.o)
                0x000000008000cd00                __errno
 .text          0x000000008000cd08        0x0 /opt/gcc_MINIRISC/bin/../lib/gcc/riscv32-MINIRISC-elf/12.2.0/../../../../riscv32-MINIRISC-elf/lib/libc.a(libc_a-init.o)
 .text.__libc_init_array
                0x000000008000cd08       0x8c /opt/gcc_MINIRISC/bin/../lib/gcc/riscv32-MINIRISC-elf/12.2.0/../../../../riscv32-MINIRISC-elf/lib/libc.a(libc_a-init.o)
                0x000000008000cd08                __libc_init_array
 .text          0x000000008000cd94        0x0 /opt/gcc_MINIRISC/bin/../lib/gcc/riscv32-MINIRISC-elf/12.2.0/../../../../riscv32-MINIRISC-elf/lib/libc.a(libc_a-fini.o)
 .text.__libc_fini_array
                0x000000008000cd94       0x5c /opt/gcc_MINIRISC/bin/../lib/gcc/riscv32-MINIRISC-elf/12.2.0/../../../../riscv32-MINIRISC-elf/lib/libc.a(libc_a-fini.o)
                0x000000008000cd94                __libc_fini_array
 .text          0x000000008000cdf0       0xdc /opt/gcc_MINIRISC/bin/../lib/gcc/riscv32-MINIRISC-elf/12.2.0/../../../../riscv32-MINIRISC-elf/lib/libc.a(libc_a-memset.o)
                0x000000008000cdf0                memset
 .text          0x000000008000cecc        0x0 /opt/gcc_MINIRISC/bin/../lib/gcc/riscv32-MINIRISC-elf/12.2.0/../../../../riscv32-MINIRISC-elf/lib/libc.a(libc_a-memcpy.o)
 .text.memcpy   0x000000008000cecc      0x1a4 /opt/gcc_MINIRISC/bin/../lib/gcc/riscv32-MINIRISC-elf/12.2.0/../../../../riscv32-MINIRISC-elf/lib/libc.a(libc_a-memcpy.o)
                0x000000008000cecc                memcpy
 .text          0x000000008000d070        0x0 /opt/gcc_MINIRISC/bin/../lib/gcc/riscv32-MINIRISC-elf/12.2.0/../../../../riscv32-MINIRISC-elf/lib/libc.a(libc_a-strlen.o)
 .text.strlen   0x000000008000d070       0x8c /opt/gcc_MINIRISC/bin/../lib/gcc/riscv32-MINIRISC-elf/12.2.0/../../../../riscv32-MINIRISC-elf/lib/libc.a(libc_a-strlen.o)
                0x000000008000d070                strlen
 .text          0x000000008000d0fc        0x0 /opt/gcc_MINIRISC/bin/../lib/gcc/riscv32-MINIRISC-elf/12.2.0/../../../../riscv32-MINIRISC-elf/lib/libc.a(libc_a-strcpy.o)
 .text.strcpy   0x000000008000d0fc       0xb0 /opt/gcc_MINIRISC/bin/../lib/gcc/riscv32-MINIRISC-elf/12.2.0/../../../../riscv32-MINIRISC-elf/lib/libc.a(libc_a-strcpy.o)
                0x000000008000d0fc                strcpy
 .text          0x000000008000d1ac        0x0 /opt/gcc_MINIRISC/bin/../lib/gcc/riscv32-MINIRISC-elf/12.2.0/../../../../riscv32-MINIRISC-elf/lib/libc.a(libc_a-__atexit.o)
 .text.__register_exitproc
                0x000000008000d1ac       0x9c /opt/gcc_MINIRISC/bin/../lib/gcc/riscv32-MINIRISC-elf/12.2.0/../../../../riscv32-MINIRISC-elf/lib/libc.a(libc_a-__atexit.o)
                0x000000008000d1ac                __register_exitproc
 .text          0x000000008000d248        0x0 /opt/gcc_MINIRISC/bin/../lib/gcc/riscv32-MINIRISC-elf/12.2.0/../../../../riscv32-MINIRISC-elf/lib/libc.a(libc_a-__call_atexit.o)
 .text.__call_exitprocs
                0x000000008000d248      0x120 /opt/gcc_MINIRISC/bin/../lib/gcc/riscv32-MINIRISC-elf/12.2.0/../../../../riscv32-MINIRISC-elf/lib/libc.a(libc_a-__call_atexit.o)
                0x000000008000d248                __call_exitprocs
 .text          0x000000008000d368        0x0 /opt/gcc_MINIRISC/bin/../lib/gcc/riscv32-MINIRISC-elf/12.2.0/../../../../riscv32-MINIRISC-elf/lib/libc.a(libc_a-freer.o)
 .text._malloc_trim_r
                0x000000008000d368      0x13c /opt/gcc_MINIRISC/bin/../lib/gcc/riscv32-MINIRISC-elf/12.2.0/../../../../riscv32-MINIRISC-elf/lib/libc.a(libc_a-freer.o)
                0x000000008000d368                _malloc_trim_r
 .text._free_r  0x000000008000d4a4      0x304 /opt/gcc_MINIRISC/bin/../lib/gcc/riscv32-MINIRISC-elf/12.2.0/../../../../riscv32-MINIRISC-elf/lib/libc.a(libc_a-freer.o)
                0x000000008000d4a4                _free_r
 .text          0x000000008000d7a8        0x0 /opt/gcc_MINIRISC/bin/../lib/gcc/riscv32-MINIRISC-elf/12.2.0/../../../../riscv32-MINIRISC-elf/lib/libc.a(libc_a-svfprintf.o)
 .text.get_arg  0x000000008000d7a8     0x105c /opt/gcc_MINIRISC/bin/../lib/gcc/riscv32-MINIRISC-elf/12.2.0/../../../../riscv32-MINIRISC-elf/lib/libc.a(libc_a-svfprintf.o)
 .text._svfprintf_r
                0x000000008000e804     0x445c /opt/gcc_MINIRISC/bin/../lib/gcc/riscv32-MINIRISC-elf/12.2.0/../../../../riscv32-MINIRISC-elf/lib/libc.a(libc_a-svfprintf.o)
                0x000000008000e804                _svfprintf_r
 .text          0x0000000080012c60        0x0 /opt/gcc_MINIRISC/bin/../lib/gcc/riscv32-MINIRISC-elf/12.2.0/../../../../riscv32-MINIRISC-elf/lib/libc.a(libc_a-fclose.o)
 .text._fclose_r
                0x0000000080012c60      0x108 /opt/gcc_MINIRISC/bin/../lib/gcc/riscv32-MINIRISC-elf/12.2.0/../../../../riscv32-MINIRISC-elf/lib/libc.a(libc_a-fclose.o)
                0x0000000080012c60                _fclose_r
 .text.fclose   0x0000000080012d68        0xc /opt/gcc_MINIRISC/bin/../lib/gcc/riscv32-MINIRISC-elf/12.2.0/../../../../riscv32-MINIRISC-elf/lib/libc.a(libc_a-fclose.o)
                0x0000000080012d68                fclose
 .text          0x0000000080012d74        0x0 /opt/gcc_MINIRISC/bin/../lib/gcc/riscv32-MINIRISC-elf/12.2.0/../../../../riscv32-MINIRISC-elf/lib/libc.a(libc_a-fflush.o)
 .text.__sflush_r
                0x0000000080012d74      0x24c /opt/gcc_MINIRISC/bin/../lib/gcc/riscv32-MINIRISC-elf/12.2.0/../../../../riscv32-MINIRISC-elf/lib/libc.a(libc_a-fflush.o)
                0x0000000080012d74                __sflush_r
 .text._fflush_r
                0x0000000080012fc0       0x5c /opt/gcc_MINIRISC/bin/../lib/gcc/riscv32-MINIRISC-elf/12.2.0/../../../../riscv32-MINIRISC-elf/lib/libc.a(libc_a-fflush.o)
                0x0000000080012fc0                _fflush_r
 .text.fflush   0x000000008001301c       0x88 /opt/gcc_MINIRISC/bin/../lib/gcc/riscv32-MINIRISC-elf/12.2.0/../../../../riscv32-MINIRISC-elf/lib/libc.a(libc_a-fflush.o)
                0x000000008001301c                fflush
 .text          0x00000000800130a4        0x0 /opt/gcc_MINIRISC/bin/../lib/gcc/riscv32-MINIRISC-elf/12.2.0/../../../../riscv32-MINIRISC-elf/lib/libc.a(libc_a-memchr.o)
 .text.memchr   0x00000000800130a4       0xc4 /opt/gcc_MINIRISC/bin/../lib/gcc/riscv32-MINIRISC-elf/12.2.0/../../../../riscv32-MINIRISC-elf/lib/libc.a(libc_a-memchr.o)
                0x00000000800130a4                memchr
 .text          0x0000000080013168        0x0 /opt/gcc_MINIRISC/bin/../lib/gcc/riscv32-MINIRISC-elf/12.2.0/../../../../riscv32-MINIRISC-elf/lib/libc.a(libc_a-strncpy.o)
 .text.strncpy  0x0000000080013168       0xac /opt/gcc_MINIRISC/bin/../lib/gcc/riscv32-MINIRISC-elf/12.2.0/../../../../riscv32-MINIRISC-elf/lib/libc.a(libc_a-strncpy.o)
                0x0000000080013168                strncpy
 .text          0x0000000080013214        0x0 /opt/gcc_MINIRISC/bin/../lib/gcc/riscv32-MINIRISC-elf/12.2.0/../../../../riscv32-MINIRISC-elf/lib/libc.a(libc_a-locale.o)
 .text.currentlocale
                0x0000000080013214       0xd8 /opt/gcc_MINIRISC/bin/../lib/gcc/riscv32-MINIRISC-elf/12.2.0/../../../../riscv32-MINIRISC-elf/lib/libc.a(libc_a-locale.o)
 .text.__loadlocale
                0x00000000800132ec      0x764 /opt/gcc_MINIRISC/bin/../lib/gcc/riscv32-MINIRISC-elf/12.2.0/../../../../riscv32-MINIRISC-elf/lib/libc.a(libc_a-locale.o)
                0x00000000800132ec                __loadlocale
 .text.__get_locale_env
                0x0000000080013a50       0x90 /opt/gcc_MINIRISC/bin/../lib/gcc/riscv32-MINIRISC-elf/12.2.0/../../../../riscv32-MINIRISC-elf/lib/libc.a(libc_a-locale.o)
                0x0000000080013a50                __get_locale_env
 .text._setlocale_r
                0x0000000080013ae0      0x3f0 /opt/gcc_MINIRISC/bin/../lib/gcc/riscv32-MINIRISC-elf/12.2.0/../../../../riscv32-MINIRISC-elf/lib/libc.a(libc_a-locale.o)
                0x0000000080013ae0                _setlocale_r
 .text.__locale_mb_cur_max
                0x0000000080013ed0        0xc /opt/gcc_MINIRISC/bin/../lib/gcc/riscv32-MINIRISC-elf/12.2.0/../../../../riscv32-MINIRISC-elf/lib/libc.a(libc_a-locale.o)
                0x0000000080013ed0                __locale_mb_cur_max
 .text.setlocale
                0x0000000080013edc       0x10 /opt/gcc_MINIRISC/bin/../lib/gcc/riscv32-MINIRISC-elf/12.2.0/../../../../riscv32-MINIRISC-elf/lib/libc.a(libc_a-locale.o)
                0x0000000080013edc                setlocale
 .text          0x0000000080013eec        0x0 /opt/gcc_MINIRISC/bin/../lib/gcc/riscv32-MINIRISC-elf/12.2.0/../../../../riscv32-MINIRISC-elf/lib/libc.a(libc_a-localeconv.o)
 .text.__localeconv_l
                0x0000000080013eec        0x8 /opt/gcc_MINIRISC/bin/../lib/gcc/riscv32-MINIRISC-elf/12.2.0/../../../../riscv32-MINIRISC-elf/lib/libc.a(libc_a-localeconv.o)
                0x0000000080013eec                __localeconv_l
 .text._localeconv_r
                0x0000000080013ef4        0xc /opt/gcc_MINIRISC/bin/../lib/gcc/riscv32-MINIRISC-elf/12.2.0/../../../../riscv32-MINIRISC-elf/lib/libc.a(libc_a-localeconv.o)
                0x0000000080013ef4                _localeconv_r
 .text.localeconv
                0x0000000080013f00        0xc /opt/gcc_MINIRISC/bin/../lib/gcc/riscv32-MINIRISC-elf/12.2.0/../../../../riscv32-MINIRISC-elf/lib/libc.a(libc_a-localeconv.o)
                0x0000000080013f00                localeconv
 .text          0x0000000080013f0c      0x17c /opt/gcc_MINIRISC/bin/../lib/gcc/riscv32-MINIRISC-elf/12.2.0/../../../../riscv32-MINIRISC-elf/lib/libc.a(libc_a-strcmp.o)
                0x0000000080013f0c                strcmp
 .text          0x0000000080014088        0x0 /opt/gcc_MINIRISC/bin/../lib/gcc/riscv32-MINIRISC-elf/12.2.0/../../../../riscv32-MINIRISC-elf/lib/libc.a(libm_a-frexpl.o)
 .text.frexpl   0x0000000080014088      0x190 /opt/gcc_MINIRISC/bin/../lib/gcc/riscv32-MINIRISC-elf/12.2.0/../../../../riscv32-MINIRISC-elf/lib/libc.a(libm_a-frexpl.o)
                0x0000000080014088                frexpl
 .text          0x0000000080014218        0x0 /opt/gcc_MINIRISC/bin/../lib/gcc/riscv32-MINIRISC-elf/12.2.0/../../../../riscv32-MINIRISC-elf/lib/libc.a(libc_a-getenv_r.o)
 .text._findenv_r
                0x0000000080014218      0x104 /opt/gcc_MINIRISC/bin/../lib/gcc/riscv32-MINIRISC-elf/12.2.0/../../../../riscv32-MINIRISC-elf/lib/libc.a(libc_a-getenv_r.o)
                0x0000000080014218                _findenv_r
 .text._getenv_r
                0x000000008001431c       0x1c /opt/gcc_MINIRISC/bin/../lib/gcc/riscv32-MINIRISC-elf/12.2.0/../../../../riscv32-MINIRISC-elf/lib/libc.a(libc_a-getenv_r.o)
                0x000000008001431c                _getenv_r
 .text          0x0000000080014338        0x0 /opt/gcc_MINIRISC/bin/../lib/gcc/riscv32-MINIRISC-elf/12.2.0/../../../../riscv32-MINIRISC-elf/lib/libc.a(libc_a-gdtoa-ldtoa.o)
 .text._ldtoa_r
                0x0000000080014338      0x2dc /opt/gcc_MINIRISC/bin/../lib/gcc/riscv32-MINIRISC-elf/12.2.0/../../../../riscv32-MINIRISC-elf/lib/libc.a(libc_a-gdtoa-ldtoa.o)
                0x0000000080014338                _ldtoa_r
 .text._ldcheck
                0x0000000080014614      0x100 /opt/gcc_MINIRISC/bin/../lib/gcc/riscv32-MINIRISC-elf/12.2.0/../../../../riscv32-MINIRISC-elf/lib/libc.a(libc_a-gdtoa-ldtoa.o)
                0x0000000080014614                _ldcheck
 .text          0x0000000080014714        0x0 /opt/gcc_MINIRISC/bin/../lib/gcc/riscv32-MINIRISC-elf/12.2.0/../../../../riscv32-MINIRISC-elf/lib/libc.a(libc_a-gdtoa-gdtoa.o)
 .text.__gdtoa  0x0000000080014714     0x1b50 /opt/gcc_MINIRISC/bin/../lib/gcc/riscv32-MINIRISC-elf/12.2.0/../../../../riscv32-MINIRISC-elf/lib/libc.a(libc_a-gdtoa-gdtoa.o)
                0x0000000080014714                __gdtoa
 .text          0x0000000080016264        0x0 /opt/gcc_MINIRISC/bin/../lib/gcc/riscv32-MINIRISC-elf/12.2.0/../../../../riscv32-MINIRISC-elf/lib/libc.a(libc_a-gdtoa-dmisc.o)
 .text.__rv_alloc_D2A
                0x0000000080016264       0x50 /opt/gcc_MINIRISC/bin/../lib/gcc/riscv32-MINIRISC-elf/12.2.0/../../../../riscv32-MINIRISC-elf/lib/libc.a(libc_a-gdtoa-dmisc.o)
                0x0000000080016264                __rv_alloc_D2A
 .text.__nrv_alloc_D2A
                0x00000000800162b4       0xac /opt/gcc_MINIRISC/bin/../lib/gcc/riscv32-MINIRISC-elf/12.2.0/../../../../riscv32-MINIRISC-elf/lib/libc.a(libc_a-gdtoa-dmisc.o)
                0x00000000800162b4                __nrv_alloc_D2A
 .text.__freedtoa
                0x0000000080016360       0x20 /opt/gcc_MINIRISC/bin/../lib/gcc/riscv32-MINIRISC-elf/12.2.0/../../../../riscv32-MINIRISC-elf/lib/libc.a(libc_a-gdtoa-dmisc.o)
                0x0000000080016360                __freedtoa
 .text.__quorem_D2A
                0x0000000080016380      0x1ec /opt/gcc_MINIRISC/bin/../lib/gcc/riscv32-MINIRISC-elf/12.2.0/../../../../riscv32-MINIRISC-elf/lib/libc.a(libc_a-gdtoa-dmisc.o)
                0x0000000080016380                __quorem_D2A
 .text          0x000000008001656c        0x0 /opt/gcc_MINIRISC/bin/../lib/gcc/riscv32-MINIRISC-elf/12.2.0/../../../../riscv32-MINIRISC-elf/lib/libc.a(libc_a-gdtoa-gmisc.o)
 .text.__rshift_D2A
                0x000000008001656c       0xe4 /opt/gcc_MINIRISC/bin/../lib/gcc/riscv32-MINIRISC-elf/12.2.0/../../../../riscv32-MINIRISC-elf/lib/libc.a(libc_a-gdtoa-gmisc.o)
                0x000000008001656c                __rshift_D2A
 .text.__trailz_D2A
                0x0000000080016650       0x64 /opt/gcc_MINIRISC/bin/../lib/gcc/riscv32-MINIRISC-elf/12.2.0/../../../../riscv32-MINIRISC-elf/lib/libc.a(libc_a-gdtoa-gmisc.o)
                0x0000000080016650                __trailz_D2A
 .text          0x00000000800166b4        0x0 /opt/gcc_MINIRISC/bin/../lib/gcc/riscv32-MINIRISC-elf/12.2.0/../../../../riscv32-MINIRISC-elf/lib/libc.a(libc_a-mbtowc_r.o)
 .text._mbtowc_r
                0x00000000800166b4        0xc /opt/gcc_MINIRISC/bin/../lib/gcc/riscv32-MINIRISC-elf/12.2.0/../../../../riscv32-MINIRISC-elf/lib/libc.a(libc_a-mbtowc_r.o)
                0x00000000800166b4                _mbtowc_r
 .text.__ascii_mbtowc
                0x00000000800166c0       0x68 /opt/gcc_MINIRISC/bin/../lib/gcc/riscv32-MINIRISC-elf/12.2.0/../../../../riscv32-MINIRISC-elf/lib/libc.a(libc_a-mbtowc_r.o)
                0x00000000800166c0                __ascii_mbtowc
 .text.__utf8_mbtowc
                0x0000000080016728      0x2f8 /opt/gcc_MINIRISC/bin/../lib/gcc/riscv32-MINIRISC-elf/12.2.0/../../../../riscv32-MINIRISC-elf/lib/libc.a(libc_a-mbtowc_r.o)
                0x0000000080016728                __utf8_mbtowc
 .text.__sjis_mbtowc
                0x0000000080016a20      0x170 /opt/gcc_MINIRISC/bin/../lib/gcc/riscv32-MINIRISC-elf/12.2.0/../../../../riscv32-MINIRISC-elf/lib/libc.a(libc_a-mbtowc_r.o)
                0x0000000080016a20                __sjis_mbtowc
 .text.__eucjp_mbtowc
                0x0000000080016b90      0x20c /opt/gcc_MINIRISC/bin/../lib/gcc/riscv32-MINIRISC-elf/12.2.0/../../../../riscv32-MINIRISC-elf/lib/libc.a(libc_a-mbtowc_r.o)
                0x0000000080016b90                __eucjp_mbtowc
 .text.__jis_mbtowc
                0x0000000080016d9c      0x200 /opt/gcc_MINIRISC/bin/../lib/gcc/riscv32-MINIRISC-elf/12.2.0/../../../../riscv32-MINIRISC-elf/lib/libc.a(libc_a-mbtowc_r.o)
                0x0000000080016d9c                __jis_mbtowc
 .text          0x0000000080016f9c        0x0 /opt/gcc_MINIRISC/bin/../lib/gcc/riscv32-MINIRISC-elf/12.2.0/../../../../riscv32-MINIRISC-elf/lib/libc.a(libc_a-mprec.o)
 .text._Balloc  0x0000000080016f9c       0xa8 /opt/gcc_MINIRISC/bin/../lib/gcc/riscv32-MINIRISC-elf/12.2.0/../../../../riscv32-MINIRISC-elf/lib/libc.a(libc_a-mprec.o)
                0x0000000080016f9c                _Balloc
 .text._Bfree   0x0000000080017044       0x24 /opt/gcc_MINIRISC/bin/../lib/gcc/riscv32-MINIRISC-elf/12.2.0/../../../../riscv32-MINIRISC-elf/lib/libc.a(libc_a-mprec.o)
                0x0000000080017044                _Bfree
 .text.__multadd
                0x0000000080017068      0x14c /opt/gcc_MINIRISC/bin/../lib/gcc/riscv32-MINIRISC-elf/12.2.0/../../../../riscv32-MINIRISC-elf/lib/libc.a(libc_a-mprec.o)
                0x0000000080017068                __multadd
 .text.__s2b    0x00000000800171b4      0x134 /opt/gcc_MINIRISC/bin/../lib/gcc/riscv32-MINIRISC-elf/12.2.0/../../../../riscv32-MINIRISC-elf/lib/libc.a(libc_a-mprec.o)
                0x00000000800171b4                __s2b
 .text.__hi0bits
                0x00000000800172e8       0x78 /opt/gcc_MINIRISC/bin/../lib/gcc/riscv32-MINIRISC-elf/12.2.0/../../../../riscv32-MINIRISC-elf/lib/libc.a(libc_a-mprec.o)
                0x00000000800172e8                __hi0bits
 .text.__lo0bits
                0x0000000080017360       0xe0 /opt/gcc_MINIRISC/bin/../lib/gcc/riscv32-MINIRISC-elf/12.2.0/../../../../riscv32-MINIRISC-elf/lib/libc.a(libc_a-mprec.o)
                0x0000000080017360                __lo0bits
 .text.__i2b    0x0000000080017440       0xb0 /opt/gcc_MINIRISC/bin/../lib/gcc/riscv32-MINIRISC-elf/12.2.0/../../../../riscv32-MINIRISC-elf/lib/libc.a(libc_a-mprec.o)
                0x0000000080017440                __i2b
 .text.__multiply
                0x00000000800174f0      0x234 /opt/gcc_MINIRISC/bin/../lib/gcc/riscv32-MINIRISC-elf/12.2.0/../../../../riscv32-MINIRISC-elf/lib/libc.a(libc_a-mprec.o)
                0x00000000800174f0                __multiply
 .text.__pow5mult
                0x0000000080017724      0x150 /opt/gcc_MINIRISC/bin/../lib/gcc/riscv32-MINIRISC-elf/12.2.0/../../../../riscv32-MINIRISC-elf/lib/libc.a(libc_a-mprec.o)
                0x0000000080017724                __pow5mult
 .text.__lshift
                0x0000000080017874      0x190 /opt/gcc_MINIRISC/bin/../lib/gcc/riscv32-MINIRISC-elf/12.2.0/../../../../riscv32-MINIRISC-elf/lib/libc.a(libc_a-mprec.o)
                0x0000000080017874                __lshift
 .text.__mcmp   0x0000000080017a04       0x58 /opt/gcc_MINIRISC/bin/../lib/gcc/riscv32-MINIRISC-elf/12.2.0/../../../../riscv32-MINIRISC-elf/lib/libc.a(libc_a-mprec.o)
                0x0000000080017a04                __mcmp
 .text.__mdiff  0x0000000080017a5c      0x250 /opt/gcc_MINIRISC/bin/../lib/gcc/riscv32-MINIRISC-elf/12.2.0/../../../../riscv32-MINIRISC-elf/lib/libc.a(libc_a-mprec.o)
                0x0000000080017a5c                __mdiff
 .text.__ulp    0x0000000080017cac       0x68 /opt/gcc_MINIRISC/bin/../lib/gcc/riscv32-MINIRISC-elf/12.2.0/../../../../riscv32-MINIRISC-elf/lib/libc.a(libc_a-mprec.o)
                0x0000000080017cac                __ulp
 .text.__b2d    0x0000000080017d14      0x11c /opt/gcc_MINIRISC/bin/../lib/gcc/riscv32-MINIRISC-elf/12.2.0/../../../../riscv32-MINIRISC-elf/lib/libc.a(libc_a-mprec.o)
                0x0000000080017d14                __b2d
 .text.__d2b    0x0000000080017e30      0x158 /opt/gcc_MINIRISC/bin/../lib/gcc/riscv32-MINIRISC-elf/12.2.0/../../../../riscv32-MINIRISC-elf/lib/libc.a(libc_a-mprec.o)
                0x0000000080017e30                __d2b
 .text.__ratio  0x0000000080017f88       0xa8 /opt/gcc_MINIRISC/bin/../lib/gcc/riscv32-MINIRISC-elf/12.2.0/../../../../riscv32-MINIRISC-elf/lib/libc.a(libc_a-mprec.o)
                0x0000000080017f88                __ratio
 .text._mprec_log10
                0x0000000080018030       0xac /opt/gcc_MINIRISC/bin/../lib/gcc/riscv32-MINIRISC-elf/12.2.0/../../../../riscv32-MINIRISC-elf/lib/libc.a(libc_a-mprec.o)
                0x0000000080018030                _mprec_log10
 .text.__copybits
                0x00000000800180dc       0x68 /opt/gcc_MINIRISC/bin/../lib/gcc/riscv32-MINIRISC-elf/12.2.0/../../../../riscv32-MINIRISC-elf/lib/libc.a(libc_a-mprec.o)
                0x00000000800180dc                __copybits
 .text.__any_on
                0x0000000080018144       0x64 /opt/gcc_MINIRISC/bin/../lib/gcc/riscv32-MINIRISC-elf/12.2.0/../../../../riscv32-MINIRISC-elf/lib/libc.a(libc_a-mprec.o)
                0x0000000080018144                __any_on
 .text          0x00000000800181a8        0x0 /opt/gcc_MINIRISC/bin/../lib/gcc/riscv32-MINIRISC-elf/12.2.0/../../../../riscv32-MINIRISC-elf/lib/libc.a(libc_a-strtol.o)
 .text._strtol_l.constprop.0
                0x00000000800181a8      0x1f0 /opt/gcc_MINIRISC/bin/../lib/gcc/riscv32-MINIRISC-elf/12.2.0/../../../../riscv32-MINIRISC-elf/lib/libc.a(libc_a-strtol.o)
 .text._strtol_r
                0x0000000080018398        0x4 /opt/gcc_MINIRISC/bin/../lib/gcc/riscv32-MINIRISC-elf/12.2.0/../../../../riscv32-MINIRISC-elf/lib/libc.a(libc_a-strtol.o)
                0x0000000080018398                _strtol_r
 .text.strtol_l
                0x000000008001839c       0x14 /opt/gcc_MINIRISC/bin/../lib/gcc/riscv32-MINIRISC-elf/12.2.0/../../../../riscv32-MINIRISC-elf/lib/libc.a(libc_a-strtol.o)
                0x000000008001839c                strtol_l
 .text.strtol   0x00000000800183b0       0x14 /opt/gcc_MINIRISC/bin/../lib/gcc/riscv32-MINIRISC-elf/12.2.0/../../../../riscv32-MINIRISC-elf/lib/libc.a(libc_a-strtol.o)
                0x00000000800183b0                strtol
 .text          0x00000000800183c4        0x0 /opt/gcc_MINIRISC/bin/../lib/gcc/riscv32-MINIRISC-elf/12.2.0/../../../../riscv32-MINIRISC-elf/lib/libc.a(libc_a-wctomb_r.o)
 .text._wctomb_r
                0x00000000800183c4        0xc /opt/gcc_MINIRISC/bin/../lib/gcc/riscv32-MINIRISC-elf/12.2.0/../../../../riscv32-MINIRISC-elf/lib/libc.a(libc_a-wctomb_r.o)
                0x00000000800183c4                _wctomb_r
 .text.__ascii_wctomb
                0x00000000800183d0       0x30 /opt/gcc_MINIRISC/bin/../lib/gcc/riscv32-MINIRISC-elf/12.2.0/../../../../riscv32-MINIRISC-elf/lib/libc.a(libc_a-wctomb_r.o)
                0x00000000800183d0                __ascii_wctomb
 .text.__utf8_wctomb
                0x0000000080018400       0xec /opt/gcc_MINIRISC/bin/../lib/gcc/riscv32-MINIRISC-elf/12.2.0/../../../../riscv32-MINIRISC-elf/lib/libc.a(libc_a-wctomb_r.o)
                0x0000000080018400                __utf8_wctomb
 .text.__sjis_wctomb
                0x00000000800184ec       0x84 /opt/gcc_MINIRISC/bin/../lib/gcc/riscv32-MINIRISC-elf/12.2.0/../../../../riscv32-MINIRISC-elf/lib/libc.a(libc_a-wctomb_r.o)
                0x00000000800184ec                __sjis_wctomb
 .text.__eucjp_wctomb
                0x0000000080018570       0xac /opt/gcc_MINIRISC/bin/../lib/gcc/riscv32-MINIRISC-elf/12.2.0/../../../../riscv32-MINIRISC-elf/lib/libc.a(libc_a-wctomb_r.o)
                0x0000000080018570                __eucjp_wctomb
 .text.__jis_wctomb
                0x000000008001861c       0xc0 /opt/gcc_MINIRISC/bin/../lib/gcc/riscv32-MINIRISC-elf/12.2.0/../../../../riscv32-MINIRISC-elf/lib/libc.a(libc_a-wctomb_r.o)
                0x000000008001861c                __jis_wctomb
 .text          0x00000000800186dc        0x0 /opt/gcc_MINIRISC/bin/../lib/gcc/riscv32-MINIRISC-elf/12.2.0/../../../../riscv32-MINIRISC-elf/lib/libc.a(libc_a-wcrtomb.o)
 .text._wcrtomb_r
                0x00000000800186dc       0x8c /opt/gcc_MINIRISC/bin/../lib/gcc/riscv32-MINIRISC-elf/12.2.0/../../../../riscv32-MINIRISC-elf/lib/libc.a(libc_a-wcrtomb.o)
                0x00000000800186dc                _wcrtomb_r
 .text.wcrtomb  0x0000000080018768       0xa4 /opt/gcc_MINIRISC/bin/../lib/gcc/riscv32-MINIRISC-elf/12.2.0/../../../../riscv32-MINIRISC-elf/lib/libc.a(libc_a-wcrtomb.o)
                0x0000000080018768                wcrtomb
 .text          0x000000008001880c        0x0 /opt/gcc_MINIRISC/bin/../lib/gcc/riscv32-MINIRISC-elf/12.2.0/../../../../riscv32-MINIRISC-elf/lib/libc.a(libc_a-wcsrtombs.o)
 .text._wcsrtombs_r
                0x000000008001880c       0x10 /opt/gcc_MINIRISC/bin/../lib/gcc/riscv32-MINIRISC-elf/12.2.0/../../../../riscv32-MINIRISC-elf/lib/libc.a(libc_a-wcsrtombs.o)
                0x000000008001880c                _wcsrtombs_r
 .text.wcsrtombs
                0x000000008001881c       0x1c /opt/gcc_MINIRISC/bin/../lib/gcc/riscv32-MINIRISC-elf/12.2.0/../../../../riscv32-MINIRISC-elf/lib/libc.a(libc_a-wcsrtombs.o)
                0x000000008001881c                wcsrtombs
 .text          0x0000000080018838        0x0 /opt/gcc_MINIRISC/bin/../lib/gcc/riscv32-MINIRISC-elf/12.2.0/../../../../riscv32-MINIRISC-elf/lib/libc.a(libc_a-ctype_.o)
 .text.__set_ctype
                0x0000000080018838       0x10 /opt/gcc_MINIRISC/bin/../lib/gcc/riscv32-MINIRISC-elf/12.2.0/../../../../riscv32-MINIRISC-elf/lib/libc.a(libc_a-ctype_.o)
                0x0000000080018838                __set_ctype
 .text          0x0000000080018848        0x0 /opt/gcc_MINIRISC/bin/../lib/gcc/riscv32-MINIRISC-elf/12.2.0/../../../../riscv32-MINIRISC-elf/lib/libc.a(libc_a-svfiprintf.o)
 .text.get_arg  0x0000000080018848     0x1050 /opt/gcc_MINIRISC/bin/../lib/gcc/riscv32-MINIRISC-elf/12.2.0/../../../../riscv32-MINIRISC-elf/lib/libc.a(libc_a-svfiprintf.o)
 .text.__ssprint_r
                0x0000000080019898      0x1c8 /opt/gcc_MINIRISC/bin/../lib/gcc/riscv32-MINIRISC-elf/12.2.0/../../../../riscv32-MINIRISC-elf/lib/libc.a(libc_a-svfiprintf.o)
                0x0000000080019898                __ssprint_r
 .text._svfiprintf_r
                0x0000000080019a60     0x295c /opt/gcc_MINIRISC/bin/../lib/gcc/riscv32-MINIRISC-elf/12.2.0/../../../../riscv32-MINIRISC-elf/lib/libc.a(libc_a-svfiprintf.o)
                0x0000000080019a60                _svfiprintf_r
 .text          0x000000008001c3bc        0x0 /opt/gcc_MINIRISC/bin/../lib/gcc/riscv32-MINIRISC-elf/12.2.0/../../../../riscv32-MINIRISC-elf/lib/libc.a(libc_a-strcasecmp.o)
 .text.strcasecmp
                0x000000008001c3bc       0x6c /opt/gcc_MINIRISC/bin/../lib/gcc/riscv32-MINIRISC-elf/12.2.0/../../../../riscv32-MINIRISC-elf/lib/libc.a(libc_a-strcasecmp.o)
                0x000000008001c3bc                strcasecmp
 .text          0x000000008001c428        0x0 /opt/gcc_MINIRISC/bin/../lib/gcc/riscv32-MINIRISC-elf/12.2.0/../../../../riscv32-MINIRISC-elf/lib/libc.a(libc_a-strcat.o)
 .text.strcat   0x000000008001c428       0x88 /opt/gcc_MINIRISC/bin/../lib/gcc/riscv32-MINIRISC-elf/12.2.0/../../../../riscv32-MINIRISC-elf/lib/libc.a(libc_a-strcat.o)
                0x000000008001c428                strcat
 .text          0x000000008001c4b0        0x0 /opt/gcc_MINIRISC/bin/../lib/gcc/riscv32-MINIRISC-elf/12.2.0/../../../../riscv32-MINIRISC-elf/lib/libc.a(libc_a-strchr.o)
 .text.strchr   0x000000008001c4b0      0x140 /opt/gcc_MINIRISC/bin/../lib/gcc/riscv32-MINIRISC-elf/12.2.0/../../../../riscv32-MINIRISC-elf/lib/libc.a(libc_a-strchr.o)
                0x000000008001c4b0                strchr
 .text          0x000000008001c5f0        0x0 /opt/gcc_MINIRISC/bin/../lib/gcc/riscv32-MINIRISC-elf/12.2.0/../../../../riscv32-MINIRISC-elf/lib/libc.a(libc_a-strlcpy.o)
 .text.strlcpy  0x000000008001c5f0       0x44 /opt/gcc_MINIRISC/bin/../lib/gcc/riscv32-MINIRISC-elf/12.2.0/../../../../riscv32-MINIRISC-elf/lib/libc.a(libc_a-strlcpy.o)
                0x000000008001c5f0                strlcpy
 .text          0x000000008001c634        0x0 /opt/gcc_MINIRISC/bin/../lib/gcc/riscv32-MINIRISC-elf/12.2.0/../../../../riscv32-MINIRISC-elf/lib/libc.a(libc_a-strncasecmp.o)
 .text.strncasecmp
                0x000000008001c634       0x7c /opt/gcc_MINIRISC/bin/../lib/gcc/riscv32-MINIRISC-elf/12.2.0/../../../../riscv32-MINIRISC-elf/lib/libc.a(libc_a-strncasecmp.o)
                0x000000008001c634                strncasecmp
 .text          0x000000008001c6b0        0x0 /opt/gcc_MINIRISC/bin/../lib/gcc/riscv32-MINIRISC-elf/12.2.0/../../../../riscv32-MINIRISC-elf/lib/libc.a(libc_a-strncmp.o)
 .text.strncmp  0x000000008001c6b0       0xb8 /opt/gcc_MINIRISC/bin/../lib/gcc/riscv32-MINIRISC-elf/12.2.0/../../../../riscv32-MINIRISC-elf/lib/libc.a(libc_a-strncmp.o)
                0x000000008001c6b0                strncmp
 .text          0x000000008001c768        0x0 /opt/gcc_MINIRISC/bin/../lib/gcc/riscv32-MINIRISC-elf/12.2.0/../../../../riscv32-MINIRISC-elf/lib/libc.a(libc_a-memmove-stub.o)
 .text.memmove  0x000000008001c768      0x11c /opt/gcc_MINIRISC/bin/../lib/gcc/riscv32-MINIRISC-elf/12.2.0/../../../../riscv32-MINIRISC-elf/lib/libc.a(libc_a-memmove-stub.o)
                0x000000008001c768                memmove
 .text          0x000000008001c884        0x0 /opt/gcc_MINIRISC/bin/../lib/gcc/riscv32-MINIRISC-elf/12.2.0/../../../../riscv32-MINIRISC-elf/lib/libc.a(libc_a-assert.o)
 .text.__assert_func
                0x000000008001c884       0x54 /opt/gcc_MINIRISC/bin/../lib/gcc/riscv32-MINIRISC-elf/12.2.0/../../../../riscv32-MINIRISC-elf/lib/libc.a(libc_a-assert.o)
                0x000000008001c884                __assert_func
 .text.__assert
                0x000000008001c8d8       0x14 /opt/gcc_MINIRISC/bin/../lib/gcc/riscv32-MINIRISC-elf/12.2.0/../../../../riscv32-MINIRISC-elf/lib/libc.a(libc_a-assert.o)
                0x000000008001c8d8                __assert
 .text          0x000000008001c8ec        0x0 /opt/gcc_MINIRISC/bin/../lib/gcc/riscv32-MINIRISC-elf/12.2.0/../../../../riscv32-MINIRISC-elf/lib/libc.a(libc_a-callocr.o)
 .text._calloc_r
                0x000000008001c8ec       0xe8 /opt/gcc_MINIRISC/bin/../lib/gcc/riscv32-MINIRISC-elf/12.2.0/../../../../riscv32-MINIRISC-elf/lib/libc.a(libc_a-callocr.o)
                0x000000008001c8ec                _calloc_r
 .text          0x000000008001c9d4        0x0 /opt/gcc_MINIRISC/bin/../lib/gcc/riscv32-MINIRISC-elf/12.2.0/../../../../riscv32-MINIRISC-elf/lib/libc.a(libc_a-environ.o)
 .text          0x000000008001c9d4        0x0 /opt/gcc_MINIRISC/bin/../lib/gcc/riscv32-MINIRISC-elf/12.2.0/../../../../riscv32-MINIRISC-elf/lib/libc.a(libc_a-envlock.o)
 .text.__env_lock
                0x000000008001c9d4        0x4 /opt/gcc_MINIRISC/bin/../lib/gcc/riscv32-MINIRISC-elf/12.2.0/../../../../riscv32-MINIRISC-elf/lib/libc.a(libc_a-envlock.o)
                0x000000008001c9d4                __env_lock
 .text.__env_unlock
                0x000000008001c9d8        0x4 /opt/gcc_MINIRISC/bin/../lib/gcc/riscv32-MINIRISC-elf/12.2.0/../../../../riscv32-MINIRISC-elf/lib/libc.a(libc_a-envlock.o)
                0x000000008001c9d8                __env_unlock
 .text          0x000000008001c9dc        0x0 /opt/gcc_MINIRISC/bin/../lib/gcc/riscv32-MINIRISC-elf/12.2.0/../../../../riscv32-MINIRISC-elf/lib/libc.a(libc_a-reallocr.o)
 .text._realloc_r
                0x000000008001c9dc      0x558 /opt/gcc_MINIRISC/bin/../lib/gcc/riscv32-MINIRISC-elf/12.2.0/../../../../riscv32-MINIRISC-elf/lib/libc.a(libc_a-reallocr.o)
                0x000000008001c9dc                _realloc_r
 .text          0x000000008001cf34        0x0 /opt/gcc_MINIRISC/bin/../lib/gcc/riscv32-MINIRISC-elf/12.2.0/../../../../riscv32-MINIRISC-elf/lib/libc.a(libc_a-wcsnrtombs.o)
 .text._wcsnrtombs_l
                0x000000008001cf34      0x1b0 /opt/gcc_MINIRISC/bin/../lib/gcc/riscv32-MINIRISC-elf/12.2.0/../../../../riscv32-MINIRISC-elf/lib/libc.a(libc_a-wcsnrtombs.o)
                0x000000008001cf34                _wcsnrtombs_l
 .text._wcsnrtombs_r
                0x000000008001d0e4       0x10 /opt/gcc_MINIRISC/bin/../lib/gcc/riscv32-MINIRISC-elf/12.2.0/../../../../riscv32-MINIRISC-elf/lib/libc.a(libc_a-wcsnrtombs.o)
                0x000000008001d0e4                _wcsnrtombs_r
 .text.wcsnrtombs
                0x000000008001d0f4       0x24 /opt/gcc_MINIRISC/bin/../lib/gcc/riscv32-MINIRISC-elf/12.2.0/../../../../riscv32-MINIRISC-elf/lib/libc.a(libc_a-wcsnrtombs.o)
                0x000000008001d0f4                wcsnrtombs
 .text          0x000000008001d118        0x0 /opt/gcc_MINIRISC/bin/../lib/gcc/riscv32-MINIRISC-elf/12.2.0/../../../../riscv32-MINIRISC-elf/lib/libc.a(libc_a-fiprintf.o)
 .text._fiprintf_r
                0x000000008001d118       0x38 /opt/gcc_MINIRISC/bin/../lib/gcc/riscv32-MINIRISC-elf/12.2.0/../../../../riscv32-MINIRISC-elf/lib/libc.a(libc_a-fiprintf.o)
                0x000000008001d118                _fiprintf_r
 .text.fiprintf
                0x000000008001d150       0x48 /opt/gcc_MINIRISC/bin/../lib/gcc/riscv32-MINIRISC-elf/12.2.0/../../../../riscv32-MINIRISC-elf/lib/libc.a(libc_a-fiprintf.o)
                0x000000008001d150                fiprintf
 .text          0x000000008001d198        0x0 /opt/gcc_MINIRISC/bin/../lib/gcc/riscv32-MINIRISC-elf/12.2.0/../../../../riscv32-MINIRISC-elf/lib/libc.a(libc_a-vfiprintf.o)
 .text.get_arg  0x000000008001d198     0x105c /opt/gcc_MINIRISC/bin/../lib/gcc/riscv32-MINIRISC-elf/12.2.0/../../../../riscv32-MINIRISC-elf/lib/libc.a(libc_a-vfiprintf.o)
 .text.__sprint_r.part.0
                0x000000008001e1f4       0xf4 /opt/gcc_MINIRISC/bin/../lib/gcc/riscv32-MINIRISC-elf/12.2.0/../../../../riscv32-MINIRISC-elf/lib/libc.a(libc_a-vfiprintf.o)
 .text.__sprint_r
                0x000000008001e2e8       0x18 /opt/gcc_MINIRISC/bin/../lib/gcc/riscv32-MINIRISC-elf/12.2.0/../../../../riscv32-MINIRISC-elf/lib/libc.a(libc_a-vfiprintf.o)
                0x000000008001e2e8                __sprint_r
 .text._vfiprintf_r
                0x000000008001e300     0x2bb0 /opt/gcc_MINIRISC/bin/../lib/gcc/riscv32-MINIRISC-elf/12.2.0/../../../../riscv32-MINIRISC-elf/lib/libc.a(libc_a-vfiprintf.o)
                0x000000008001e300                _vfiprintf_r
 .text.vfiprintf
                0x0000000080020eb0       0x14 /opt/gcc_MINIRISC/bin/../lib/gcc/riscv32-MINIRISC-elf/12.2.0/../../../../riscv32-MINIRISC-elf/lib/libc.a(libc_a-vfiprintf.o)
                0x0000000080020eb0                vfiprintf
 .text.__sbprintf
                0x0000000080020ec4       0xcc /opt/gcc_MINIRISC/bin/../lib/gcc/riscv32-MINIRISC-elf/12.2.0/../../../../riscv32-MINIRISC-elf/lib/libc.a(libc_a-vfiprintf.o)
 .text          0x0000000080020f90        0x0 /opt/gcc_MINIRISC/bin/../lib/gcc/riscv32-MINIRISC-elf/12.2.0/../../../../riscv32-MINIRISC-elf/lib/libc.a(libc_a-fvwrite.o)
 .text.__sfvwrite_r
                0x0000000080020f90      0x49c /opt/gcc_MINIRISC/bin/../lib/gcc/riscv32-MINIRISC-elf/12.2.0/../../../../riscv32-MINIRISC-elf/lib/libc.a(libc_a-fvwrite.o)
                0x0000000080020f90                __sfvwrite_r
 .text          0x000000008002142c        0x0 /opt/gcc_MINIRISC/bin/../lib/gcc/riscv32-MINIRISC-elf/12.2.0/../../../../riscv32-MINIRISC-elf/lib/libc.a(libc_a-wsetup.o)
 .text.__swsetup_r
                0x000000008002142c      0x138 /opt/gcc_MINIRISC/bin/../lib/gcc/riscv32-MINIRISC-elf/12.2.0/../../../../riscv32-MINIRISC-elf/lib/libc.a(libc_a-wsetup.o)
                0x000000008002142c                __swsetup_r
 .text          0x0000000080021564        0x0 /opt/gcc_MINIRISC/bin/../lib/gcc/riscv32-MINIRISC-elf/12.2.0/../../../../riscv32-MINIRISC-elf/lib/libc.a(libc_a-fputwc.o)
 .text.__fputwc
                0x0000000080021564      0x12c /opt/gcc_MINIRISC/bin/../lib/gcc/riscv32-MINIRISC-elf/12.2.0/../../../../riscv32-MINIRISC-elf/lib/libc.a(libc_a-fputwc.o)
                0x0000000080021564                __fputwc
 .text._fputwc_r
                0x0000000080021690       0x2c /opt/gcc_MINIRISC/bin/../lib/gcc/riscv32-MINIRISC-elf/12.2.0/../../../../riscv32-MINIRISC-elf/lib/libc.a(libc_a-fputwc.o)
                0x0000000080021690                _fputwc_r
 .text.fputwc   0x00000000800216bc       0x7c /opt/gcc_MINIRISC/bin/../lib/gcc/riscv32-MINIRISC-elf/12.2.0/../../../../riscv32-MINIRISC-elf/lib/libc.a(libc_a-fputwc.o)
                0x00000000800216bc                fputwc
 .text          0x0000000080021738        0x0 /opt/gcc_MINIRISC/bin/../lib/gcc/riscv32-MINIRISC-elf/12.2.0/../../../../riscv32-MINIRISC-elf/lib/libc.a(libc_a-abort.o)
 .text.abort    0x0000000080021738       0x18 /opt/gcc_MINIRISC/bin/../lib/gcc/riscv32-MINIRISC-elf/12.2.0/../../../../riscv32-MINIRISC-elf/lib/libc.a(libc_a-abort.o)
                0x0000000080021738                abort
 .text          0x0000000080021750        0x0 /opt/gcc_MINIRISC/bin/../lib/gcc/riscv32-MINIRISC-elf/12.2.0/../../../../riscv32-MINIRISC-elf/lib/libc.a(libc_a-makebuf.o)
 .text.__smakebuf_r
                0x0000000080021750      0x184 /opt/gcc_MINIRISC/bin/../lib/gcc/riscv32-MINIRISC-elf/12.2.0/../../../../riscv32-MINIRISC-elf/lib/libc.a(libc_a-makebuf.o)
                0x0000000080021750                __smakebuf_r
 .text.__swhatbuf_r
                0x00000000800218d4       0xd8 /opt/gcc_MINIRISC/bin/../lib/gcc/riscv32-MINIRISC-elf/12.2.0/../../../../riscv32-MINIRISC-elf/lib/libc.a(libc_a-makebuf.o)
                0x00000000800218d4                __swhatbuf_r
 .text          0x00000000800219ac        0x0 /opt/gcc_MINIRISC/bin/../lib/gcc/riscv32-MINIRISC-elf/12.2.0/../../../../riscv32-MINIRISC-elf/lib/libc.a(libc_a-wbuf.o)
 .text.__swbuf_r
                0x00000000800219ac      0x174 /opt/gcc_MINIRISC/bin/../lib/gcc/riscv32-MINIRISC-elf/12.2.0/../../../../riscv32-MINIRISC-elf/lib/libc.a(libc_a-wbuf.o)
                0x00000000800219ac                __swbuf_r
 .text.__swbuf  0x0000000080021b20       0x10 /opt/gcc_MINIRISC/bin/../lib/gcc/riscv32-MINIRISC-elf/12.2.0/../../../../riscv32-MINIRISC-elf/lib/libc.a(libc_a-wbuf.o)
                0x0000000080021b20                __swbuf
 .text          0x0000000080021b30        0x0 /opt/gcc_MINIRISC/bin/../lib/gcc/riscv32-MINIRISC-elf/12.2.0/../../../../riscv32-MINIRISC-elf/lib/libc.a(libc_a-signal.o)
 .text._init_signal_r
                0x0000000080021b30       0x5c /opt/gcc_MINIRISC/bin/../lib/gcc/riscv32-MINIRISC-elf/12.2.0/../../../../riscv32-MINIRISC-elf/lib/libc.a(libc_a-signal.o)
                0x0000000080021b30                _init_signal_r
 .text._signal_r
                0x0000000080021b8c       0x90 /opt/gcc_MINIRISC/bin/../lib/gcc/riscv32-MINIRISC-elf/12.2.0/../../../../riscv32-MINIRISC-elf/lib/libc.a(libc_a-signal.o)
                0x0000000080021b8c                _signal_r
 .text._raise_r
                0x0000000080021c1c       0xc4 /opt/gcc_MINIRISC/bin/../lib/gcc/riscv32-MINIRISC-elf/12.2.0/../../../../riscv32-MINIRISC-elf/lib/libc.a(libc_a-signal.o)
                0x0000000080021c1c                _raise_r
 .text.__sigtramp_r
                0x0000000080021ce0       0xe0 /opt/gcc_MINIRISC/bin/../lib/gcc/riscv32-MINIRISC-elf/12.2.0/../../../../riscv32-MINIRISC-elf/lib/libc.a(libc_a-signal.o)
                0x0000000080021ce0                __sigtramp_r
 .text.raise    0x0000000080021dc0       0xc0 /opt/gcc_MINIRISC/bin/../lib/gcc/riscv32-MINIRISC-elf/12.2.0/../../../../riscv32-MINIRISC-elf/lib/libc.a(libc_a-signal.o)
                0x0000000080021dc0                raise
 .text.signal   0x0000000080021e80       0x94 /opt/gcc_MINIRISC/bin/../lib/gcc/riscv32-MINIRISC-elf/12.2.0/../../../../riscv32-MINIRISC-elf/lib/libc.a(libc_a-signal.o)
                0x0000000080021e80                signal
 .text._init_signal
                0x0000000080021f14       0x5c /opt/gcc_MINIRISC/bin/../lib/gcc/riscv32-MINIRISC-elf/12.2.0/../../../../riscv32-MINIRISC-elf/lib/libc.a(libc_a-signal.o)
                0x0000000080021f14                _init_signal
 .text.__sigtramp
                0x0000000080021f70       0xdc /opt/gcc_MINIRISC/bin/../lib/gcc/riscv32-MINIRISC-elf/12.2.0/../../../../riscv32-MINIRISC-elf/lib/libc.a(libc_a-signal.o)
                0x0000000080021f70                __sigtramp
 .text          0x000000008002204c        0x0 /opt/gcc_MINIRISC/bin/../lib/gcc/riscv32-MINIRISC-elf/12.2.0/../../../../riscv32-MINIRISC-elf/lib/libc.a(libc_a-fstatr.o)
 .text._fstat_r
                0x000000008002204c       0x58 /opt/gcc_MINIRISC/bin/../lib/gcc/riscv32-MINIRISC-elf/12.2.0/../../../../riscv32-MINIRISC-elf/lib/libc.a(libc_a-fstatr.o)
                0x000000008002204c                _fstat_r
 .text          0x00000000800220a4        0x0 /opt/gcc_MINIRISC/bin/../lib/gcc/riscv32-MINIRISC-elf/12.2.0/../../../../riscv32-MINIRISC-elf/lib/libc.a(libc_a-isattyr.o)
 .text._isatty_r
                0x00000000800220a4       0x50 /opt/gcc_MINIRISC/bin/../lib/gcc/riscv32-MINIRISC-elf/12.2.0/../../../../riscv32-MINIRISC-elf/lib/libc.a(libc_a-isattyr.o)
                0x00000000800220a4                _isatty_r
 .text          0x00000000800220f4        0x0 /opt/gcc_MINIRISC/bin/../lib/gcc/riscv32-MINIRISC-elf/12.2.0/../../../../riscv32-MINIRISC-elf/lib/libc.a(libc_a-signalr.o)
 .text._kill_r  0x00000000800220f4       0x58 /opt/gcc_MINIRISC/bin/../lib/gcc/riscv32-MINIRISC-elf/12.2.0/../../../../riscv32-MINIRISC-elf/lib/libc.a(libc_a-signalr.o)
                0x00000000800220f4                _kill_r
 .text._getpid_r
                0x000000008002214c        0x4 /opt/gcc_MINIRISC/bin/../lib/gcc/riscv32-MINIRISC-elf/12.2.0/../../../../riscv32-MINIRISC-elf/lib/libc.a(libc_a-signalr.o)
                0x000000008002214c                _getpid_r
 .text          0x0000000080022150        0x0 /opt/gcc_MINIRISC/bin/../lib/gcc/riscv32-MINIRISC-elf/12.2.0/../../../../riscv32-MINIRISC-elf/lib/libgloss.a(riscv_libgloss_a-sys_getpid.o)
 .text._getpid  0x0000000080022150        0x8 /opt/gcc_MINIRISC/bin/../lib/gcc/riscv32-MINIRISC-elf/12.2.0/../../../../riscv32-MINIRISC-elf/lib/libgloss.a(riscv_libgloss_a-sys_getpid.o)
                0x0000000080022150                _getpid
 .text          0x0000000080022158        0x0 /opt/gcc_MINIRISC/bin/../lib/gcc/riscv32-MINIRISC-elf/12.2.0/../../../../riscv32-MINIRISC-elf/lib/libgloss.a(riscv_libgloss_a-sys_kill.o)
 .text._kill    0x0000000080022158       0x24 /opt/gcc_MINIRISC/bin/../lib/gcc/riscv32-MINIRISC-elf/12.2.0/../../../../riscv32-MINIRISC-elf/lib/libgloss.a(riscv_libgloss_a-sys_kill.o)
                0x0000000080022158                _kill
 .text          0x000000008002217c       0xd0 /opt/gcc_MINIRISC/bin/../lib/gcc/riscv32-MINIRISC-elf/12.2.0/libgcc.a(eqtf2.o)
                0x000000008002217c                __eqtf2
                0x000000008002217c                __netf2
 .text          0x000000008002224c      0x158 /opt/gcc_MINIRISC/bin/../lib/gcc/riscv32-MINIRISC-elf/12.2.0/libgcc.a(getf2.o)
                0x000000008002224c                __getf2
                0x000000008002224c                __gttf2
 .text          0x00000000800223a4      0x154 /opt/gcc_MINIRISC/bin/../lib/gcc/riscv32-MINIRISC-elf/12.2.0/libgcc.a(letf2.o)
                0x00000000800223a4                __letf2
                0x00000000800223a4                __lttf2
 .text          0x00000000800224f8     0x11ac /opt/gcc_MINIRISC/bin/../lib/gcc/riscv32-MINIRISC-elf/12.2.0/libgcc.a(multf3.o)
                0x00000000800224f8                __multf3
 .text          0x00000000800236a4     0x177c /opt/gcc_MINIRISC/bin/../lib/gcc/riscv32-MINIRISC-elf/12.2.0/libgcc.a(subtf3.o)
                0x00000000800236a4                __subtf3
 .text          0x0000000080024e20       0x94 /opt/gcc_MINIRISC/bin/../lib/gcc/riscv32-MINIRISC-elf/12.2.0/libgcc.a(unordtf2.o)
                0x0000000080024e20                __unordtf2
 .text          0x0000000080024eb4       0xfc /opt/gcc_MINIRISC/bin/../lib/gcc/riscv32-MINIRISC-elf/12.2.0/libgcc.a(fixtfsi.o)
                0x0000000080024eb4                __fixtfsi
 .text          0x0000000080024fb0      0x194 /opt/gcc_MINIRISC/bin/../lib/gcc/riscv32-MINIRISC-elf/12.2.0/libgcc.a(floatsitf.o)
                0x0000000080024fb0                __floatsitf
 .text          0x0000000080025144      0x260 /opt/gcc_MINIRISC/bin/../lib/gcc/riscv32-MINIRISC-elf/12.2.0/libgcc.a(extenddftf2.o)
                0x0000000080025144                __extenddftf2
 .text          0x00000000800253a4        0x0 /opt/gcc_MINIRISC/bin/../lib/gcc/riscv32-MINIRISC-elf/12.2.0/crtend.o
 *(.gnu.warning)

.fini
 *(SORT_NONE(.fini))
                [!provide]                        PROVIDE (__etext = .)
                [!provide]                        PROVIDE (_etext = .)
                [!provide]                        PROVIDE (etext = .)

.rodata         0x00000000800253b0     0x1e4c
 *(.rodata .rodata.* .gnu.linkonce.r.*)
 .rodata.str1.4
                0x00000000800253b0      0x289 build/minirisc/minirisc.o
 *fill*         0x0000000080025639        0x3 
 .rodata.str1.4
                0x000000008002563c        0xc build/xprintf/xprintf.o
                                          0xd (size before relaxing)
 .rodata        0x0000000080025648       0xd0 build/xprintf/xprintf.o
 .rodata.str1.4
                0x0000000080025718       0x30 build/FreeRTOS/tasks.o
 .rodata        0x0000000080025748       0x3c build/FreeRTOS/tasks.o
 .rodata        0x0000000080025784       0x28 build/FreeRTOS/timers.o
 .rodata.str1.4
                0x00000000800257ac       0x10 build/FreeRTOS/timers.o
 .rodata.str1.4
                0x00000000800257bc       0x53 build/FreeRTOS/portable/MemMang/heap_3_nosuspend.o
 *fill*         0x000000008002580f        0x1 
 .rodata.str1.4
                0x0000000080025810       0x14 build/FreeRTOS/portable/GCC/Mini-RISC/port.o
 .rodata.str1.4
                0x0000000080025824       0x4c build/support/freertos_support.o
 .rodata.str1.4
                0x0000000080025870       0x41 build/support/uart.o
 *fill*         0x00000000800258b1        0x3 
 .rodata.str1.4
                0x00000000800258b4        0xf build/dinoGame.o
 *fill*         0x00000000800258c3        0x1 
 .rodata        0x00000000800258c4       0x40 /opt/gcc_MINIRISC/bin/../lib/gcc/riscv32-MINIRISC-elf/12.2.0/libgcc.a(divdf3.o)
 .rodata        0x0000000080025904      0x100 /opt/gcc_MINIRISC/bin/../lib/gcc/riscv32-MINIRISC-elf/12.2.0/libgcc.a(_clz.o)
                0x0000000080025904                __clz_tab
 .rodata.get_arg
                0x0000000080025a04      0x2c4 /opt/gcc_MINIRISC/bin/../lib/gcc/riscv32-MINIRISC-elf/12.2.0/../../../../riscv32-MINIRISC-elf/lib/libc.a(libc_a-svfprintf.o)
 .rodata._svfprintf_r.str1.4
                0x0000000080025cc8       0x3e /opt/gcc_MINIRISC/bin/../lib/gcc/riscv32-MINIRISC-elf/12.2.0/../../../../riscv32-MINIRISC-elf/lib/libc.a(libc_a-svfprintf.o)
                                         0x42 (size before relaxing)
 *fill*         0x0000000080025d06        0x2 
 .rodata._svfprintf_r
                0x0000000080025d08      0x204 /opt/gcc_MINIRISC/bin/../lib/gcc/riscv32-MINIRISC-elf/12.2.0/../../../../riscv32-MINIRISC-elf/lib/libc.a(libc_a-svfprintf.o)
 .rodata.zeroes.0
                0x0000000080025f0c       0x10 /opt/gcc_MINIRISC/bin/../lib/gcc/riscv32-MINIRISC-elf/12.2.0/../../../../riscv32-MINIRISC-elf/lib/libc.a(libc_a-svfprintf.o)
 .rodata.blanks.1
                0x0000000080025f1c       0x10 /opt/gcc_MINIRISC/bin/../lib/gcc/riscv32-MINIRISC-elf/12.2.0/../../../../riscv32-MINIRISC-elf/lib/libc.a(libc_a-svfprintf.o)
 *fill*         0x0000000080025f2c        0x4 
 .rodata.cst16  0x0000000080025f30       0x30 /opt/gcc_MINIRISC/bin/../lib/gcc/riscv32-MINIRISC-elf/12.2.0/../../../../riscv32-MINIRISC-elf/lib/libc.a(libc_a-svfprintf.o)
 .rodata.currentlocale.str1.4
                0x0000000080025f60        0x2 /opt/gcc_MINIRISC/bin/../lib/gcc/riscv32-MINIRISC-elf/12.2.0/../../../../riscv32-MINIRISC-elf/lib/libc.a(libc_a-locale.o)
 *fill*         0x0000000080025f62        0x2 
 .rodata.__loadlocale.str1.4
                0x0000000080025f64       0xd6 /opt/gcc_MINIRISC/bin/../lib/gcc/riscv32-MINIRISC-elf/12.2.0/../../../../riscv32-MINIRISC-elf/lib/libc.a(libc_a-locale.o)
 *fill*         0x000000008002603a        0x2 
 .rodata.__loadlocale
                0x000000008002603c       0xd4 /opt/gcc_MINIRISC/bin/../lib/gcc/riscv32-MINIRISC-elf/12.2.0/../../../../riscv32-MINIRISC-elf/lib/libc.a(libc_a-locale.o)
 .rodata.__get_locale_env.str1.4
                0x0000000080026110        0xd /opt/gcc_MINIRISC/bin/../lib/gcc/riscv32-MINIRISC-elf/12.2.0/../../../../riscv32-MINIRISC-elf/lib/libc.a(libc_a-locale.o)
 *fill*         0x000000008002611d        0x3 
 .rodata.str1.4
                0x0000000080026120       0x48 /opt/gcc_MINIRISC/bin/../lib/gcc/riscv32-MINIRISC-elf/12.2.0/../../../../riscv32-MINIRISC-elf/lib/libc.a(libc_a-locale.o)
                                         0x4c (size before relaxing)
 .rodata.__C_locale
                0x0000000080026168      0x16c /opt/gcc_MINIRISC/bin/../lib/gcc/riscv32-MINIRISC-elf/12.2.0/../../../../riscv32-MINIRISC-elf/lib/libc.a(libc_a-locale.o)
                0x0000000080026168                __C_locale
 .rodata.categories
                0x00000000800262d4       0x1c /opt/gcc_MINIRISC/bin/../lib/gcc/riscv32-MINIRISC-elf/12.2.0/../../../../riscv32-MINIRISC-elf/lib/libc.a(libc_a-locale.o)
 .rodata.cst16  0x00000000800262f0       0x10 /opt/gcc_MINIRISC/bin/../lib/gcc/riscv32-MINIRISC-elf/12.2.0/../../../../riscv32-MINIRISC-elf/lib/libc.a(libm_a-frexpl.o)
 .rodata.cst16  0x0000000080026300       0x20 /opt/gcc_MINIRISC/bin/../lib/gcc/riscv32-MINIRISC-elf/12.2.0/../../../../riscv32-MINIRISC-elf/lib/libc.a(libc_a-gdtoa-ldtoa.o)
 .rodata        0x0000000080026320       0x14 /opt/gcc_MINIRISC/bin/../lib/gcc/riscv32-MINIRISC-elf/12.2.0/../../../../riscv32-MINIRISC-elf/lib/libc.a(libc_a-gdtoa-ldtoa.o)
 .rodata.__gdtoa.str1.4
                0x0000000080026334        0x9 /opt/gcc_MINIRISC/bin/../lib/gcc/riscv32-MINIRISC-elf/12.2.0/../../../../riscv32-MINIRISC-elf/lib/libc.a(libc_a-gdtoa-gdtoa.o)
                                         0x12 (size before relaxing)
 *fill*         0x000000008002633d        0x3 
 .rodata.__jis_mbtowc
                0x0000000080026340       0xd8 /opt/gcc_MINIRISC/bin/../lib/gcc/riscv32-MINIRISC-elf/12.2.0/../../../../riscv32-MINIRISC-elf/lib/libc.a(libc_a-mbtowc_r.o)
 .rodata.JIS_action_table
                0x0000000080026418       0x48 /opt/gcc_MINIRISC/bin/../lib/gcc/riscv32-MINIRISC-elf/12.2.0/../../../../riscv32-MINIRISC-elf/lib/libc.a(libc_a-mbtowc_r.o)
 .rodata.JIS_state_table
                0x0000000080026460       0x48 /opt/gcc_MINIRISC/bin/../lib/gcc/riscv32-MINIRISC-elf/12.2.0/../../../../riscv32-MINIRISC-elf/lib/libc.a(libc_a-mbtowc_r.o)
 .rodata.__multadd.str1.4
                0x00000000800264a8       0x74 /opt/gcc_MINIRISC/bin/../lib/gcc/riscv32-MINIRISC-elf/12.2.0/../../../../riscv32-MINIRISC-elf/lib/libc.a(libc_a-mprec.o)
 .rodata.p05.0  0x000000008002651c        0xc /opt/gcc_MINIRISC/bin/../lib/gcc/riscv32-MINIRISC-elf/12.2.0/../../../../riscv32-MINIRISC-elf/lib/libc.a(libc_a-mprec.o)
 .rodata.__mprec_tinytens
                0x0000000080026528       0x28 /opt/gcc_MINIRISC/bin/../lib/gcc/riscv32-MINIRISC-elf/12.2.0/../../../../riscv32-MINIRISC-elf/lib/libc.a(libc_a-mprec.o)
                0x0000000080026528                __mprec_tinytens
 .rodata.__mprec_bigtens
                0x0000000080026550       0x28 /opt/gcc_MINIRISC/bin/../lib/gcc/riscv32-MINIRISC-elf/12.2.0/../../../../riscv32-MINIRISC-elf/lib/libc.a(libc_a-mprec.o)
                0x0000000080026550                __mprec_bigtens
 .rodata.__mprec_tens
                0x0000000080026578       0xc8 /opt/gcc_MINIRISC/bin/../lib/gcc/riscv32-MINIRISC-elf/12.2.0/../../../../riscv32-MINIRISC-elf/lib/libc.a(libc_a-mprec.o)
                0x0000000080026578                __mprec_tens
 .rodata._ctype_
                0x0000000080026640      0x101 /opt/gcc_MINIRISC/bin/../lib/gcc/riscv32-MINIRISC-elf/12.2.0/../../../../riscv32-MINIRISC-elf/lib/libc.a(libc_a-ctype_.o)
                0x0000000080026640                _ctype_
 *fill*         0x0000000080026741        0x3 
 .rodata.get_arg
                0x0000000080026744      0x2c4 /opt/gcc_MINIRISC/bin/../lib/gcc/riscv32-MINIRISC-elf/12.2.0/../../../../riscv32-MINIRISC-elf/lib/libc.a(libc_a-svfiprintf.o)
 .rodata._svfiprintf_r.str1.4
                0x0000000080026a08       0x2f /opt/gcc_MINIRISC/bin/../lib/gcc/riscv32-MINIRISC-elf/12.2.0/../../../../riscv32-MINIRISC-elf/lib/libc.a(libc_a-svfiprintf.o)
 .rodata._svfiprintf_r
                0x0000000080026a08      0x16c /opt/gcc_MINIRISC/bin/../lib/gcc/riscv32-MINIRISC-elf/12.2.0/../../../../riscv32-MINIRISC-elf/lib/libc.a(libc_a-svfiprintf.o)
 .rodata.zeroes.0
                0x0000000080026b74       0x10 /opt/gcc_MINIRISC/bin/../lib/gcc/riscv32-MINIRISC-elf/12.2.0/../../../../riscv32-MINIRISC-elf/lib/libc.a(libc_a-svfiprintf.o)
 .rodata.blanks.1
                0x0000000080026b84       0x10 /opt/gcc_MINIRISC/bin/../lib/gcc/riscv32-MINIRISC-elf/12.2.0/../../../../riscv32-MINIRISC-elf/lib/libc.a(libc_a-svfiprintf.o)
 .rodata.__action_table
                0x0000000080026b94       0x6c /opt/gcc_MINIRISC/bin/../lib/gcc/riscv32-MINIRISC-elf/12.2.0/../../../../riscv32-MINIRISC-elf/lib/libc.a(libc_a-svfiprintf.o)
                0x0000000080026b94                __action_table
 .rodata.__state_table
                0x0000000080026c00       0x6c /opt/gcc_MINIRISC/bin/../lib/gcc/riscv32-MINIRISC-elf/12.2.0/../../../../riscv32-MINIRISC-elf/lib/libc.a(libc_a-svfiprintf.o)
                0x0000000080026c00                __state_table
 .rodata.__chclass
                0x0000000080026c6c      0x100 /opt/gcc_MINIRISC/bin/../lib/gcc/riscv32-MINIRISC-elf/12.2.0/../../../../riscv32-MINIRISC-elf/lib/libc.a(libc_a-svfiprintf.o)
                0x0000000080026c6c                __chclass
 .rodata.__assert_func.str1.4
                0x0000000080026d6c       0x3f /opt/gcc_MINIRISC/bin/../lib/gcc/riscv32-MINIRISC-elf/12.2.0/../../../../riscv32-MINIRISC-elf/lib/libc.a(libc_a-assert.o)
                                         0x43 (size before relaxing)
 *fill*         0x0000000080026dab        0x1 
 .rodata.get_arg
                0x0000000080026dac      0x2c4 /opt/gcc_MINIRISC/bin/../lib/gcc/riscv32-MINIRISC-elf/12.2.0/../../../../riscv32-MINIRISC-elf/lib/libc.a(libc_a-vfiprintf.o)
 .rodata._vfiprintf_r.str1.4
                0x0000000080027070       0x2f /opt/gcc_MINIRISC/bin/../lib/gcc/riscv32-MINIRISC-elf/12.2.0/../../../../riscv32-MINIRISC-elf/lib/libc.a(libc_a-vfiprintf.o)
 .rodata._vfiprintf_r
                0x0000000080027070      0x16c /opt/gcc_MINIRISC/bin/../lib/gcc/riscv32-MINIRISC-elf/12.2.0/../../../../riscv32-MINIRISC-elf/lib/libc.a(libc_a-vfiprintf.o)
 .rodata.zeroes.0
                0x00000000800271dc       0x10 /opt/gcc_MINIRISC/bin/../lib/gcc/riscv32-MINIRISC-elf/12.2.0/../../../../riscv32-MINIRISC-elf/lib/libc.a(libc_a-vfiprintf.o)
 .rodata.blanks.1
                0x00000000800271ec       0x10 /opt/gcc_MINIRISC/bin/../lib/gcc/riscv32-MINIRISC-elf/12.2.0/../../../../riscv32-MINIRISC-elf/lib/libc.a(libc_a-vfiprintf.o)

.rodata1
 *(.rodata1)

.sdata2
 *(.sdata2 .sdata2.* .gnu.linkonce.s2.*)

.sbss2
 *(.sbss2 .sbss2.* .gnu.linkonce.sb2.*)

.eh_frame_hdr
 *(.eh_frame_hdr)
 *(.eh_frame_entry .eh_frame_entry.*)

.eh_frame
 *(.eh_frame)
 *(.eh_frame.*)

.sframe
 *(.sframe)
 *(.sframe.*)

.gcc_except_table
 *(.gcc_except_table .gcc_except_table.*)

.gnu_extab
 *(.gnu_extab*)

.exception_ranges
 *(.exception_ranges*)
                0x00000000800281fc                . = DATA_SEGMENT_ALIGN (CONSTANT (MAXPAGESIZE), CONSTANT (COMMONPAGESIZE))

.eh_frame       0x00000000800271fc       0x40
 *(.eh_frame)
 .eh_frame      0x00000000800271fc        0x0 /opt/gcc_MINIRISC/bin/../lib/gcc/riscv32-MINIRISC-elf/12.2.0/crtbegin.o
 .eh_frame      0x00000000800271fc       0x28 /opt/gcc_MINIRISC/bin/../lib/gcc/riscv32-MINIRISC-elf/12.2.0/libgcc.a(_udivdi3.o)
 .eh_frame      0x0000000080027224       0x14 /opt/gcc_MINIRISC/bin/../lib/gcc/riscv32-MINIRISC-elf/12.2.0/libgcc.a(_umoddi3.o)
                                         0x28 (size before relaxing)
 .eh_frame      0x0000000080027238        0x4 /opt/gcc_MINIRISC/bin/../lib/gcc/riscv32-MINIRISC-elf/12.2.0/crtend.o
 *(.eh_frame.*)

.sframe
 *(.sframe)
 *(.sframe.*)

.gnu_extab
 *(.gnu_extab)

.gcc_except_table
 *(.gcc_except_table .gcc_except_table.*)

.exception_ranges
 *(.exception_ranges*)

.tdata          0x00000000800281fc        0x0
                [!provide]                        PROVIDE (__tdata_start = .)
 *(.tdata .tdata.* .gnu.linkonce.td.*)

.tbss
 *(.tbss .tbss.* .gnu.linkonce.tb.*)
 *(.tcommon)

.preinit_array  0x00000000800281fc        0x0
                0x00000000800281fc                PROVIDE (__preinit_array_start = .)
 *(.preinit_array)
                0x00000000800281fc                PROVIDE (__preinit_array_end = .)

.init_array     0x000000008002723c        0xc
                0x000000008002723c                PROVIDE (__init_array_start = .)
 *(SORT_BY_INIT_PRIORITY(.init_array.*) SORT_BY_INIT_PRIORITY(.ctors.*))
 .init_array.00000
                0x000000008002723c        0x4 /opt/gcc_MINIRISC/bin/../lib/gcc/riscv32-MINIRISC-elf/12.2.0/../../../../riscv32-MINIRISC-elf/lib/libc.a(libc_a-__call_atexit.o)
 .init_array.00101
                0x0000000080027240        0x4 build/FreeRTOS/portable/MemMang/heap_3_nosuspend.o
 *(.init_array EXCLUDE_FILE(*crtend?.o *crtend.o *crtbegin?.o *crtbegin.o) .ctors)
 .init_array    0x0000000080027244        0x4 /opt/gcc_MINIRISC/bin/../lib/gcc/riscv32-MINIRISC-elf/12.2.0/crtbegin.o
                0x0000000080027248                PROVIDE (__init_array_end = .)

.fini_array     0x0000000080027248        0x4
                0x0000000080027248                PROVIDE (__fini_array_start = .)
 *(SORT_BY_INIT_PRIORITY(.fini_array.*) SORT_BY_INIT_PRIORITY(.dtors.*))
 *(.fini_array EXCLUDE_FILE(*crtend?.o *crtend.o *crtbegin?.o *crtbegin.o) .dtors)
 .fini_array    0x0000000080027248        0x4 /opt/gcc_MINIRISC/bin/../lib/gcc/riscv32-MINIRISC-elf/12.2.0/crtbegin.o
                0x000000008002724c                PROVIDE (__fini_array_end = .)

.ctors
 *crtbegin.o(.ctors)
 *crtbegin?.o(.ctors)
 *(EXCLUDE_FILE(*crtend?.o *crtend.o) .ctors)
 *(SORT_BY_NAME(.ctors.*))
 *(.ctors)

.dtors
 *crtbegin.o(.dtors)
 *crtbegin?.o(.dtors)
 *(EXCLUDE_FILE(*crtend?.o *crtend.o) .dtors)
 *(SORT_BY_NAME(.dtors.*))
 *(.dtors)

.jcr
 *(.jcr)

.data.rel.ro
 *(.data.rel.ro.local* .gnu.linkonce.d.rel.ro.local.*)
 *(.data.rel.ro .data.rel.ro.* .gnu.linkonce.d.rel.ro.*)

.dynamic
 *(.dynamic)
                0x000000008002724c                . = DATA_SEGMENT_RELRO_END (., 0x0)

.data           0x0000000080027250      0x6c4
                0x0000000080027250                __DATA_BEGIN__ = .
 *(.data .data.* .gnu.linkonce.d.*)
 .data          0x0000000080027250        0x0 /opt/gcc_MINIRISC/bin/../lib/gcc/riscv32-MINIRISC-elf/12.2.0/../../../../riscv32-MINIRISC-elf/lib/crt0.o
 .data          0x0000000080027250        0x0 /opt/gcc_MINIRISC/bin/../lib/gcc/riscv32-MINIRISC-elf/12.2.0/crtbegin.o
 .data          0x0000000080027250        0x0 build/minirisc/minirisc.o
 .data          0x0000000080027250        0x0 build/xprintf/xprintf.o
 .data          0x0000000080027250        0x0 build/FreeRTOS/tasks.o
 .data          0x0000000080027250        0x0 build/FreeRTOS/timers.o
 .data          0x0000000080027250        0x0 build/FreeRTOS/list.o
 .data          0x0000000080027250        0x0 build/FreeRTOS/queue.o
 .data          0x0000000080027250        0x0 build/FreeRTOS/croutine.o
 .data          0x0000000080027250        0x0 build/FreeRTOS/stream_buffer.o
 .data          0x0000000080027250        0x0 build/FreeRTOS/event_groups.o
 .data          0x0000000080027250        0x0 build/FreeRTOS/portable/MemMang/heap_3_nosuspend.o
 .data          0x0000000080027250        0x0 build/FreeRTOS/portable/GCC/Mini-RISC/port.o
 .data          0x0000000080027250        0x0 build/support/syscalls.o
 .data          0x0000000080027250        0x0 build/support/freertos_support.o
 .data          0x0000000080027250        0x0 build/support/uart.o
 .data          0x0000000080027250        0x0 build/dinoGame.o
 .data          0x0000000080027250        0x0 build/minirisc/minirisc_init.o
 .data          0x0000000080027250        0x0 build/FreeRTOS/portable/GCC/Mini-RISC/portASM.o
 .data          0x0000000080027250        0x0 /opt/gcc_MINIRISC/bin/../lib/gcc/riscv32-MINIRISC-elf/12.2.0/libgcc.a(_clzsi2.o)
 .data          0x0000000080027250        0x0 /opt/gcc_MINIRISC/bin/../lib/gcc/riscv32-MINIRISC-elf/12.2.0/libgcc.a(_udivdi3.o)
 .data          0x0000000080027250        0x0 /opt/gcc_MINIRISC/bin/../lib/gcc/riscv32-MINIRISC-elf/12.2.0/libgcc.a(_umoddi3.o)
 .data          0x0000000080027250        0x0 /opt/gcc_MINIRISC/bin/../lib/gcc/riscv32-MINIRISC-elf/12.2.0/libgcc.a(adddf3.o)